#
# There is insufficient memory for the Java Runtime Environment to continue.
# Native memory allocation (malloc) failed to allocate 1106336 bytes. Error detail: Chunk::new
# Possible reasons:
#   The system is out of physical RAM or swap space
#   This process is running with CompressedOops enabled, and the Java Heap may be blocking the growth of the native heap
# Possible solutions:
#   Reduce memory load on the system
#   Increase physical memory or swap space
#   Check if swap backing store is full
#   Decrease Java heap size (-Xmx/-Xms)
#   Decrease number of Java threads
#   Decrease Java thread stack sizes (-Xss)
#   Set larger code cache with -XX:ReservedCodeCacheSize=
#   JVM is running with Unscaled Compressed Oops mode in which the Java heap is
#     placed in the first 4GB address space. The Java Heap base address is the
#     maximum limit for the native heap growth. Please use -XX:HeapBaseMinAddress
#     to set the Java Heap base and to place the Java Heap above 4GB virtual address.
# This output file may be truncated or incomplete.
#
#  Out of Memory Error (arena.cpp:168), pid=19432, tid=17880
#
# JRE version: OpenJDK Runtime Environment Temurin-21.0.8+9 (21.0.8+9) (build 21.0.8+9-LTS)
# Java VM: OpenJDK 64-Bit Server VM Temurin-21.0.8+9 (21.0.8+9-LTS, mixed mode, sharing, tiered, compressed oops, compressed class ptrs, g1 gc, windows-amd64)
# No core dump will be written. Minidumps are not enabled by default on client versions of Windows
#

---------------  S U M M A R Y ------------

Command Line: -Dclassworlds.conf=C:\Program Files\Apache\Maven\apache-maven-3.8.9\bin\m2.conf -Dmaven.home=C:\Program Files\Apache\Maven\apache-maven-3.8.9 -Dlibrary.jansi.path=C:\Program Files\Apache\Maven\apache-maven-3.8.9\lib\jansi-native -Dmaven.multiModuleProjectDirectory=C:\Users\darsh\OneDrive\Desktop\Downloads\Medisphere\Medisphere\Medisphere org.codehaus.plexus.classworlds.launcher.Launcher clean install -DskipTests

Host: Intel(R) Core(TM) i3-8130U CPU @ 2.20GHz, 4 cores, 3G,  Windows 11 , 64 bit Build 26100 (10.0.26100.6725)
Time: Mon Nov 10 21:47:37 2025 India Standard Time elapsed time: 9.169927 seconds (0d 0h 0m 9s)

---------------  T H R E A D  ---------------

Current thread (0x0000016f25855060):  JavaThread "C2 CompilerThread0" daemon [_thread_in_native, id=17880, stack(0x00000069cc000000,0x00000069cc100000) (1024K)]


Current CompileTask:
C2:9170 6982   !   4       com.google.inject.spi.InjectionPoint::getInjectionPoints (489 bytes)

Stack: [0x00000069cc000000,0x00000069cc100000]
Native frames: (J=compiled Java code, j=interpreted, Vv=VM code, C=native code)
V  [jvm.dll+0x6d2449]
V  [jvm.dll+0x8ae341]
V  [jvm.dll+0x8b08be]
V  [jvm.dll+0x8b0fa3]
V  [jvm.dll+0x280c96]
V  [jvm.dll+0xc581d]
V  [jvm.dll+0xc5d53]
V  [jvm.dll+0x2f539d]
V  [jvm.dll+0x5fa00a]
V  [jvm.dll+0x252092]
V  [jvm.dll+0x24ab3f]
V  [jvm.dll+0x2483a4]
V  [jvm.dll+0x1c89ee]
V  [jvm.dll+0x257d4d]
V  [jvm.dll+0x2562ea]
V  [jvm.dll+0x3f2d16]
V  [jvm.dll+0x857e6b]
V  [jvm.dll+0x6d0b0d]
C  [ucrtbase.dll+0x37b0]
C  [KERNEL32.DLL+0x2e8d7]
C  [ntdll.dll+0x8c53c]


---------------  P R O C E S S  ---------------

Threads class SMR info:
_java_thread_list=0x0000016f6bbeefc0, length=15, elements={
0x0000016f0a925930, 0x0000016f2583a770, 0x0000016f2583b2c0, 0x0000016f25847190,
0x0000016f25847f90, 0x0000016f258498b0, 0x0000016f2584bb90, 0x0000016f25855060,
0x0000016f2585ac90, 0x0000016f259f6780, 0x0000016f25a08bf0, 0x0000016f6cccf030,
0x0000016f6ce29710, 0x0000016f6bbf0f40, 0x0000016f6b404010
}

Java Threads: ( => current thread )
  0x0000016f0a925930 JavaThread "main"                              [_thread_in_vm, id=11416, stack(0x00000069cb200000,0x00000069cb300000) (1024K)]
  0x0000016f2583a770 JavaThread "Reference Handler"          daemon [_thread_blocked, id=4128, stack(0x00000069cba00000,0x00000069cbb00000) (1024K)]
  0x0000016f2583b2c0 JavaThread "Finalizer"                  daemon [_thread_blocked, id=1784, stack(0x00000069cbb00000,0x00000069cbc00000) (1024K)]
  0x0000016f25847190 JavaThread "Signal Dispatcher"          daemon [_thread_blocked, id=2964, stack(0x00000069cbc00000,0x00000069cbd00000) (1024K)]
  0x0000016f25847f90 JavaThread "Attach Listener"            daemon [_thread_blocked, id=11948, stack(0x00000069cbd00000,0x00000069cbe00000) (1024K)]
  0x0000016f258498b0 JavaThread "Service Thread"             daemon [_thread_blocked, id=8064, stack(0x00000069cbe00000,0x00000069cbf00000) (1024K)]
  0x0000016f2584bb90 JavaThread "Monitor Deflation Thread"   daemon [_thread_blocked, id=18420, stack(0x00000069cbf00000,0x00000069cc000000) (1024K)]
=>0x0000016f25855060 JavaThread "C2 CompilerThread0"         daemon [_thread_in_native, id=17880, stack(0x00000069cc000000,0x00000069cc100000) (1024K)]
  0x0000016f2585ac90 JavaThread "C1 CompilerThread0"         daemon [_thread_blocked, id=13320, stack(0x00000069cc100000,0x00000069cc200000) (1024K)]
  0x0000016f259f6780 JavaThread "Notification Thread"        daemon [_thread_blocked, id=15264, stack(0x00000069cc200000,0x00000069cc300000) (1024K)]
  0x0000016f25a08bf0 JavaThread "Common-Cleaner"             daemon [_thread_blocked, id=2472, stack(0x00000069cc300000,0x00000069cc400000) (1024K)]
  0x0000016f6cccf030 JavaThread "pool-2-thread-1"                   [_thread_new, id=20108, stack(0x0000000000000000,0x0000000000000000) (0B)]
  0x0000016f6ce29710 JavaThread "pool-2-thread-2"                   [_thread_new, id=15588, stack(0x0000000000000000,0x0000000000000000) (0B)]
  0x0000016f6bbf0f40 JavaThread "pool-2-thread-3"                   [_thread_new, id=5560, stack(0x0000000000000000,0x0000000000000000) (0B)]
  0x0000016f6b404010 JavaThread "pool-2-thread-4"                   [_thread_new, id=20296, stack(0x0000000000000000,0x0000000000000000) (0B)]
Total: 15

Other Threads:
  0x0000016f08591a30 VMThread "VM Thread"                           [id=16544, stack(0x00000069cb900000,0x00000069cba00000) (1024K)]
  0x0000016f2581c190 WatcherThread "VM Periodic Task Thread"        [id=3204, stack(0x00000069cb800000,0x00000069cb900000) (1024K)]
  0x0000016f085912f0 WorkerThread "GC Thread#0"                     [id=17340, stack(0x00000069cb300000,0x00000069cb400000) (1024K)]
  0x0000016f08592170 WorkerThread "GC Thread#1"                     [id=19260, stack(0x00000069cc400000,0x00000069cc500000) (1024K)]
  0x0000016f085928b0 WorkerThread "GC Thread#2"                     [id=19860, stack(0x00000069cc500000,0x00000069cc600000) (1024K)]
  0x0000016f6b60ee50 WorkerThread "GC Thread#3"                     [id=11708, stack(0x00000069cc600000,0x00000069cc700000) (1024K)]
  0x0000016f0a95eba0 ConcurrentGCThread "G1 Main Marker"            [id=19564, stack(0x00000069cb400000,0x00000069cb500000) (1024K)]
  0x0000016f08592510 WorkerThread "G1 Conc#0"                       [id=9232, stack(0x00000069cb500000,0x00000069cb600000) (1024K)]
  0x0000016f0a9c0c30 ConcurrentGCThread "G1 Refine#0"               [id=19216, stack(0x00000069cb600000,0x00000069cb700000) (1024K)]
  0x0000016f0a9c2650 ConcurrentGCThread "G1 Service"                [id=5964, stack(0x00000069cb700000,0x00000069cb800000) (1024K)]
Total: 10

Threads with active compile tasks:
C2 CompilerThread0  9218 6982   !   4       com.google.inject.spi.InjectionPoint::getInjectionPoints (489 bytes)
C1 CompilerThread0  9218 7036   !   3       java.util.jar.JarFile::getManifestFromReference (197 bytes)
Total: 2

VM state: not at safepoint (normal execution)

VM Mutex/Monitor currently owned by a thread: None

Heap address: 0x00000000c1600000, size: 1002 MB, Compressed Oops mode: 32-bit

CDS archive(s) mapped at: [0x0000016f26000000-0x0000016f26c80000-0x0000016f26c80000), size 13107200, SharedBaseAddress: 0x0000016f26000000, ArchiveRelocationMode: 1.
Compressed class space mapped at: 0x0000016f27000000-0x0000016f67000000, reserved size: 1073741824
Narrow klass base: 0x0000016f26000000, Narrow klass shift: 0, Narrow klass range: 0x100000000

GC Precious Log:
 CardTable entry size: 512
 Card Set container configuration: InlinePtr #cards 5 size 8 Array Of Cards #cards 12 size 40 Howl #buckets 4 coarsen threshold 1843 Howl Bitmap #cards 512 size 80 coarsen threshold 460 Card regions per heap region 1 cards per card region 2048
 CPUs: 4 total, 4 available
 Memory: 4001M
 Large Page Support: Disabled
 NUMA Support: Disabled
 Compressed Oops: Enabled (32-bit)
 Heap Region Size: 1M
 Heap Min Capacity: 8M
 Heap Initial Capacity: 64M
 Heap Max Capacity: 1002M
 Pre-touch: Disabled
 Parallel Workers: 4
 Concurrent Workers: 1
 Concurrent Refinement Workers: 4
 Periodic GC: Disabled

Heap:
 garbage-first heap   total 122880K, used 64992K [0x00000000c1600000, 0x0000000100000000)
  region size 1024K, 2 young (2048K), 1 survivors (1024K)
 Metaspace       used 31907K, committed 32448K, reserved 1114112K
  class space    used 3619K, committed 3840K, reserved 1048576K

Heap Regions: E=young(eden), S=young(survivor), O=old, HS=humongous(starts), HC=humongous(continues), CS=collection set, F=free, TAMS=top-at-mark-start, PB=parsable bottom
|   0|0x00000000c1600000, 0x00000000c1700000, 0x00000000c1700000|100%| O|  |TAMS 0x00000000c1700000| PB 0x00000000c1600000| Untracked 
|   1|0x00000000c1700000, 0x00000000c1800000, 0x00000000c1800000|100%| O|  |TAMS 0x00000000c1800000| PB 0x00000000c1700000| Untracked 
|   2|0x00000000c1800000, 0x00000000c1900000, 0x00000000c1900000|100%| O|  |TAMS 0x00000000c1900000| PB 0x00000000c1800000| Untracked 
|   3|0x00000000c1900000, 0x00000000c1a00000, 0x00000000c1a00000|100%| O|  |TAMS 0x00000000c1a00000| PB 0x00000000c1900000| Untracked 
|   4|0x00000000c1a00000, 0x00000000c1b00000, 0x00000000c1b00000|100%| O|  |TAMS 0x00000000c1b00000| PB 0x00000000c1a00000| Untracked 
|   5|0x00000000c1b00000, 0x00000000c1c00000, 0x00000000c1c00000|100%| O|  |TAMS 0x00000000c1c00000| PB 0x00000000c1b00000| Untracked 
|   6|0x00000000c1c00000, 0x00000000c1d00000, 0x00000000c1d00000|100%| O|  |TAMS 0x00000000c1d00000| PB 0x00000000c1c00000| Untracked 
|   7|0x00000000c1d00000, 0x00000000c1e00000, 0x00000000c1e00000|100%| O|  |TAMS 0x00000000c1e00000| PB 0x00000000c1d00000| Untracked 
|   8|0x00000000c1e00000, 0x00000000c1f00000, 0x00000000c1f00000|100%| O|  |TAMS 0x00000000c1f00000| PB 0x00000000c1e00000| Untracked 
|   9|0x00000000c1f00000, 0x00000000c2000000, 0x00000000c2000000|100%| O|  |TAMS 0x00000000c2000000| PB 0x00000000c1f00000| Untracked 
|  10|0x00000000c2000000, 0x00000000c2100000, 0x00000000c2100000|100%| O|  |TAMS 0x00000000c2100000| PB 0x00000000c2000000| Untracked 
|  11|0x00000000c2100000, 0x00000000c2200000, 0x00000000c2200000|100%| O|  |TAMS 0x00000000c2200000| PB 0x00000000c2100000| Untracked 
|  12|0x00000000c2200000, 0x00000000c2300000, 0x00000000c2300000|100%|HS|  |TAMS 0x00000000c2300000| PB 0x00000000c2200000| Complete 
|  13|0x00000000c2300000, 0x00000000c2400000, 0x00000000c2400000|100%| O|  |TAMS 0x00000000c2400000| PB 0x00000000c2300000| Untracked 
|  14|0x00000000c2400000, 0x00000000c2500000, 0x00000000c2500000|100%| O|  |TAMS 0x00000000c2500000| PB 0x00000000c2400000| Untracked 
|  15|0x00000000c2500000, 0x00000000c2600000, 0x00000000c2600000|100%|HS|  |TAMS 0x00000000c2600000| PB 0x00000000c2500000| Complete 
|  16|0x00000000c2600000, 0x00000000c2700000, 0x00000000c2700000|100%|HC|  |TAMS 0x00000000c2700000| PB 0x00000000c2600000| Complete 
|  17|0x00000000c2700000, 0x00000000c2800000, 0x00000000c2800000|100%| O|  |TAMS 0x00000000c2800000| PB 0x00000000c2700000| Untracked 
|  18|0x00000000c2800000, 0x00000000c2900000, 0x00000000c2900000|100%| O|  |TAMS 0x00000000c2900000| PB 0x00000000c2800000| Untracked 
|  19|0x00000000c2900000, 0x00000000c2a00000, 0x00000000c2a00000|100%| O|  |TAMS 0x00000000c2a00000| PB 0x00000000c2900000| Untracked 
|  20|0x00000000c2a00000, 0x00000000c2b00000, 0x00000000c2b00000|100%| O|  |TAMS 0x00000000c2b00000| PB 0x00000000c2a00000| Untracked 
|  21|0x00000000c2b00000, 0x00000000c2c00000, 0x00000000c2c00000|100%|HS|  |TAMS 0x00000000c2c00000| PB 0x00000000c2b00000| Complete 
|  22|0x00000000c2c00000, 0x00000000c2d00000, 0x00000000c2d00000|100%|HC|  |TAMS 0x00000000c2d00000| PB 0x00000000c2c00000| Complete 
|  23|0x00000000c2d00000, 0x00000000c2e00000, 0x00000000c2e00000|100%|HC|  |TAMS 0x00000000c2e00000| PB 0x00000000c2d00000| Complete 
|  24|0x00000000c2e00000, 0x00000000c2f00000, 0x00000000c2f00000|100%| O|  |TAMS 0x00000000c2f00000| PB 0x00000000c2e00000| Untracked 
|  25|0x00000000c2f00000, 0x00000000c3000000, 0x00000000c3000000|100%| O|  |TAMS 0x00000000c3000000| PB 0x00000000c2f00000| Untracked 
|  26|0x00000000c3000000, 0x00000000c3100000, 0x00000000c3100000|100%| O|  |TAMS 0x00000000c3100000| PB 0x00000000c3000000| Untracked 
|  27|0x00000000c3100000, 0x00000000c3200000, 0x00000000c3200000|100%|HS|  |TAMS 0x00000000c3200000| PB 0x00000000c3100000| Complete 
|  28|0x00000000c3200000, 0x00000000c3300000, 0x00000000c3300000|100%|HC|  |TAMS 0x00000000c3300000| PB 0x00000000c3200000| Complete 
|  29|0x00000000c3300000, 0x00000000c3400000, 0x00000000c3400000|100%| O|  |TAMS 0x00000000c3400000| PB 0x00000000c3300000| Untracked 
|  30|0x00000000c3400000, 0x00000000c3500000, 0x00000000c3500000|100%| O|  |TAMS 0x00000000c3500000| PB 0x00000000c3400000| Untracked 
|  31|0x00000000c3500000, 0x00000000c3600000, 0x00000000c3600000|100%|HS|  |TAMS 0x00000000c3600000| PB 0x00000000c3500000| Complete 
|  32|0x00000000c3600000, 0x00000000c3700000, 0x00000000c3700000|100%|HC|  |TAMS 0x00000000c3700000| PB 0x00000000c3600000| Complete 
|  33|0x00000000c3700000, 0x00000000c3800000, 0x00000000c3800000|100%|HC|  |TAMS 0x00000000c3800000| PB 0x00000000c3700000| Complete 
|  34|0x00000000c3800000, 0x00000000c3900000, 0x00000000c3900000|100%| O|  |TAMS 0x00000000c3900000| PB 0x00000000c3800000| Untracked 
|  35|0x00000000c3900000, 0x00000000c3a00000, 0x00000000c3a00000|100%| O|  |TAMS 0x00000000c3a00000| PB 0x00000000c3900000| Untracked 
|  36|0x00000000c3a00000, 0x00000000c3b00000, 0x00000000c3b00000|100%| O|  |TAMS 0x00000000c3b00000| PB 0x00000000c3a00000| Untracked 
|  37|0x00000000c3b00000, 0x00000000c3c00000, 0x00000000c3c00000|100%|HS|  |TAMS 0x00000000c3c00000| PB 0x00000000c3b00000| Complete 
|  38|0x00000000c3c00000, 0x00000000c3d00000, 0x00000000c3d00000|100%| O|  |TAMS 0x00000000c3d00000| PB 0x00000000c3c00000| Untracked 
|  39|0x00000000c3d00000, 0x00000000c3e00000, 0x00000000c3e00000|100%| O|  |TAMS 0x00000000c3e00000| PB 0x00000000c3d00000| Untracked 
|  40|0x00000000c3e00000, 0x00000000c3f00000, 0x00000000c3f00000|100%| O|  |TAMS 0x00000000c3f00000| PB 0x00000000c3e00000| Untracked 
|  41|0x00000000c3f00000, 0x00000000c4000000, 0x00000000c4000000|100%| O|  |TAMS 0x00000000c4000000| PB 0x00000000c3f00000| Untracked 
|  42|0x00000000c4000000, 0x00000000c4100000, 0x00000000c4100000|100%| O|  |TAMS 0x00000000c4100000| PB 0x00000000c4000000| Untracked 
|  43|0x00000000c4100000, 0x00000000c4200000, 0x00000000c4200000|100%| O|  |TAMS 0x00000000c4200000| PB 0x00000000c4100000| Untracked 
|  44|0x00000000c4200000, 0x00000000c4300000, 0x00000000c4300000|100%| O|  |TAMS 0x00000000c4300000| PB 0x00000000c4200000| Untracked 
|  45|0x00000000c4300000, 0x00000000c4400000, 0x00000000c4400000|100%|HS|  |TAMS 0x00000000c4400000| PB 0x00000000c4300000| Complete 
|  46|0x00000000c4400000, 0x00000000c4500000, 0x00000000c4500000|100%| O|  |TAMS 0x00000000c4500000| PB 0x00000000c4400000| Untracked 
|  47|0x00000000c4500000, 0x00000000c4600000, 0x00000000c4600000|100%| O|  |TAMS 0x00000000c4600000| PB 0x00000000c4500000| Untracked 
|  48|0x00000000c4600000, 0x00000000c4700000, 0x00000000c4700000|100%| O|  |TAMS 0x00000000c4700000| PB 0x00000000c4600000| Untracked 
|  49|0x00000000c4700000, 0x00000000c4800000, 0x00000000c4800000|100%| O|  |TAMS 0x00000000c4800000| PB 0x00000000c4700000| Untracked 
|  50|0x00000000c4800000, 0x00000000c4900000, 0x00000000c4900000|100%| O|  |TAMS 0x00000000c4873558| PB 0x00000000c4800000| Untracked 
|  51|0x00000000c4900000, 0x00000000c4a00000, 0x00000000c4a00000|100%|HS|  |TAMS 0x00000000c4a00000| PB 0x00000000c4900000| Complete 
|  52|0x00000000c4a00000, 0x00000000c4b00000, 0x00000000c4b00000|100%|HC|  |TAMS 0x00000000c4b00000| PB 0x00000000c4a00000| Complete 
|  53|0x00000000c4b00000, 0x00000000c4c00000, 0x00000000c4c00000|100%|HC|  |TAMS 0x00000000c4c00000| PB 0x00000000c4b00000| Complete 
|  54|0x00000000c4c00000, 0x00000000c4d00000, 0x00000000c4d00000|100%| O|  |TAMS 0x00000000c4c00000| PB 0x00000000c4c00000| Untracked 
|  55|0x00000000c4d00000, 0x00000000c4e00000, 0x00000000c4e00000|100%| O|  |TAMS 0x00000000c4d00000| PB 0x00000000c4d00000| Untracked 
|  56|0x00000000c4e00000, 0x00000000c4e783f0, 0x00000000c4f00000| 46%| O|  |TAMS 0x00000000c4e00000| PB 0x00000000c4e00000| Untracked 
|  57|0x00000000c4f00000, 0x00000000c5000000, 0x00000000c5000000|100%|HS|  |TAMS 0x00000000c4f00000| PB 0x00000000c4f00000| Complete 
|  58|0x00000000c5000000, 0x00000000c5100000, 0x00000000c5100000|100%|HC|  |TAMS 0x00000000c5000000| PB 0x00000000c5000000| Complete 
|  59|0x00000000c5100000, 0x00000000c5200000, 0x00000000c5200000|100%|HC|  |TAMS 0x00000000c5100000| PB 0x00000000c5100000| Complete 
|  60|0x00000000c5200000, 0x00000000c5200000, 0x00000000c5300000|  0%| F|  |TAMS 0x00000000c5200000| PB 0x00000000c5200000| Untracked 
|  61|0x00000000c5300000, 0x00000000c5300000, 0x00000000c5400000|  0%| F|  |TAMS 0x00000000c5300000| PB 0x00000000c5300000| Untracked 
|  62|0x00000000c5400000, 0x00000000c5400000, 0x00000000c5500000|  0%| F|  |TAMS 0x00000000c5400000| PB 0x00000000c5400000| Untracked 
|  63|0x00000000c5500000, 0x00000000c5500000, 0x00000000c5600000|  0%| F|  |TAMS 0x00000000c5500000| PB 0x00000000c5500000| Untracked 
|  64|0x00000000c5600000, 0x00000000c5600000, 0x00000000c5700000|  0%| F|  |TAMS 0x00000000c5600000| PB 0x00000000c5600000| Untracked 
|  65|0x00000000c5700000, 0x00000000c5700000, 0x00000000c5800000|  0%| F|  |TAMS 0x00000000c5700000| PB 0x00000000c5700000| Untracked 
|  66|0x00000000c5800000, 0x00000000c5800000, 0x00000000c5900000|  0%| F|  |TAMS 0x00000000c5800000| PB 0x00000000c5800000| Untracked 
|  67|0x00000000c5900000, 0x00000000c5900000, 0x00000000c5a00000|  0%| F|  |TAMS 0x00000000c5900000| PB 0x00000000c5900000| Untracked 
|  68|0x00000000c5a00000, 0x00000000c5a00000, 0x00000000c5b00000|  0%| F|  |TAMS 0x00000000c5a00000| PB 0x00000000c5a00000| Untracked 
|  69|0x00000000c5b00000, 0x00000000c5b00000, 0x00000000c5c00000|  0%| F|  |TAMS 0x00000000c5b00000| PB 0x00000000c5b00000| Untracked 
|  70|0x00000000c5c00000, 0x00000000c5c00000, 0x00000000c5d00000|  0%| F|  |TAMS 0x00000000c5c00000| PB 0x00000000c5c00000| Untracked 
|  71|0x00000000c5d00000, 0x00000000c5d00000, 0x00000000c5e00000|  0%| F|  |TAMS 0x00000000c5d00000| PB 0x00000000c5d00000| Untracked 
|  72|0x00000000c5e00000, 0x00000000c5e00000, 0x00000000c5f00000|  0%| F|  |TAMS 0x00000000c5e00000| PB 0x00000000c5e00000| Untracked 
|  73|0x00000000c5f00000, 0x00000000c5f00000, 0x00000000c6000000|  0%| F|  |TAMS 0x00000000c5f00000| PB 0x00000000c5f00000| Untracked 
|  74|0x00000000c6000000, 0x00000000c6000000, 0x00000000c6100000|  0%| F|  |TAMS 0x00000000c6000000| PB 0x00000000c6000000| Untracked 
|  75|0x00000000c6100000, 0x00000000c6100000, 0x00000000c6200000|  0%| F|  |TAMS 0x00000000c6100000| PB 0x00000000c6100000| Untracked 
|  76|0x00000000c6200000, 0x00000000c6200000, 0x00000000c6300000|  0%| F|  |TAMS 0x00000000c6200000| PB 0x00000000c6200000| Untracked 
|  77|0x00000000c6300000, 0x00000000c6300000, 0x00000000c6400000|  0%| F|  |TAMS 0x00000000c6300000| PB 0x00000000c6300000| Untracked 
|  78|0x00000000c6400000, 0x00000000c6400000, 0x00000000c6500000|  0%| F|  |TAMS 0x00000000c6400000| PB 0x00000000c6400000| Untracked 
|  79|0x00000000c6500000, 0x00000000c6500000, 0x00000000c6600000|  0%| F|  |TAMS 0x00000000c6500000| PB 0x00000000c6500000| Untracked 
|  80|0x00000000c6600000, 0x00000000c6600000, 0x00000000c6700000|  0%| F|  |TAMS 0x00000000c6600000| PB 0x00000000c6600000| Untracked 
|  81|0x00000000c6700000, 0x00000000c6700000, 0x00000000c6800000|  0%| F|  |TAMS 0x00000000c6700000| PB 0x00000000c6700000| Untracked 
|  82|0x00000000c6800000, 0x00000000c6800000, 0x00000000c6900000|  0%| F|  |TAMS 0x00000000c6800000| PB 0x00000000c6800000| Untracked 
|  83|0x00000000c6900000, 0x00000000c6900000, 0x00000000c6a00000|  0%| F|  |TAMS 0x00000000c6900000| PB 0x00000000c6900000| Untracked 
|  84|0x00000000c6a00000, 0x00000000c6a00000, 0x00000000c6b00000|  0%| F|  |TAMS 0x00000000c6a00000| PB 0x00000000c6a00000| Untracked 
|  85|0x00000000c6b00000, 0x00000000c6b00000, 0x00000000c6c00000|  0%| F|  |TAMS 0x00000000c6b00000| PB 0x00000000c6b00000| Untracked 
|  86|0x00000000c6c00000, 0x00000000c6c00000, 0x00000000c6d00000|  0%| F|  |TAMS 0x00000000c6c00000| PB 0x00000000c6c00000| Untracked 
|  87|0x00000000c6d00000, 0x00000000c6d00000, 0x00000000c6e00000|  0%| F|  |TAMS 0x00000000c6d00000| PB 0x00000000c6d00000| Untracked 
|  88|0x00000000c6e00000, 0x00000000c6e00000, 0x00000000c6f00000|  0%| F|  |TAMS 0x00000000c6e00000| PB 0x00000000c6e00000| Untracked 
|  89|0x00000000c6f00000, 0x00000000c6f00000, 0x00000000c7000000|  0%| F|  |TAMS 0x00000000c6f00000| PB 0x00000000c6f00000| Untracked 
|  90|0x00000000c7000000, 0x00000000c7000000, 0x00000000c7100000|  0%| F|  |TAMS 0x00000000c7000000| PB 0x00000000c7000000| Untracked 
|  91|0x00000000c7100000, 0x00000000c7100000, 0x00000000c7200000|  0%| F|  |TAMS 0x00000000c7100000| PB 0x00000000c7100000| Untracked 
|  92|0x00000000c7200000, 0x00000000c7200000, 0x00000000c7300000|  0%| F|  |TAMS 0x00000000c7200000| PB 0x00000000c7200000| Untracked 
|  93|0x00000000c7300000, 0x00000000c7300000, 0x00000000c7400000|  0%| F|  |TAMS 0x00000000c7300000| PB 0x00000000c7300000| Untracked 
|  94|0x00000000c7400000, 0x00000000c7400000, 0x00000000c7500000|  0%| F|  |TAMS 0x00000000c7400000| PB 0x00000000c7400000| Untracked 
|  95|0x00000000c7500000, 0x00000000c7500000, 0x00000000c7600000|  0%| F|  |TAMS 0x00000000c7500000| PB 0x00000000c7500000| Untracked 
|  96|0x00000000c7600000, 0x00000000c7600000, 0x00000000c7700000|  0%| F|  |TAMS 0x00000000c7600000| PB 0x00000000c7600000| Untracked 
|  97|0x00000000c7700000, 0x00000000c7700000, 0x00000000c7800000|  0%| F|  |TAMS 0x00000000c7700000| PB 0x00000000c7700000| Untracked 
|  98|0x00000000c7800000, 0x00000000c7800000, 0x00000000c7900000|  0%| F|  |TAMS 0x00000000c7800000| PB 0x00000000c7800000| Untracked 
|  99|0x00000000c7900000, 0x00000000c7900000, 0x00000000c7a00000|  0%| F|  |TAMS 0x00000000c7900000| PB 0x00000000c7900000| Untracked 
| 100|0x00000000c7a00000, 0x00000000c7a00000, 0x00000000c7b00000|  0%| F|  |TAMS 0x00000000c7a00000| PB 0x00000000c7a00000| Untracked 
| 101|0x00000000c7b00000, 0x00000000c7b00000, 0x00000000c7c00000|  0%| F|  |TAMS 0x00000000c7b00000| PB 0x00000000c7b00000| Untracked 
| 102|0x00000000c7c00000, 0x00000000c7c00000, 0x00000000c7d00000|  0%| F|  |TAMS 0x00000000c7c00000| PB 0x00000000c7c00000| Untracked 
| 103|0x00000000c7d00000, 0x00000000c7d00000, 0x00000000c7e00000|  0%| F|  |TAMS 0x00000000c7d00000| PB 0x00000000c7d00000| Untracked 
| 104|0x00000000c7e00000, 0x00000000c7e00000, 0x00000000c7f00000|  0%| F|  |TAMS 0x00000000c7e00000| PB 0x00000000c7e00000| Untracked 
| 105|0x00000000c7f00000, 0x00000000c7f00000, 0x00000000c8000000|  0%| F|  |TAMS 0x00000000c7f00000| PB 0x00000000c7f00000| Untracked 
| 106|0x00000000c8000000, 0x00000000c8000000, 0x00000000c8100000|  0%| F|  |TAMS 0x00000000c8000000| PB 0x00000000c8000000| Untracked 
| 107|0x00000000c8100000, 0x00000000c8100000, 0x00000000c8200000|  0%| F|  |TAMS 0x00000000c8100000| PB 0x00000000c8100000| Untracked 
| 108|0x00000000c8200000, 0x00000000c8200000, 0x00000000c8300000|  0%| F|  |TAMS 0x00000000c8200000| PB 0x00000000c8200000| Untracked 
| 109|0x00000000c8300000, 0x00000000c8300000, 0x00000000c8400000|  0%| F|  |TAMS 0x00000000c8300000| PB 0x00000000c8300000| Untracked 
| 110|0x00000000c8400000, 0x00000000c8400000, 0x00000000c8500000|  0%| F|  |TAMS 0x00000000c8400000| PB 0x00000000c8400000| Untracked 
| 111|0x00000000c8500000, 0x00000000c8500000, 0x00000000c8600000|  0%| F|  |TAMS 0x00000000c8500000| PB 0x00000000c8500000| Untracked 
| 112|0x00000000c8600000, 0x00000000c8600000, 0x00000000c8700000|  0%| F|  |TAMS 0x00000000c8600000| PB 0x00000000c8600000| Untracked 
| 113|0x00000000c8700000, 0x00000000c8700000, 0x00000000c8800000|  0%| F|  |TAMS 0x00000000c8700000| PB 0x00000000c8700000| Untracked 
| 114|0x00000000c8800000, 0x00000000c8800000, 0x00000000c8900000|  0%| F|  |TAMS 0x00000000c8800000| PB 0x00000000c8800000| Untracked 
| 115|0x00000000c8900000, 0x00000000c8a00000, 0x00000000c8a00000|100%| S|CS|TAMS 0x00000000c8900000| PB 0x00000000c8900000| Complete 
| 116|0x00000000c8a00000, 0x00000000c8b00000, 0x00000000c8b00000|100%| E|  |TAMS 0x00000000c8a00000| PB 0x00000000c8a00000| Complete 
| 999|0x00000000ffd00000, 0x00000000ffe00000, 0x00000000ffe00000|100%| O|  |TAMS 0x00000000ffe00000| PB 0x00000000ffd00000| Untracked 
|1000|0x00000000ffe00000, 0x00000000fff00000, 0x00000000fff00000|100%| O|  |TAMS 0x00000000fff00000| PB 0x00000000ffe00000| Untracked 
|1001|0x00000000fff00000, 0x0000000100000000, 0x0000000100000000|100%| O|  |TAMS 0x0000000100000000| PB 0x00000000fff00000| Untracked 

Card table byte_map: [0x0000016f22220000,0x0000016f22420000] _byte_map_base: 0x0000016f21c15000

Marking Bits: (CMBitMap*) 0x0000016f0a956580
 Bits: [0x0000016f22420000, 0x0000016f233c8000)

Polling page: 0x0000016f08540000

Metaspace:

Usage:
  Non-class:     27.65 MB used.
      Class:      3.54 MB used.
       Both:     31.19 MB used.

Virtual space:
  Non-class space:       64.00 MB reserved,      27.94 MB ( 44%) committed,  1 nodes.
      Class space:        1.00 GB reserved,       3.75 MB ( <1%) committed,  1 nodes.
             Both:        1.06 GB reserved,      31.69 MB (  3%) committed. 

Chunk freelists:
   Non-Class:  3.94 MB
       Class:  12.23 MB
        Both:  16.17 MB

MaxMetaspaceSize: unlimited
CompressedClassSpaceSize: 1.00 GB
Initial GC threshold: 21.00 MB
Current GC threshold: 46.06 MB
CDS: on
 - commit_granule_bytes: 65536.
 - commit_granule_words: 8192.
 - virtual_space_node_default_size: 8388608.
 - enlarge_chunks_in_place: 1.
 - use_allocation_guard: 0.


Internal statistics:

num_allocs_failed_limit: 6.
num_arena_births: 454.
num_arena_deaths: 0.
num_vsnodes_births: 2.
num_vsnodes_deaths: 0.
num_space_committed: 507.
num_space_uncommitted: 0.
num_chunks_returned_to_freelist: 6.
num_chunks_taken_from_freelist: 1609.
num_chunk_merges: 6.
num_chunk_splits: 1140.
num_chunks_enlarged: 895.
num_inconsistent_stats: 0.

CodeHeap 'non-profiled nmethods': size=120000Kb used=2788Kb max_used=2788Kb free=117211Kb
 bounds [0x0000016f1aaf0000, 0x0000016f1adb0000, 0x0000016f22020000]
CodeHeap 'profiled nmethods': size=120000Kb used=12123Kb max_used=12205Kb free=107876Kb
 bounds [0x0000016f13020000, 0x0000016f13c20000, 0x0000016f1a550000]
CodeHeap 'non-nmethods': size=5760Kb used=1501Kb max_used=1537Kb free=4258Kb
 bounds [0x0000016f1a550000, 0x0000016f1a7c0000, 0x0000016f1aaf0000]
CodeCache: size=245760Kb, used=16412Kb, max_used=16530Kb, free=229345Kb
 total_blobs=6904, nmethods=6327, adapters=481, full_count=0
Compilation: enabled, stopped_count=0, restarted_count=0

Compilation events (20 events):
Event: 9.063 Thread 0x0000016f2585ac90 7022       2       java.lang.invoke.InnerClassLambdaMetafactory::generateConstructor (154 bytes)
Event: 9.064 Thread 0x0000016f2585ac90 nmethod 7022 0x0000016f131c8b90 code [0x0000016f131c8e20, 0x0000016f131c9530]
Event: 9.064 Thread 0x0000016f2585ac90 7025       2       java.util.Locale::equals (75 bytes)
Event: 9.064 Thread 0x0000016f2585ac90 nmethod 7025 0x0000016f131c8490 code [0x0000016f131c8680, 0x0000016f131c89f0]
Event: 9.064 Thread 0x0000016f2585ac90 7024       2       java.util.Set::of (68 bytes)
Event: 9.065 Thread 0x0000016f2585ac90 nmethod 7024 0x0000016f131c7b90 code [0x0000016f131c7da0, 0x0000016f131c82c0]
Event: 9.065 Thread 0x0000016f2585ac90 7023       2       java.lang.invoke.InnerClassLambdaMetafactory$ForwardingMethodGenerator::<init> (11 bytes)
Event: 9.065 Thread 0x0000016f2585ac90 nmethod 7023 0x0000016f131c7790 code [0x0000016f131c7940, 0x0000016f131c7ab0]
Event: 9.073 Thread 0x0000016f2585ac90 7026       3       java.util.jar.Manifest::getTrustedAttributes (57 bytes)
Event: 9.074 Thread 0x0000016f2585ac90 nmethod 7026 0x0000016f131c6790 code [0x0000016f131c6a00, 0x0000016f131c7400]
Event: 9.076 Thread 0x0000016f2585ac90 7027       2       org.codehaus.plexus.util.SelectorUtils::equals (37 bytes)
Event: 9.076 Thread 0x0000016f2585ac90 nmethod 7027 0x0000016f131c6010 code [0x0000016f131c61e0, 0x0000016f131c63f8]
Event: 9.087 Thread 0x0000016f2585ac90 7028       2       sun.nio.fs.AbstractBasicFileAttributeView$AttributesBuilder::match (26 bytes)
Event: 9.087 Thread 0x0000016f2585ac90 nmethod 7028 0x0000016f13500810 code [0x0000016f135009c0, 0x0000016f13500b18]
Event: 9.087 Thread 0x0000016f2585ac90 7029       2       sun.nio.fs.AbstractBasicFileAttributeView$AttributesBuilder::add (13 bytes)
Event: 9.087 Thread 0x0000016f2585ac90 nmethod 7029 0x0000016f13500490 code [0x0000016f13500640, 0x0000016f13500778]
Event: 9.093 Thread 0x0000016f2585ac90 7030       3       sun.nio.fs.WindowsFileAttributes::fromFileAttributeData (104 bytes)
Event: 9.093 Thread 0x0000016f2585ac90 nmethod 7030 0x0000016f134ffb90 code [0x0000016f134ffd80, 0x0000016f13500228]
Event: 9.097 Thread 0x0000016f2585ac90 7031       3       java.lang.ThreadLocal::get (8 bytes)
Event: 9.097 Thread 0x0000016f2585ac90 nmethod 7031 0x0000016f134ff810 code [0x0000016f134ff9c0, 0x0000016f134ffb18]

GC Heap History (20 events):
Event: 4.323 GC heap after
{Heap after GC invocations=6 (full 0):
 garbage-first heap   total 78848K, used 24576K [0x00000000c1600000, 0x0000000100000000)
  region size 1024K, 6 young (6144K), 6 survivors (6144K)
 Metaspace       used 21162K, committed 21504K, reserved 1114112K
  class space    used 2416K, committed 2560K, reserved 1048576K
}
Event: 5.664 GC heap before
{Heap before GC invocations=7 (full 0):
 garbage-first heap   total 78848K, used 64512K [0x00000000c1600000, 0x0000000100000000)
  region size 1024K, 44 young (45056K), 6 survivors (6144K)
 Metaspace       used 24710K, committed 25088K, reserved 1114112K
  class space    used 2771K, committed 2944K, reserved 1048576K
}
Event: 5.687 GC heap after
{Heap after GC invocations=8 (full 0):
 garbage-first heap   total 81920K, used 36314K [0x00000000c1600000, 0x0000000100000000)
  region size 1024K, 6 young (6144K), 6 survivors (6144K)
 Metaspace       used 24710K, committed 25088K, reserved 1114112K
  class space    used 2771K, committed 2944K, reserved 1048576K
}
Event: 6.377 GC heap before
{Heap before GC invocations=8 (full 0):
 garbage-first heap   total 81920K, used 63962K [0x00000000c1600000, 0x0000000100000000)
  region size 1024K, 34 young (34816K), 6 survivors (6144K)
 Metaspace       used 26245K, committed 26560K, reserved 1114112K
  class space    used 2935K, committed 3072K, reserved 1048576K
}
Event: 6.384 GC heap after
{Heap after GC invocations=9 (full 0):
 garbage-first heap   total 81920K, used 37376K [0x00000000c1600000, 0x0000000100000000)
  region size 1024K, 1 young (1024K), 1 survivors (1024K)
 Metaspace       used 26245K, committed 26560K, reserved 1114112K
  class space    used 2935K, committed 3072K, reserved 1048576K
}
Event: 6.836 GC heap before
{Heap before GC invocations=9 (full 0):
 garbage-first heap   total 81920K, used 48640K [0x00000000c1600000, 0x0000000100000000)
  region size 1024K, 13 young (13312K), 1 survivors (1024K)
 Metaspace       used 27686K, committed 28096K, reserved 1114112K
  class space    used 3142K, committed 3328K, reserved 1048576K
}
Event: 6.841 GC heap after
{Heap after GC invocations=10 (full 0):
 garbage-first heap   total 81920K, used 37903K [0x00000000c1600000, 0x0000000100000000)
  region size 1024K, 2 young (2048K), 2 survivors (2048K)
 Metaspace       used 27686K, committed 28096K, reserved 1114112K
  class space    used 3142K, committed 3328K, reserved 1048576K
}
Event: 7.153 GC heap before
{Heap before GC invocations=10 (full 0):
 garbage-first heap   total 81920K, used 44047K [0x00000000c1600000, 0x0000000100000000)
  region size 1024K, 8 young (8192K), 2 survivors (2048K)
 Metaspace       used 27713K, committed 28160K, reserved 1114112K
  class space    used 3142K, committed 3328K, reserved 1048576K
}
Event: 7.159 GC heap after
{Heap after GC invocations=11 (full 0):
 garbage-first heap   total 81920K, used 37991K [0x00000000c1600000, 0x0000000100000000)
  region size 1024K, 2 young (2048K), 2 survivors (2048K)
 Metaspace       used 27713K, committed 28160K, reserved 1114112K
  class space    used 3142K, committed 3328K, reserved 1048576K
}
Event: 7.350 GC heap before
{Heap before GC invocations=11 (full 0):
 garbage-first heap   total 81920K, used 54375K [0x00000000c1600000, 0x0000000100000000)
  region size 1024K, 17 young (17408K), 2 survivors (2048K)
 Metaspace       used 27766K, committed 28288K, reserved 1114112K
  class space    used 3142K, committed 3392K, reserved 1048576K
}
Event: 7.363 GC heap after
{Heap after GC invocations=12 (full 0):
 garbage-first heap   total 81920K, used 47104K [0x00000000c1600000, 0x0000000100000000)
  region size 1024K, 5 young (5120K), 5 survivors (5120K)
 Metaspace       used 27766K, committed 28288K, reserved 1114112K
  class space    used 3142K, committed 3392K, reserved 1048576K
}
Event: 7.554 GC heap before
{Heap before GC invocations=13 (full 0):
 garbage-first heap   total 81920K, used 64512K [0x00000000c1600000, 0x0000000100000000)
  region size 1024K, 23 young (23552K), 5 survivors (5120K)
 Metaspace       used 27778K, committed 28288K, reserved 1114112K
  class space    used 3142K, committed 3392K, reserved 1048576K
}
Event: 7.569 GC heap after
{Heap after GC invocations=14 (full 0):
 garbage-first heap   total 81920K, used 52137K [0x00000000c1600000, 0x0000000100000000)
  region size 1024K, 3 young (3072K), 3 survivors (3072K)
 Metaspace       used 27778K, committed 28288K, reserved 1114112K
  class space    used 3142K, committed 3392K, reserved 1048576K
}
Event: 7.876 GC heap before
{Heap before GC invocations=14 (full 0):
 garbage-first heap   total 81920K, used 68521K [0x00000000c1600000, 0x0000000100000000)
  region size 1024K, 18 young (18432K), 3 survivors (3072K)
 Metaspace       used 28250K, committed 28672K, reserved 1114112K
  class space    used 3185K, committed 3392K, reserved 1048576K
}
Event: 7.883 GC heap after
{Heap after GC invocations=15 (full 0):
 garbage-first heap   total 122880K, used 49760K [0x00000000c1600000, 0x0000000100000000)
  region size 1024K, 3 young (3072K), 3 survivors (3072K)
 Metaspace       used 28250K, committed 28672K, reserved 1114112K
  class space    used 3185K, committed 3392K, reserved 1048576K
}
Event: 8.493 GC heap before
{Heap before GC invocations=15 (full 0):
 garbage-first heap   total 122880K, used 80480K [0x00000000c1600000, 0x0000000100000000)
  region size 1024K, 34 young (34816K), 3 survivors (3072K)
 Metaspace       used 29243K, committed 29760K, reserved 1114112K
  class space    used 3308K, committed 3520K, reserved 1048576K
}
Event: 8.497 GC heap after
{Heap after GC invocations=16 (full 0):
 garbage-first heap   total 122880K, used 49624K [0x00000000c1600000, 0x0000000100000000)
  region size 1024K, 3 young (3072K), 3 survivors (3072K)
 Metaspace       used 29243K, committed 29760K, reserved 1114112K
  class space    used 3308K, committed 3520K, reserved 1048576K
}
Event: 8.998 GC heap before
{Heap before GC invocations=16 (full 0):
 garbage-first heap   total 122880K, used 85464K [0x00000000c1600000, 0x0000000100000000)
  region size 1024K, 38 young (38912K), 3 survivors (3072K)
 Metaspace       used 31032K, committed 31552K, reserved 1114112K
  class space    used 3524K, committed 3776K, reserved 1048576K
}
Event: 9.004 GC heap after
{Heap after GC invocations=17 (full 0):
 garbage-first heap   total 122880K, used 52085K [0x00000000c1600000, 0x0000000100000000)
  region size 1024K, 5 young (5120K), 5 survivors (5120K)
 Metaspace       used 31032K, committed 31552K, reserved 1114112K
  class space    used 3524K, committed 3776K, reserved 1048576K
}
Event: 9.158 GC heap before
{Heap before GC invocations=17 (full 0):
 garbage-first heap   total 122880K, used 61301K [0x00000000c1600000, 0x0000000100000000)
  region size 1024K, 9 young (9216K), 5 survivors (5120K)
 Metaspace       used 31769K, committed 32256K, reserved 1114112K
  class space    used 3597K, committed 3776K, reserved 1048576K
}

Dll operation events (8 events):
Event: 0.008 Loaded shared library C:\Users\darsh\AppData\Local\Programs\Eclipse Adoptium\jdk-21.0.8.9-hotspot\bin\java.dll
Event: 0.039 Loaded shared library C:\Users\darsh\AppData\Local\Programs\Eclipse Adoptium\jdk-21.0.8.9-hotspot\bin\jsvml.dll
Event: 0.061 Loaded shared library C:\Users\darsh\AppData\Local\Programs\Eclipse Adoptium\jdk-21.0.8.9-hotspot\bin\net.dll
Event: 0.064 Loaded shared library C:\Users\darsh\AppData\Local\Programs\Eclipse Adoptium\jdk-21.0.8.9-hotspot\bin\nio.dll
Event: 0.067 Loaded shared library C:\Users\darsh\AppData\Local\Programs\Eclipse Adoptium\jdk-21.0.8.9-hotspot\bin\zip.dll
Event: 0.175 Loaded shared library C:\Users\darsh\AppData\Local\Programs\Eclipse Adoptium\jdk-21.0.8.9-hotspot\bin\jimage.dll
Event: 0.186 Loaded shared library C:\Program Files\Apache\Maven\apache-maven-3.8.9\lib\jansi-native\Windows\x86_64\jansi.dll
Event: 0.199 Loaded shared library C:\Users\darsh\AppData\Local\Programs\Eclipse Adoptium\jdk-21.0.8.9-hotspot\bin\verify.dll

Deoptimization events (20 events):
Event: 9.007 Thread 0x0000016f0a925930 Uncommon trap: trap_request=0xffffff45 fr.pc=0x0000016f1abc44f4 relative=0x0000000000000134
Event: 9.007 Thread 0x0000016f0a925930 Uncommon trap: reason=unstable_if action=reinterpret pc=0x0000016f1abc44f4 method=java.lang.ThreadLocal$ThreadLocalMap.getEntry(Ljava/lang/ThreadLocal;)Ljava/lang/ThreadLocal$ThreadLocalMap$Entry; @ 29 c2
Event: 9.007 Thread 0x0000016f0a925930 DEOPT PACKING pc=0x0000016f1abc44f4 sp=0x00000069cb2fe130
Event: 9.007 Thread 0x0000016f0a925930 DEOPT UNPACKING pc=0x0000016f1a5a46a2 sp=0x00000069cb2fdff0 mode 2
Event: 9.007 Thread 0x0000016f0a925930 Uncommon trap: trap_request=0xffffff45 fr.pc=0x0000016f1ac93574 relative=0x0000000000000134
Event: 9.007 Thread 0x0000016f0a925930 Uncommon trap: reason=unstable_if action=reinterpret pc=0x0000016f1ac93574 method=java.lang.ThreadLocal$ThreadLocalMap.getEntry(Ljava/lang/ThreadLocal;)Ljava/lang/ThreadLocal$ThreadLocalMap$Entry; @ 29 c2
Event: 9.007 Thread 0x0000016f0a925930 DEOPT PACKING pc=0x0000016f1ac93574 sp=0x00000069cb2fe0b0
Event: 9.007 Thread 0x0000016f0a925930 DEOPT UNPACKING pc=0x0000016f1a5a46a2 sp=0x00000069cb2fdfe0 mode 2
Event: 9.007 Thread 0x0000016f0a925930 Uncommon trap: trap_request=0xffffff45 fr.pc=0x0000016f1ac93aac relative=0x00000000000000ec
Event: 9.007 Thread 0x0000016f0a925930 Uncommon trap: reason=unstable_if action=reinterpret pc=0x0000016f1ac93aac method=java.lang.ThreadLocal$ThreadLocalMap.getEntry(Ljava/lang/ThreadLocal;)Ljava/lang/ThreadLocal$ThreadLocalMap$Entry; @ 29 c2
Event: 9.007 Thread 0x0000016f0a925930 DEOPT PACKING pc=0x0000016f1ac93aac sp=0x00000069cb2fd670
Event: 9.007 Thread 0x0000016f0a925930 DEOPT UNPACKING pc=0x0000016f1a5a46a2 sp=0x00000069cb2fd610 mode 2
Event: 9.060 Thread 0x0000016f0a925930 DEOPT PACKING pc=0x0000016f134cf7f1 sp=0x00000069cb2fda90
Event: 9.060 Thread 0x0000016f0a925930 DEOPT UNPACKING pc=0x0000016f1a5a4e42 sp=0x00000069cb2fcf30 mode 0
Event: 9.060 Thread 0x0000016f0a925930 DEOPT PACKING pc=0x0000016f134cf7f1 sp=0x00000069cb2fda90
Event: 9.060 Thread 0x0000016f0a925930 DEOPT UNPACKING pc=0x0000016f1a5a4e42 sp=0x00000069cb2fcf30 mode 0
Event: 9.069 Thread 0x0000016f0a925930 Uncommon trap: trap_request=0xffffff3d fr.pc=0x0000016f1ad84c60 relative=0x00000000000000a0
Event: 9.069 Thread 0x0000016f0a925930 Uncommon trap: reason=unstable_fused_if action=reinterpret pc=0x0000016f1ad84c60 method=java.lang.StrictMath.floorOrCeil(DDDD)D @ 8 c2
Event: 9.069 Thread 0x0000016f0a925930 DEOPT PACKING pc=0x0000016f1ad84c60 sp=0x00000069cb2fda50
Event: 9.069 Thread 0x0000016f0a925930 DEOPT UNPACKING pc=0x0000016f1a5a46a2 sp=0x00000069cb2fd910 mode 2

Classes loaded (20 events):
Event: 9.065 Loading class sun/util/resources/cldr/TimeZoneNames_en
Event: 9.065 Loading class sun/util/resources/cldr/TimeZoneNames_en done
Event: 9.066 Loading class sun/util/resources/cldr/TimeZoneNames_en_US
Event: 9.066 Loading class sun/util/resources/cldr/TimeZoneNames_en_US done
Event: 9.066 Loading class sun/util/cldr/CLDRBaseLocaleDataMetaInfo$TZCanonicalIDMapHolder
Event: 9.067 Loading class sun/util/cldr/CLDRBaseLocaleDataMetaInfo$TZCanonicalIDMapHolder done
Event: 9.068 Loading class sun/util/resources/TimeZoneNames
Event: 9.069 Loading class sun/util/resources/TimeZoneNames done
Event: 9.069 Loading class sun/util/resources/TimeZoneNames_en
Event: 9.069 Loading class sun/util/resources/TimeZoneNames_en done
Event: 9.071 Loading class java/io/FileOutputStream$1
Event: 9.071 Loading class java/io/FileOutputStream$1 done
Event: 9.074 Loading class java/util/Vector$Itr
Event: 9.074 Loading class java/util/Vector$Itr done
Event: 9.132 Loading class java/util/zip/Deflater
Event: 9.133 Loading class java/util/zip/Deflater done
Event: 9.137 Loading class java/util/zip/Deflater$DeflaterZStreamRef
Event: 9.137 Loading class java/util/zip/Deflater$DeflaterZStreamRef done
Event: 9.142 Loading class java/io/SequenceInputStream
Event: 9.142 Loading class java/io/SequenceInputStream done

Classes unloaded (0 events):
No events

Classes redefined (0 events):
No events

Internal exceptions (20 events):
Event: 8.266 Thread 0x0000016f0a925930 Exception <a 'sun/nio/fs/WindowsException'{0x00000000c78dc4f8}> (0x00000000c78dc4f8) 
thrown [s\src\hotspot\share\prims\jni.cpp, line 520]
Event: 8.270 Thread 0x0000016f0a925930 Exception <a 'sun/nio/fs/WindowsException'{0x00000000c770c670}> (0x00000000c770c670) 
thrown [s\src\hotspot\share\prims\jni.cpp, line 520]
Event: 8.270 Thread 0x0000016f0a925930 Exception <a 'sun/nio/fs/WindowsException'{0x00000000c770d0e8}> (0x00000000c770d0e8) 
thrown [s\src\hotspot\share\prims\jni.cpp, line 520]
Event: 8.270 Thread 0x0000016f0a925930 Exception <a 'sun/nio/fs/WindowsException'{0x00000000c770dc18}> (0x00000000c770dc18) 
thrown [s\src\hotspot\share\prims\jni.cpp, line 520]
Event: 8.271 Thread 0x0000016f0a925930 Exception <a 'sun/nio/fs/WindowsException'{0x00000000c772b068}> (0x00000000c772b068) 
thrown [s\src\hotspot\share\prims\jni.cpp, line 520]
Event: 8.271 Thread 0x0000016f0a925930 Exception <a 'sun/nio/fs/WindowsException'{0x00000000c772bae0}> (0x00000000c772bae0) 
thrown [s\src\hotspot\share\prims\jni.cpp, line 520]
Event: 8.271 Thread 0x0000016f0a925930 Exception <a 'sun/nio/fs/WindowsException'{0x00000000c772c610}> (0x00000000c772c610) 
thrown [s\src\hotspot\share\prims\jni.cpp, line 520]
Event: 8.277 Thread 0x0000016f0a925930 Exception <a 'sun/nio/fs/WindowsException'{0x00000000c77a9d90}> (0x00000000c77a9d90) 
thrown [s\src\hotspot\share\prims\jni.cpp, line 520]
Event: 8.280 Thread 0x0000016f0a925930 Exception <a 'sun/nio/fs/WindowsException'{0x00000000c77c1098}> (0x00000000c77c1098) 
thrown [s\src\hotspot\share\prims\jni.cpp, line 520]
Event: 8.284 Thread 0x0000016f0a925930 Exception <a 'sun/nio/fs/WindowsException'{0x00000000c77d8448}> (0x00000000c77d8448) 
thrown [s\src\hotspot\share\prims\jni.cpp, line 520]
Event: 8.284 Thread 0x0000016f0a925930 Exception <a 'sun/nio/fs/WindowsException'{0x00000000c77d8be0}> (0x00000000c77d8be0) 
thrown [s\src\hotspot\share\prims\jni.cpp, line 520]
Event: 8.284 Thread 0x0000016f0a925930 Exception <a 'sun/nio/fs/WindowsException'{0x00000000c77d91b0}> (0x00000000c77d91b0) 
thrown [s\src\hotspot\share\prims\jni.cpp, line 520]
Event: 8.284 Thread 0x0000016f0a925930 Exception <a 'sun/nio/fs/WindowsException'{0x00000000c77d9910}> (0x00000000c77d9910) 
thrown [s\src\hotspot\share\prims\jni.cpp, line 520]
Event: 8.751 Thread 0x0000016f6c60c990 Exception <a 'java/lang/NoSuchMethodError'{0x00000000c7937920}: 'java.lang.Object java.lang.invoke.DirectMethodHandle$Holder.invokeStatic(java.lang.Object, long, java.lang.Object)'> (0x00000000c7937920) 
thrown [s\src\hotspot\share\interpreter\linkResolver.cpp, line 773]
Event: 8.751 Thread 0x0000016f6c60c990 Exception <a 'java/lang/NoSuchMethodError'{0x00000000c793ae38}: 'java.lang.Object java.lang.invoke.DirectMethodHandle$Holder.invokeStaticInit(java.lang.Object, long, java.lang.Object)'> (0x00000000c793ae38) 
thrown [s\src\hotspot\share\interpreter\linkResolver.cpp, line 773]
Event: 8.752 Thread 0x0000016f6c60c990 Exception <a 'java/lang/NoSuchMethodError'{0x00000000c7940350}: 'java.lang.Object java.lang.invoke.DirectMethodHandle$Holder.newInvokeSpecial(java.lang.Object, long)'> (0x00000000c7940350) 
thrown [s\src\hotspot\share\interpreter\linkResolver.cpp, line 773]
Event: 8.755 Thread 0x0000016f6c60c990 Exception <a 'java/lang/NoSuchMethodError'{0x00000000c7944d18}: 'long java.lang.invoke.DirectMethodHandle$Holder.invokeInterface(java.lang.Object, java.lang.Object)'> (0x00000000c7944d18) 
thrown [s\src\hotspot\share\interpreter\linkResolver.cpp, line 773]
Event: 8.756 Thread 0x0000016f6c60c990 Exception <a 'java/lang/NoSuchMethodError'{0x00000000c7948dd0}: 'long java.lang.invoke.DelegatingMethodHandle$Holder.reinvoke_L(java.lang.Object, java.lang.Object)'> (0x00000000c7948dd0) 
thrown [s\src\hotspot\share\interpreter\linkResolver.cpp, line 773]
Event: 9.070 Thread 0x0000016f0a925930 Exception <a 'java/lang/NoSuchMethodError'{0x00000000c88aed80}: 'java.lang.Object java.lang.invoke.Invokers$Holder.invokeExact_MT(java.lang.Object, java.lang.Object, java.lang.Object, java.lang.Object, java.lang.Object, java.lang.Object)'> (0x00000000c88aed80) 
thrown [s\src\hotspot\share\interpreter\linkResolver.cpp, line 773]
Event: 9.152 Thread 0x0000016f0a925930 Exception <a 'java/lang/NoSuchMethodError'{0x00000000c8793d88}: 'void java.lang.invoke.DirectMethodHandle$Holder.invokeStaticInit(java.lang.Object, java.lang.Object)'> (0x00000000c8793d88) 
thrown [s\src\hotspot\share\interpreter\linkResolver.cpp, line 773]

ZGC Phase Switch (0 events):
No events

VM Operations (20 events):
Event: 7.883 Executing VM operation: G1CollectForAllocation (G1 Evacuation Pause) done
Event: 8.492 Executing VM operation: G1CollectForAllocation (G1 Evacuation Pause)
Event: 8.497 Executing VM operation: G1CollectForAllocation (G1 Evacuation Pause) done
Event: 8.728 Executing VM operation: HandshakeAllThreads (Deoptimize)
Event: 8.728 Executing VM operation: HandshakeAllThreads (Deoptimize) done
Event: 8.761 Executing VM operation: HandshakeAllThreads (Deoptimize)
Event: 8.761 Executing VM operation: HandshakeAllThreads (Deoptimize) done
Event: 8.963 Executing VM operation: HandshakeAllThreads (Deoptimize)
Event: 8.963 Executing VM operation: HandshakeAllThreads (Deoptimize) done
Event: 8.975 Executing VM operation: ICBufferFull
Event: 8.975 Executing VM operation: ICBufferFull done
Event: 8.981 Executing VM operation: HandshakeAllThreads (Deoptimize)
Event: 8.981 Executing VM operation: HandshakeAllThreads (Deoptimize) done
Event: 8.998 Executing VM operation: G1CollectForAllocation (G1 Evacuation Pause)
Event: 9.004 Executing VM operation: G1CollectForAllocation (G1 Evacuation Pause) done
Event: 9.034 Executing VM operation: HandshakeAllThreads (Deoptimize)
Event: 9.034 Executing VM operation: HandshakeAllThreads (Deoptimize) done
Event: 9.048 Executing VM operation: HandshakeAllThreads (Deoptimize)
Event: 9.048 Executing VM operation: HandshakeAllThreads (Deoptimize) done
Event: 9.158 Executing VM operation: G1TryInitiateConcMark (G1 Humongous Allocation)

Memory protections (0 events):
No events

Nmethod flushes (20 events):
Event: 7.433 Thread 0x0000016f08591a30 flushing  nmethod 0x0000016f137f5010
Event: 7.433 Thread 0x0000016f08591a30 flushing  nmethod 0x0000016f137f5490
Event: 7.433 Thread 0x0000016f08591a30 flushing  nmethod 0x0000016f137f5c10
Event: 7.433 Thread 0x0000016f08591a30 flushing  nmethod 0x0000016f137f7490
Event: 7.433 Thread 0x0000016f08591a30 flushing  nmethod 0x0000016f137f7a90
Event: 7.433 Thread 0x0000016f08591a30 flushing  nmethod 0x0000016f137f7e90
Event: 7.433 Thread 0x0000016f08591a30 flushing  nmethod 0x0000016f137f8410
Event: 7.433 Thread 0x0000016f08591a30 flushing  nmethod 0x0000016f137f8810
Event: 7.433 Thread 0x0000016f08591a30 flushing  nmethod 0x0000016f137f8b90
Event: 7.433 Thread 0x0000016f08591a30 flushing  nmethod 0x0000016f137f9110
Event: 7.433 Thread 0x0000016f08591a30 flushing  nmethod 0x0000016f137f9690
Event: 7.433 Thread 0x0000016f08591a30 flushing  nmethod 0x0000016f137f9c10
Event: 7.433 Thread 0x0000016f08591a30 flushing  nmethod 0x0000016f137fa190
Event: 7.433 Thread 0x0000016f08591a30 flushing  nmethod 0x0000016f137fa710
Event: 7.433 Thread 0x0000016f08591a30 flushing  nmethod 0x0000016f137fc910
Event: 7.433 Thread 0x0000016f08591a30 flushing  nmethod 0x0000016f137fd010
Event: 7.433 Thread 0x0000016f08591a30 flushing  nmethod 0x0000016f137fd510
Event: 7.433 Thread 0x0000016f08591a30 flushing  nmethod 0x0000016f137fde10
Event: 7.433 Thread 0x0000016f08591a30 flushing  nmethod 0x0000016f137ffb10
Event: 7.433 Thread 0x0000016f08591a30 flushing  nmethod 0x0000016f13800190

Events (13 events):
Event: 0.023 Thread 0x0000016f0a925930 Thread added: 0x0000016f0a925930
Event: 0.036 Thread 0x0000016f0a925930 Thread added: 0x0000016f2583a770
Event: 0.036 Thread 0x0000016f0a925930 Thread added: 0x0000016f2583b2c0
Event: 0.037 Thread 0x0000016f0a925930 Thread added: 0x0000016f25847190
Event: 0.037 Thread 0x0000016f0a925930 Thread added: 0x0000016f25847f90
Event: 0.037 Thread 0x0000016f0a925930 Thread added: 0x0000016f258498b0
Event: 0.037 Thread 0x0000016f0a925930 Thread added: 0x0000016f2584bb90
Event: 0.037 Thread 0x0000016f0a925930 Thread added: 0x0000016f25855060
Event: 0.037 Thread 0x0000016f0a925930 Thread added: 0x0000016f2585ac90
Event: 0.054 Thread 0x0000016f0a925930 Thread added: 0x0000016f259f6780
Event: 0.057 Thread 0x0000016f0a925930 Thread added: 0x0000016f25a08bf0
Event: 8.731 Thread 0x0000016f0a925930 Thread added: 0x0000016f6c60c990
Event: 8.757 Thread 0x0000016f6c60c990 Thread exited: 0x0000016f6c60c990


Dynamic libraries:
0x00007ff7e6c80000 - 0x00007ff7e6c8e000 	C:\Users\darsh\AppData\Local\Programs\Eclipse Adoptium\jdk-21.0.8.9-hotspot\bin\java.exe
0x00007ff991900000 - 0x00007ff991b68000 	C:\WINDOWS\SYSTEM32\ntdll.dll
0x00007ff9903d0000 - 0x00007ff990499000 	C:\WINDOWS\System32\KERNEL32.DLL
0x00007ff98ebc0000 - 0x00007ff98efb2000 	C:\WINDOWS\System32\KERNELBASE.dll
0x00007ff98f1e0000 - 0x00007ff98f32b000 	C:\WINDOWS\System32\ucrtbase.dll
0x00007ff975810000 - 0x00007ff97582e000 	C:\Users\darsh\AppData\Local\Programs\Eclipse Adoptium\jdk-21.0.8.9-hotspot\bin\VCRUNTIME140.dll
0x00007ff9768e0000 - 0x00007ff9768f8000 	C:\Users\darsh\AppData\Local\Programs\Eclipse Adoptium\jdk-21.0.8.9-hotspot\bin\jli.dll
0x00007ff98fc00000 - 0x00007ff98fdc5000 	C:\WINDOWS\System32\USER32.dll
0x00007ff98f530000 - 0x00007ff98f557000 	C:\WINDOWS\System32\win32u.dll
0x00007ff978080000 - 0x00007ff978313000 	C:\WINDOWS\WinSxS\amd64_microsoft.windows.common-controls_6595b64144ccf1df_6.0.26100.6725_none_3e085828e334708b\COMCTL32.dll
0x00007ff990a30000 - 0x00007ff990a5b000 	C:\WINDOWS\System32\GDI32.dll
0x00007ff98fa70000 - 0x00007ff98fb19000 	C:\WINDOWS\System32\msvcrt.dll
0x00007ff98ea90000 - 0x00007ff98ebbd000 	C:\WINDOWS\System32\gdi32full.dll
0x00007ff98f560000 - 0x00007ff98f603000 	C:\WINDOWS\System32\msvcp_win.dll
0x00007ff98f870000 - 0x00007ff98f89f000 	C:\WINDOWS\System32\IMM32.DLL
0x00007ff988ba0000 - 0x00007ff988bac000 	C:\Users\darsh\AppData\Local\Programs\Eclipse Adoptium\jdk-21.0.8.9-hotspot\bin\vcruntime140_1.dll
0x00007ff9496d0000 - 0x00007ff94975d000 	C:\Users\darsh\AppData\Local\Programs\Eclipse Adoptium\jdk-21.0.8.9-hotspot\bin\msvcp140.dll
0x00007ff8fe290000 - 0x00007ff8ff027000 	C:\Users\darsh\AppData\Local\Programs\Eclipse Adoptium\jdk-21.0.8.9-hotspot\bin\server\jvm.dll
0x00007ff98f8b0000 - 0x00007ff98f964000 	C:\WINDOWS\System32\ADVAPI32.dll
0x00007ff98ff60000 - 0x00007ff990006000 	C:\WINDOWS\System32\sechost.dll
0x00007ff98fdd0000 - 0x00007ff98fee8000 	C:\WINDOWS\System32\RPCRT4.dll
0x00007ff9909b0000 - 0x00007ff990a24000 	C:\WINDOWS\System32\WS2_32.dll
0x00007ff98e8f0000 - 0x00007ff98e94e000 	C:\WINDOWS\SYSTEM32\POWRPROF.dll
0x00007ff97f6a0000 - 0x00007ff97f6ab000 	C:\WINDOWS\SYSTEM32\VERSION.dll
0x00007ff97e080000 - 0x00007ff97e0b5000 	C:\WINDOWS\SYSTEM32\WINMM.dll
0x00007ff98e8d0000 - 0x00007ff98e8e4000 	C:\WINDOWS\SYSTEM32\UMPDC.dll
0x00007ff98d840000 - 0x00007ff98d85b000 	C:\WINDOWS\SYSTEM32\kernel.appcore.dll
0x00007ff988b70000 - 0x00007ff988b7a000 	C:\Users\darsh\AppData\Local\Programs\Eclipse Adoptium\jdk-21.0.8.9-hotspot\bin\jimage.dll
0x00007ff98c440000 - 0x00007ff98c682000 	C:\WINDOWS\SYSTEM32\DBGHELP.DLL
0x00007ff991530000 - 0x00007ff9918ab000 	C:\WINDOWS\System32\combase.dll
0x00007ff98fb20000 - 0x00007ff98fbf7000 	C:\WINDOWS\System32\OLEAUT32.dll
0x00007ff971f10000 - 0x00007ff971f4c000 	C:\WINDOWS\SYSTEM32\dbgcore.DLL
0x00007ff98f140000 - 0x00007ff98f1d8000 	C:\WINDOWS\System32\bcryptPrimitives.dll
0x00007ff968860000 - 0x00007ff96887f000 	C:\Users\darsh\AppData\Local\Programs\Eclipse Adoptium\jdk-21.0.8.9-hotspot\bin\java.dll
0x00007ff990a70000 - 0x00007ff9911bc000 	C:\WINDOWS\System32\SHELL32.dll
0x00007ff98f3c0000 - 0x00007ff98f52b000 	C:\WINDOWS\System32\wintypes.dll
0x00007ff98c6c0000 - 0x00007ff98cf1d000 	C:\WINDOWS\SYSTEM32\windows.storage.dll
0x00007ff990070000 - 0x00007ff990162000 	C:\WINDOWS\System32\SHCORE.dll
0x00007ff98fef0000 - 0x00007ff98ff52000 	C:\WINDOWS\System32\shlwapi.dll
0x00007ff98e9b0000 - 0x00007ff98e9d9000 	C:\WINDOWS\SYSTEM32\profapi.dll
0x00007ff947c50000 - 0x00007ff947d27000 	C:\Users\darsh\AppData\Local\Programs\Eclipse Adoptium\jdk-21.0.8.9-hotspot\bin\jsvml.dll
0x00007ff982470000 - 0x00007ff982480000 	C:\Users\darsh\AppData\Local\Programs\Eclipse Adoptium\jdk-21.0.8.9-hotspot\bin\net.dll
0x00007ff980cd0000 - 0x00007ff980def000 	C:\WINDOWS\SYSTEM32\WINHTTP.dll
0x00007ff98ddd0000 - 0x00007ff98de3b000 	C:\WINDOWS\system32\mswsock.dll
0x00007ff95fe30000 - 0x00007ff95fe46000 	C:\Users\darsh\AppData\Local\Programs\Eclipse Adoptium\jdk-21.0.8.9-hotspot\bin\nio.dll
0x00007ff95fdf0000 - 0x00007ff95fe08000 	C:\Users\darsh\AppData\Local\Programs\Eclipse Adoptium\jdk-21.0.8.9-hotspot\bin\zip.dll
0x0000000069ac0000 - 0x0000000069ae4000 	C:\Program Files\Apache\Maven\apache-maven-3.8.9\lib\jansi-native\Windows\x86_64\jansi.dll
0x00007ff976210000 - 0x00007ff976220000 	C:\Users\darsh\AppData\Local\Programs\Eclipse Adoptium\jdk-21.0.8.9-hotspot\bin\verify.dll
0x00007ff98d980000 - 0x00007ff98d9b6000 	C:\WINDOWS\SYSTEM32\ntmarta.dll

JVMTI agents: none

dbghelp: loaded successfully - version: 4.0.5 - missing functions: none
symbol engine: initialized successfully - sym options: 0x614 - pdb path: .;C:\Users\darsh\AppData\Local\Programs\Eclipse Adoptium\jdk-21.0.8.9-hotspot\bin;C:\WINDOWS\SYSTEM32;C:\WINDOWS\WinSxS\amd64_microsoft.windows.common-controls_6595b64144ccf1df_6.0.26100.6725_none_3e085828e334708b;C:\Users\darsh\AppData\Local\Programs\Eclipse Adoptium\jdk-21.0.8.9-hotspot\bin\server;C:\Program Files\Apache\Maven\apache-maven-3.8.9\lib\jansi-native\Windows\x86_64

VM Arguments:
jvm_args: -Dclassworlds.conf=C:\Program Files\Apache\Maven\apache-maven-3.8.9\bin\m2.conf -Dmaven.home=C:\Program Files\Apache\Maven\apache-maven-3.8.9 -Dlibrary.jansi.path=C:\Program Files\Apache\Maven\apache-maven-3.8.9\lib\jansi-native -Dmaven.multiModuleProjectDirectory=C:\Users\darsh\OneDrive\Desktop\Downloads\Medisphere\Medisphere\Medisphere 
java_command: org.codehaus.plexus.classworlds.launcher.Launcher clean install -DskipTests
java_class_path (initial): C:\Program Files\Apache\Maven\apache-maven-3.8.9\boot\plexus-classworlds-2.6.0.jar
Launcher Type: SUN_STANDARD

[Global flags]
     intx CICompilerCount                          = 3                                         {product} {ergonomic}
     uint ConcGCThreads                            = 1                                         {product} {ergonomic}
     uint G1ConcRefinementThreads                  = 4                                         {product} {ergonomic}
   size_t G1HeapRegionSize                         = 1048576                                   {product} {ergonomic}
    uintx GCDrainStackTargetSize                   = 64                                        {product} {ergonomic}
   size_t InitialHeapSize                          = 67108864                                  {product} {ergonomic}
   size_t MarkStackSize                            = 4194304                                   {product} {ergonomic}
   size_t MaxHeapSize                              = 1050673152                                {product} {ergonomic}
   size_t MaxNewSize                               = 630194176                                 {product} {ergonomic}
   size_t MinHeapDeltaBytes                        = 1048576                                   {product} {ergonomic}
   size_t MinHeapSize                              = 8388608                                   {product} {ergonomic}
    uintx NonNMethodCodeHeapSize                   = 5832780                                {pd product} {ergonomic}
    uintx NonProfiledCodeHeapSize                  = 122912730                              {pd product} {ergonomic}
    uintx ProfiledCodeHeapSize                     = 122912730                              {pd product} {ergonomic}
    uintx ReservedCodeCacheSize                    = 251658240                              {pd product} {ergonomic}
     bool SegmentedCodeCache                       = true                                      {product} {ergonomic}
   size_t SoftMaxHeapSize                          = 1050673152                             {manageable} {ergonomic}
     bool UseCompressedOops                        = true                           {product lp64_product} {ergonomic}
     bool UseG1GC                                  = true                                      {product} {ergonomic}
     bool UseLargePagesIndividualAllocation        = false                                  {pd product} {ergonomic}

Logging:
Log output configuration:
 #0: stdout all=warning uptime,level,tags foldmultilines=false
 #1: stderr all=off uptime,level,tags foldmultilines=false

Environment Variables:
PATH=C:\app\darsh\product\21c\dbhomeXE\bin;C:\Program Files\Python312\;C:\WINDOWS\system32;C:\WINDOWS;C:\WINDOWS\System32\Wbem;C:\WINDOWS\System32\WindowsPowerShell\v1.0\;C:\WINDOWS\System32\OpenSSH\;C:\Users\darsh\AppData\Local\Programs\Python\Python313;C:\Users\darsh\AppData\Local\Programs\Python\Python313\Scripts;C:\ProgramData\chocolatey\bin;C:\Users\darsh\AppData\Roaming\Python\Python312\Scripts;C:\Users\darsh\AppData\Roaming\Python\Python312\site-packages;C:\Program Files\MySQL\MySQL Server 8.0\bin;C:\Program Files\PostgreSQL\14\bin;C:\Program Files\mongoshell\mongosh-2.4.2-win32-x64\bin;C:\Program Files\MongoDB\Server\7.0\bin;C:\Users\darsh\Downloads\mongodb-database-tools-windows-x86_64-100.12.0\mongodb-database-tools-windows-x86_64-100.12.0\bin;C:\Program Files\Git\cmd;C:\Program Files\nodejs\;C:\Program Files\Git LFS;C:\Program Files\Docker\Docker\resources\bin;C:\Program Files\Apache\Maven\apache-maven-3.8.9\bin;C:\Users\darsh\AppData\Local\Programs\Eclipse Adoptium\jdk-21.0.8.9-hotspot\bin;C:\Users\darsh\AppData\Local\Programs\Python\Launcher\;C:\Users\darsh\AppData\Local\Microsoft\WindowsApps;C:\Users\darsh\AppData\Local\Programs\Microsoft VS Code\bin;C:\Users\darsh\PyCharm Community Edition 2024.3.1.1\bin;;C:\Users\darsh\AppData\Local\GitHubDesktop\bin;C:\ProgramData\darsh\GitHubDesktop\bin;C:\Users\Darsh\AppData\Local\Programs\Python\Python313\;C:\Users\darsh\AppData\Roaming\npm;C:\Program Files\JetBrains\IntelliJ IDEA Community Edition 2025.2\bin
USERNAME=darsh
LANG=en_US.UTF-8
OS=Windows_NT
PROCESSOR_IDENTIFIER=Intel64 Family 6 Model 142 Stepping 10, GenuineIntel
TMP=C:\Users\darsh\AppData\Local\Temp
TEMP=C:\Users\darsh\AppData\Local\Temp




Periodic native trim disabled

---------------  S Y S T E M  ---------------

OS:
 Windows 11 , 64 bit Build 26100 (10.0.26100.6725)
OS uptime: 0 days 2:26 hours
Hyper-V role detected

CPU: total 4 (initial active 4) (2 cores per cpu, 2 threads per core) family 6 model 142 stepping 10 microcode 0xe0, cx8, cmov, fxsr, ht, mmx, 3dnowpref, sse, sse2, sse3, ssse3, sse4.1, sse4.2, popcnt, lzcnt, tsc, tscinvbit, avx, avx2, aes, erms, clmul, bmi1, bmi2, adx, fma, vzeroupper, clflush, clflushopt, hv, rdtscp, f16c
Processor Information for the first 4 processors :
  Max Mhz: 2208, Current Mhz: 2208, Mhz Limit: 2208

Memory: 4k page, system-wide physical 4001M (314M free)
TotalPageFile size 12193M (AvailPageFile size 1M)
current process WorkingSet (physical memory assigned to process): 253M, peak: 253M
current process commit charge ("private bytes"): 275M, peak: 276M

vm_info: OpenJDK 64-Bit Server VM (21.0.8+9-LTS) for windows-amd64 JRE (21.0.8+9-LTS), built on 2025-07-15T00:00:00Z by "admin" with MS VC++ 17.7 (VS2022)

END.
