#
# There is insufficient memory for the Java Runtime Environment to continue.
# Native memory allocation (malloc) failed to allocate 4607640 bytes. Error detail: Chunk::new
# Possible reasons:
#   The system is out of physical RAM or swap space
#   This process is running with CompressedOops enabled, and the Java Heap may be blocking the growth of the native heap
# Possible solutions:
#   Reduce memory load on the system
#   Increase physical memory or swap space
#   Check if swap backing store is full
#   Decrease Java heap size (-Xmx/-Xms)
#   Decrease number of Java threads
#   Decrease Java thread stack sizes (-Xss)
#   Set larger code cache with -XX:ReservedCodeCacheSize=
#   JVM is running with Unscaled Compressed Oops mode in which the Java heap is
#     placed in the first 4GB address space. The Java Heap base address is the
#     maximum limit for the native heap growth. Please use -XX:HeapBaseMinAddress
#     to set the Java Heap base and to place the Java Heap above 4GB virtual address.
# This output file may be truncated or incomplete.
#
#  Out of Memory Error (arena.cpp:186), pid=7004, tid=10108
#
# JRE version: OpenJDK Runtime Environment (25.0+36) (build 25+36-3489)
# Java VM: OpenJDK 64-Bit Server VM (25+36-3489, mixed mode, sharing, tiered, compressed oops, compressed class ptrs, g1 gc, windows-amd64)
# No core dump will be written. Minidumps are not enabled by default on client versions of Windows
#

---------------  S U M M A R Y ------------

Command Line: --enable-native-access=ALL-UNNAMED -Dclassworlds.conf=C:\Users\darsh\.m2\wrapper\dists\apache-maven-3.9.11\03d7e36a140982eea48e22c1dcac01d8862b2550b2939e09a0809bbc5182a5bc\bin\m2.conf -Dmaven.home=C:\Users\darsh\.m2\wrapper\dists\apache-maven-3.9.11\03d7e36a140982eea48e22c1dcac01d8862b2550b2939e09a0809bbc5182a5bc -Dlibrary.jansi.path=C:\Users\darsh\.m2\wrapper\dists\apache-maven-3.9.11\03d7e36a140982eea48e22c1dcac01d8862b2550b2939e09a0809bbc5182a5bc\lib\jansi-native -Dmaven.multiModuleProjectDirectory=C:\Users\darsh\OneDrive\Desktop\Medisphere\Medisphere\Medisphere org.codehaus.plexus.classworlds.launcher.Launcher -Dtest=com.medisphere.MedisphereApplicationTests -DforkMode=once -Dmaven.surefire.debug=-agentlib:jdwp=transport=dt_socket,server=n,address=64262 -Djpda.listen=true -Djpda.address=64262 -Dmaven.ext.class.path=C:\Users\darsh\.vscode\extensions\oracle.oracle-java-24.1.2\nbcode\java\maven-nblib\netbeans-eventspy.jar --no-transfer-progress process-test-classes surefire:test

Host: Intel(R) Core(TM) i3-8130U CPU @ 2.20GHz, 4 cores, 3G,  Windows 11 , 64 bit Build 26100 (10.0.26100.6725)
Time: Mon Nov 10 10:26:55 2025 India Standard Time elapsed time: 2.267841 seconds (0d 0h 0m 2s)

---------------  T H R E A D  ---------------

Current thread (0x000001b9c682b2d0):  JavaThread "C2 CompilerThread0" daemon [_thread_in_native, id=10108, stack(0x000000a16b200000,0x000000a16b300000) (1024K)]


Current CompileTask:
C2:2267 1336   !   4       sun.nio.cs.StreamDecoder::read (220 bytes)

Stack: [0x000000a16b200000,0x000000a16b300000]
Native frames: (J=compiled Java code, j=interpreted, Vv=VM code, C=native code)
V  [jvm.dll+0x7a6a39]  (no source info available)
V  [jvm.dll+0x7727ed]  (no source info available)
V  [jvm.dll+0x965f33]  (no source info available)
V  [jvm.dll+0x968531]  (no source info available)
V  [jvm.dll+0x968c33]  (no source info available)
V  [jvm.dll+0x2fc756]  (no source info available)
V  [jvm.dll+0x111b26]  (no source info available)
V  [jvm.dll+0x111e4e]  (no source info available)
V  [jvm.dll+0x1a0a22]  (no source info available)
V  [jvm.dll+0x3b53c2]  (no source info available)
V  [jvm.dll+0x7ac3cf]  (no source info available)
V  [jvm.dll+0x2c0ac7]  (no source info available)
V  [jvm.dll+0x2bfa8f]  (no source info available)
V  [jvm.dll+0x237b60]  (no source info available)
V  [jvm.dll+0x2cfb56]  (no source info available)
V  [jvm.dll+0x2cddd5]  (no source info available)
V  [jvm.dll+0x48e671]  (no source info available)
V  [jvm.dll+0x90681d]  (no source info available)
V  [jvm.dll+0x7a5015]  (no source info available)
C  [ucrtbase.dll+0x37b0]  (no source info available)
C  [KERNEL32.DLL+0x2e8d7]  (no source info available)
C  [ntdll.dll+0x8c53c]  (no source info available)

Lock stack of current Java thread (top to bottom):


---------------  P R O C E S S  ---------------

Threads class SMR info:
_java_thread_list=0x000001b9cb0d5840, length=11, elements={
0x000001b9a9444310, 0x000001b9ab84abc0, 0x000001b9ab84c6f0, 0x000001b9ab852710,
0x000001b9ab8532d0, 0x000001b9ab8582f0, 0x000001b9c681ff60, 0x000001b9c682b2d0,
0x000001b9ab85a790, 0x000001b9c681f790, 0x000001b9c6820730
}

Java Threads: ( => current thread )
  0x000001b9a9444310 JavaThread "main"                              [_thread_in_Java, id=2324, stack(0x000000a16a400000,0x000000a16a500000) (1024K)]
  0x000001b9ab84abc0 JavaThread "Reference Handler"          daemon [_thread_blocked, id=15592, stack(0x000000a16ac00000,0x000000a16ad00000) (1024K)]
  0x000001b9ab84c6f0 JavaThread "Finalizer"                  daemon [_thread_blocked, id=12376, stack(0x000000a16ad00000,0x000000a16ae00000) (1024K)]
  0x000001b9ab852710 JavaThread "Signal Dispatcher"          daemon [_thread_blocked, id=5200, stack(0x000000a16ae00000,0x000000a16af00000) (1024K)]
  0x000001b9ab8532d0 JavaThread "Attach Listener"            daemon [_thread_blocked, id=17272, stack(0x000000a16af00000,0x000000a16b000000) (1024K)]
  0x000001b9ab8582f0 JavaThread "Service Thread"             daemon [_thread_blocked, id=15876, stack(0x000000a16b000000,0x000000a16b100000) (1024K)]
  0x000001b9c681ff60 JavaThread "Monitor Deflation Thread"   daemon [_thread_blocked, id=8260, stack(0x000000a16b100000,0x000000a16b200000) (1024K)]
=>0x000001b9c682b2d0 JavaThread "C2 CompilerThread0"         daemon [_thread_in_native, id=10108, stack(0x000000a16b200000,0x000000a16b300000) (1024K)]
  0x000001b9ab85a790 JavaThread "C1 CompilerThread0"         daemon [_thread_blocked, id=14508, stack(0x000000a16b300000,0x000000a16b400000) (1024K)]
  0x000001b9c681f790 JavaThread "Notification Thread"        daemon [_thread_blocked, id=4848, stack(0x000000a16b400000,0x000000a16b500000) (1024K)]
  0x000001b9c6820730 JavaThread "Common-Cleaner"             daemon [_thread_blocked, id=8924, stack(0x000000a16b500000,0x000000a16b600000) (1024K)]
Total: 11

Other Threads:
  0x000001b9ab839d10 VMThread "VM Thread"                           [id=14232, stack(0x000000a16ab00000,0x000000a16ac00000) (1024K)]
  0x000001b9c681c0d0 WatcherThread "VM Periodic Task Thread"        [id=16340, stack(0x000000a16aa00000,0x000000a16ab00000) (1024K)]
  0x000001b9ab7dc160 WorkerThread "GC Thread#0"                     [id=16112, stack(0x000000a16a500000,0x000000a16a600000) (1024K)]
  0x000001b9ab7ec080 ConcurrentGCThread "G1 Main Marker"            [id=11592, stack(0x000000a16a600000,0x000000a16a700000) (1024K)]
  0x000001b9ab7ed3c0 WorkerThread "G1 Conc#0"                       [id=9180, stack(0x000000a16a700000,0x000000a16a800000) (1024K)]
  0x000001b9ab815030 ConcurrentGCThread "G1 Refine#0"               [id=152, stack(0x000000a16a800000,0x000000a16a900000) (1024K)]
  0x000001b9ab816c50 ConcurrentGCThread "G1 Service"                [id=18420, stack(0x000000a16a900000,0x000000a16aa00000) (1024K)]
Total: 7

Threads with active compile tasks:
C2 CompilerThread0  2441 1336   !   4       sun.nio.cs.StreamDecoder::read (220 bytes)
Total: 1

VM state: not at safepoint (normal execution)

VM Mutex/Monitor currently owned by a thread: None

Heap address: 0x00000000c1600000, size: 1002 MB, Compressed Oops mode: 32-bit

CDS archive(s) mapped at: [0x0000000029000000-0x0000000029dd0000-0x0000000029dd0000), size 14483456, SharedBaseAddress: 0x0000000029000000, ArchiveRelocationMode: 1.
Compressed class space mapped at: 0x000000002a000000-0x000000006a000000, reserved size: 1073741824
UseCompressedClassPointers 1, UseCompactObjectHeaders 0
Narrow klass pointer bits 32, Max shift 3
Narrow klass base: 0x0000000029000000, Narrow klass shift: 0
Encoding Range: [0x0000000029000000 - 0x0000000129000000), (4294967296 bytes)
Klass Range:    [0x0000000029010000 - 0x000000006a000000), (1090453504 bytes)
Klass ID Range:  [65536 - 1090519033) (1090453497)
Protection zone: [0x0000000029000000 - 0x0000000029010000), (65536 bytes)

GC Precious Log:
 CardTable entry size: 512
 Card Set container configuration: InlinePtr #cards 5 size 8 Array Of Cards #cards 10 size 36 Howl #buckets 4 coarsen threshold 1843 Howl Bitmap #cards 512 size 80 coarsen threshold 460 Card regions per heap region 1 cards per card region 2048
 CPUs: 4 total, 4 available
 Memory: 4001M
 Large Page Support: Disabled
 NUMA Support: Disabled
 Compressed Oops: Enabled (32-bit)
 Heap Region Size: 1M
 Heap Min Capacity: 8M
 Heap Initial Capacity: 64M
 Heap Max Capacity: 1002M
 Pre-touch: Disabled
 Parallel Workers: 4
 Concurrent Workers: 1
 Concurrent Refinement Workers: 4
 Periodic GC: Disabled

Heap:
 garbage-first heap   total reserved 1026048K, committed 67584K, used 27795K [0x00000000c1600000, 0x0000000100000000)
  region size 1024K, 27 young (27648K), 0 survivors (0K)

Heap Regions: E=young(eden), S=young(survivor), O=old, HS=humongous(starts), HC=humongous(continues), CS=collection set, F=free, TAMS=top-at-mark-start, PB=parsable bottom
|   0|0x00000000c1600000, 0x00000000c1600000, 0x00000000c1700000|  0%| F|  |TAMS 0x00000000c1600000| PB 0x00000000c1600000| Untracked |  0
|   1|0x00000000c1700000, 0x00000000c1700000, 0x00000000c1800000|  0%| F|  |TAMS 0x00000000c1700000| PB 0x00000000c1700000| Untracked |  0
|   2|0x00000000c1800000, 0x00000000c1800000, 0x00000000c1900000|  0%| F|  |TAMS 0x00000000c1800000| PB 0x00000000c1800000| Untracked |  0
|   3|0x00000000c1900000, 0x00000000c1900000, 0x00000000c1a00000|  0%| F|  |TAMS 0x00000000c1900000| PB 0x00000000c1900000| Untracked |  0
|   4|0x00000000c1a00000, 0x00000000c1a00000, 0x00000000c1b00000|  0%| F|  |TAMS 0x00000000c1a00000| PB 0x00000000c1a00000| Untracked |  0
|   5|0x00000000c1b00000, 0x00000000c1b00000, 0x00000000c1c00000|  0%| F|  |TAMS 0x00000000c1b00000| PB 0x00000000c1b00000| Untracked |  0
|   6|0x00000000c1c00000, 0x00000000c1c00000, 0x00000000c1d00000|  0%| F|  |TAMS 0x00000000c1c00000| PB 0x00000000c1c00000| Untracked |  0
|   7|0x00000000c1d00000, 0x00000000c1d00000, 0x00000000c1e00000|  0%| F|  |TAMS 0x00000000c1d00000| PB 0x00000000c1d00000| Untracked |  0
|   8|0x00000000c1e00000, 0x00000000c1e00000, 0x00000000c1f00000|  0%| F|  |TAMS 0x00000000c1e00000| PB 0x00000000c1e00000| Untracked |  0
|   9|0x00000000c1f00000, 0x00000000c1f00000, 0x00000000c2000000|  0%| F|  |TAMS 0x00000000c1f00000| PB 0x00000000c1f00000| Untracked |  0
|  10|0x00000000c2000000, 0x00000000c2000000, 0x00000000c2100000|  0%| F|  |TAMS 0x00000000c2000000| PB 0x00000000c2000000| Untracked |  0
|  11|0x00000000c2100000, 0x00000000c2100000, 0x00000000c2200000|  0%| F|  |TAMS 0x00000000c2100000| PB 0x00000000c2100000| Untracked |  0
|  12|0x00000000c2200000, 0x00000000c2200000, 0x00000000c2300000|  0%| F|  |TAMS 0x00000000c2200000| PB 0x00000000c2200000| Untracked |  0
|  13|0x00000000c2300000, 0x00000000c2300000, 0x00000000c2400000|  0%| F|  |TAMS 0x00000000c2300000| PB 0x00000000c2300000| Untracked |  0
|  14|0x00000000c2400000, 0x00000000c2400000, 0x00000000c2500000|  0%| F|  |TAMS 0x00000000c2400000| PB 0x00000000c2400000| Untracked |  0
|  15|0x00000000c2500000, 0x00000000c2500000, 0x00000000c2600000|  0%| F|  |TAMS 0x00000000c2500000| PB 0x00000000c2500000| Untracked |  0
|  16|0x00000000c2600000, 0x00000000c2600000, 0x00000000c2700000|  0%| F|  |TAMS 0x00000000c2600000| PB 0x00000000c2600000| Untracked |  0
|  17|0x00000000c2700000, 0x00000000c2700000, 0x00000000c2800000|  0%| F|  |TAMS 0x00000000c2700000| PB 0x00000000c2700000| Untracked |  0
|  18|0x00000000c2800000, 0x00000000c2800000, 0x00000000c2900000|  0%| F|  |TAMS 0x00000000c2800000| PB 0x00000000c2800000| Untracked |  0
|  19|0x00000000c2900000, 0x00000000c2900000, 0x00000000c2a00000|  0%| F|  |TAMS 0x00000000c2900000| PB 0x00000000c2900000| Untracked |  0
|  20|0x00000000c2a00000, 0x00000000c2a00000, 0x00000000c2b00000|  0%| F|  |TAMS 0x00000000c2a00000| PB 0x00000000c2a00000| Untracked |  0
|  21|0x00000000c2b00000, 0x00000000c2b00000, 0x00000000c2c00000|  0%| F|  |TAMS 0x00000000c2b00000| PB 0x00000000c2b00000| Untracked |  0
|  22|0x00000000c2c00000, 0x00000000c2c00000, 0x00000000c2d00000|  0%| F|  |TAMS 0x00000000c2c00000| PB 0x00000000c2c00000| Untracked |  0
|  23|0x00000000c2d00000, 0x00000000c2d00000, 0x00000000c2e00000|  0%| F|  |TAMS 0x00000000c2d00000| PB 0x00000000c2d00000| Untracked |  0
|  24|0x00000000c2e00000, 0x00000000c2e00000, 0x00000000c2f00000|  0%| F|  |TAMS 0x00000000c2e00000| PB 0x00000000c2e00000| Untracked |  0
|  25|0x00000000c2f00000, 0x00000000c2f00000, 0x00000000c3000000|  0%| F|  |TAMS 0x00000000c2f00000| PB 0x00000000c2f00000| Untracked |  0
|  26|0x00000000c3000000, 0x00000000c3000000, 0x00000000c3100000|  0%| F|  |TAMS 0x00000000c3000000| PB 0x00000000c3000000| Untracked |  0
|  27|0x00000000c3100000, 0x00000000c3100000, 0x00000000c3200000|  0%| F|  |TAMS 0x00000000c3100000| PB 0x00000000c3100000| Untracked |  0
|  28|0x00000000c3200000, 0x00000000c3200000, 0x00000000c3300000|  0%| F|  |TAMS 0x00000000c3200000| PB 0x00000000c3200000| Untracked |  0
|  29|0x00000000c3300000, 0x00000000c3300000, 0x00000000c3400000|  0%| F|  |TAMS 0x00000000c3300000| PB 0x00000000c3300000| Untracked |  0
|  30|0x00000000c3400000, 0x00000000c3400000, 0x00000000c3500000|  0%| F|  |TAMS 0x00000000c3400000| PB 0x00000000c3400000| Untracked |  0
|  31|0x00000000c3500000, 0x00000000c3500000, 0x00000000c3600000|  0%| F|  |TAMS 0x00000000c3500000| PB 0x00000000c3500000| Untracked |  0
|  32|0x00000000c3600000, 0x00000000c3600000, 0x00000000c3700000|  0%| F|  |TAMS 0x00000000c3600000| PB 0x00000000c3600000| Untracked |  0
|  33|0x00000000c3700000, 0x00000000c3700000, 0x00000000c3800000|  0%| F|  |TAMS 0x00000000c3700000| PB 0x00000000c3700000| Untracked |  0
|  34|0x00000000c3800000, 0x00000000c3800000, 0x00000000c3900000|  0%| F|  |TAMS 0x00000000c3800000| PB 0x00000000c3800000| Untracked |  0
|  35|0x00000000c3900000, 0x00000000c3900000, 0x00000000c3a00000|  0%| F|  |TAMS 0x00000000c3900000| PB 0x00000000c3900000| Untracked |  0
|  36|0x00000000c3a00000, 0x00000000c3a00000, 0x00000000c3b00000|  0%| F|  |TAMS 0x00000000c3a00000| PB 0x00000000c3a00000| Untracked |  0
|  37|0x00000000c3b00000, 0x00000000c3b80000, 0x00000000c3c00000| 50%| E|  |TAMS 0x00000000c3b00000| PB 0x00000000c3b00000| Complete |  0
|  38|0x00000000c3c00000, 0x00000000c3d00000, 0x00000000c3d00000|100%| E|CS|TAMS 0x00000000c3c00000| PB 0x00000000c3c00000| Complete |  0
|  39|0x00000000c3d00000, 0x00000000c3e00000, 0x00000000c3e00000|100%| E|CS|TAMS 0x00000000c3d00000| PB 0x00000000c3d00000| Complete |  0
|  40|0x00000000c3e00000, 0x00000000c3f00000, 0x00000000c3f00000|100%| E|CS|TAMS 0x00000000c3e00000| PB 0x00000000c3e00000| Complete |  0
|  41|0x00000000c3f00000, 0x00000000c4000000, 0x00000000c4000000|100%| E|CS|TAMS 0x00000000c3f00000| PB 0x00000000c3f00000| Complete |  0
|  42|0x00000000c4000000, 0x00000000c4100000, 0x00000000c4100000|100%| E|CS|TAMS 0x00000000c4000000| PB 0x00000000c4000000| Complete |  0
|  43|0x00000000c4100000, 0x00000000c4200000, 0x00000000c4200000|100%| E|CS|TAMS 0x00000000c4100000| PB 0x00000000c4100000| Complete |  0
|  44|0x00000000c4200000, 0x00000000c4300000, 0x00000000c4300000|100%| E|CS|TAMS 0x00000000c4200000| PB 0x00000000c4200000| Complete |  0
|  45|0x00000000c4300000, 0x00000000c4400000, 0x00000000c4400000|100%| E|CS|TAMS 0x00000000c4300000| PB 0x00000000c4300000| Complete |  0
|  46|0x00000000c4400000, 0x00000000c4500000, 0x00000000c4500000|100%| E|CS|TAMS 0x00000000c4400000| PB 0x00000000c4400000| Complete |  0
|  47|0x00000000c4500000, 0x00000000c4600000, 0x00000000c4600000|100%| E|CS|TAMS 0x00000000c4500000| PB 0x00000000c4500000| Complete |  0
|  48|0x00000000c4600000, 0x00000000c4700000, 0x00000000c4700000|100%| E|CS|TAMS 0x00000000c4600000| PB 0x00000000c4600000| Complete |  0
|  49|0x00000000c4700000, 0x00000000c4800000, 0x00000000c4800000|100%| E|CS|TAMS 0x00000000c4700000| PB 0x00000000c4700000| Complete |  0
|  50|0x00000000c4800000, 0x00000000c4900000, 0x00000000c4900000|100%| E|CS|TAMS 0x00000000c4800000| PB 0x00000000c4800000| Complete |  0
|  51|0x00000000c4900000, 0x00000000c4a00000, 0x00000000c4a00000|100%| E|CS|TAMS 0x00000000c4900000| PB 0x00000000c4900000| Complete |  0
|  52|0x00000000c4a00000, 0x00000000c4b00000, 0x00000000c4b00000|100%| E|CS|TAMS 0x00000000c4a00000| PB 0x00000000c4a00000| Complete |  0
|  53|0x00000000c4b00000, 0x00000000c4c00000, 0x00000000c4c00000|100%| E|CS|TAMS 0x00000000c4b00000| PB 0x00000000c4b00000| Complete |  0
|  54|0x00000000c4c00000, 0x00000000c4d00000, 0x00000000c4d00000|100%| E|CS|TAMS 0x00000000c4c00000| PB 0x00000000c4c00000| Complete |  0
|  55|0x00000000c4d00000, 0x00000000c4e00000, 0x00000000c4e00000|100%| E|CS|TAMS 0x00000000c4d00000| PB 0x00000000c4d00000| Complete |  0
|  56|0x00000000c4e00000, 0x00000000c4f00000, 0x00000000c4f00000|100%| E|CS|TAMS 0x00000000c4e00000| PB 0x00000000c4e00000| Complete |  0
|  57|0x00000000c4f00000, 0x00000000c5000000, 0x00000000c5000000|100%| E|CS|TAMS 0x00000000c4f00000| PB 0x00000000c4f00000| Complete |  0
|  58|0x00000000c5000000, 0x00000000c5100000, 0x00000000c5100000|100%| E|CS|TAMS 0x00000000c5000000| PB 0x00000000c5000000| Complete |  0
|  59|0x00000000c5100000, 0x00000000c5200000, 0x00000000c5200000|100%| E|CS|TAMS 0x00000000c5100000| PB 0x00000000c5100000| Complete |  0
|  60|0x00000000c5200000, 0x00000000c5300000, 0x00000000c5300000|100%| E|CS|TAMS 0x00000000c5200000| PB 0x00000000c5200000| Complete |  0
|  61|0x00000000c5300000, 0x00000000c5400000, 0x00000000c5400000|100%| E|CS|TAMS 0x00000000c5300000| PB 0x00000000c5300000| Complete |  0
|  62|0x00000000c5400000, 0x00000000c5500000, 0x00000000c5500000|100%| E|CS|TAMS 0x00000000c5400000| PB 0x00000000c5400000| Complete |  0
|  63|0x00000000c5500000, 0x00000000c5600000, 0x00000000c5600000|100%| E|CS|TAMS 0x00000000c5500000| PB 0x00000000c5500000| Complete |  0
|1000|0x00000000ffe00000, 0x00000000fff00000, 0x00000000fff00000|100%| O|  |TAMS 0x00000000ffe00000| PB 0x00000000ffe00000| Untracked |  0
|1001|0x00000000fff00000, 0x00000000fff24e30, 0x0000000100000000| 14%| O|  |TAMS 0x00000000fff00000| PB 0x00000000fff00000| Untracked |  0

Card table byte_map: [0x000001b9c3220000,0x000001b9c3420000] _byte_map_base: 0x000001b9c2c15000

Marking Bits: (CMBitMap*) 0x000001b9ab7ddd00
 Bits: [0x000001b9c3420000, 0x000001b9c43c8000)

Polling page: 0x000001b9a93f0000

Metaspace:
Metaspace        used 5737K, committed 5952K, reserved 1114112K
 class space     used 497K, committed 576K, reserved 1048576K

Usage:
  Non-class:      5.12 MB used.
      Class:    497.39 KB used.
       Both:      5.60 MB used.

Virtual space:
  Non-class space:       64.00 MB reserved,       5.25 MB (  8%) committed,  1 nodes.
      Class space:        1.00 GB reserved,     576.00 KB ( <1%) committed,  1 nodes.
             Both:        1.06 GB reserved,       5.81 MB ( <1%) committed. 

Chunk freelists:
   Non-Class:  8.92 MB
       Class:  15.41 MB
        Both:  24.33 MB

MaxMetaspaceSize: unlimited
CompressedClassSpaceSize: 1.00 GB
Initial GC threshold: 21.00 MB
Current GC threshold: 21.00 MB
CDS: on
 - commit_granule_bytes: 65536.
 - commit_granule_words: 8192.
 - virtual_space_node_default_size: 8388608.
 - enlarge_chunks_in_place: 1.
UseCompressedClassPointers 1, UseCompactObjectHeaders 0
Narrow klass pointer bits 32, Max shift 3
Narrow klass base: 0x0000000029000000, Narrow klass shift: 0
Encoding Range: [0x0000000029000000 - 0x0000000129000000), (4294967296 bytes)
Klass Range:    [0x0000000029010000 - 0x000000006a000000), (1090453504 bytes)
Klass ID Range:  [65536 - 1090519033) (1090453497)
Protection zone: [0x0000000029000000 - 0x0000000029010000), (65536 bytes)


Internal statistics:

num_allocs_failed_limit: 0.
num_arena_births: 50.
num_arena_deaths: 0.
num_vsnodes_births: 2.
num_vsnodes_deaths: 0.
num_space_committed: 93.
num_space_uncommitted: 0.
num_chunks_returned_to_freelist: 0.
num_chunks_taken_from_freelist: 213.
num_chunk_merges: 0.
num_chunk_splits: 143.
num_chunks_enlarged: 115.
num_inconsistent_stats: 0.

CodeHeap 'non-profiled nmethods': size=120064Kb used=356Kb max_used=356Kb free=119707Kb
 bounds [0x000001b9bbae0000, 0x000001b9bbd50000, 0x000001b9c3020000]
CodeHeap 'profiled nmethods': size=120000Kb used=2075Kb max_used=2075Kb free=117924Kb
 bounds [0x000001b9b4020000, 0x000001b9b4290000, 0x000001b9bb550000]
CodeHeap 'non-nmethods': size=5696Kb used=1346Kb max_used=1365Kb free=4350Kb
 bounds [0x000001b9bb550000, 0x000001b9bb7c0000, 0x000001b9bbae0000]
CodeCache: size=245760Kb, used=3777Kb, max_used=3796Kb, free=241981Kb
 total_blobs=1875, nmethods=1406, adapters=372, full_count=0
Compilation: enabled, stopped_count=0, restarted_count=0

Compilation events (20 events):
Event: 2.073 Thread 0x000001b9c682b2d0 nmethod 1331 0x000001b9bbb36a08 code [0x000001b9bbb36b00, 0x000001b9bbb36b78]
Event: 2.074 Thread 0x000001b9ab85a790 1332       3       java.lang.AbstractStringBuilder::isLatin1 (16 bytes)
Event: 2.074 Thread 0x000001b9ab85a790 nmethod 1332 0x000001b9b4203908 code [0x000001b9b4203a00, 0x000001b9b4203b48]
Event: 2.074 Thread 0x000001b9ab85a790 1333       3       java.lang.StringBuilder::charAt (6 bytes)
Event: 2.074 Thread 0x000001b9ab85a790 nmethod 1333 0x000001b9b4203c08 code [0x000001b9b4203d00, 0x000001b9b4203e40]
Event: 2.075 Thread 0x000001b9ab85a790 1334       3       java.lang.AbstractStringBuilder::charAt (51 bytes)
Event: 2.075 Thread 0x000001b9ab85a790 nmethod 1334 0x000001b9b4203f08 code [0x000001b9b4204000, 0x000001b9b42043a8]
Event: 2.076 Thread 0x000001b9ab85a790 1335       3       org.codehaus.plexus.util.InterpolationFilterReader::read (477 bytes)
Event: 2.076 Thread 0x000001b9c682b2d0 1336   !   4       sun.nio.cs.StreamDecoder::read (220 bytes)
Event: 2.084 Thread 0x000001b9ab85a790 nmethod 1335 0x000001b9b4204408 code [0x000001b9b4204500, 0x000001b9b42098d8]
Event: 2.108 Thread 0x000001b9ab85a790 1344       1       org.codehaus.plexus.util.xml.pull.MXParser::getDepth (5 bytes)
Event: 2.108 Thread 0x000001b9ab85a790 nmethod 1344 0x000001b9bbb36d08 code [0x000001b9bbb36e00, 0x000001b9bbb36ec8]
Event: 2.128 Thread 0x000001b9ab85a790 1345       3       org.codehaus.plexus.util.xml.pull.MXParser::nextText (107 bytes)
Event: 2.129 Thread 0x000001b9ab85a790 nmethod 1345 0x000001b9b4209908 code [0x000001b9b4209a00, 0x000001b9b420a740]
Event: 2.154 Thread 0x000001b9ab85a790 1347       3       java.util.Collections::emptyMap (4 bytes)
Event: 2.154 Thread 0x000001b9ab85a790 nmethod 1347 0x000001b9b420a788 code [0x000001b9b420a880, 0x000001b9b420a970]
Event: 2.173 Thread 0x000001b9ab85a790 1348 %     3       org.codehaus.plexus.util.InterpolationFilterReader::read @ 3 (48 bytes)
Event: 2.173 Thread 0x000001b9ab85a790 nmethod 1348% 0x000001b9b420aa88 code [0x000001b9b420ab80, 0x000001b9b420af58]
Event: 2.174 Thread 0x000001b9ab85a790 1349       3       org.codehaus.plexus.util.InterpolationFilterReader::read (48 bytes)
Event: 2.174 Thread 0x000001b9ab85a790 nmethod 1349 0x000001b9b420af88 code [0x000001b9b420b080, 0x000001b9b420b388]

GC Heap Usage History (0 events):
No events

Metaspace Usage History (0 events):
No events

Dll operation events (7 events):
Event: 0.045 Loaded shared library C:\Users\darsh\HospitalSystemV2\openJdk-25\bin\java.dll
Event: 0.188 Loaded shared library C:\Users\darsh\HospitalSystemV2\openJdk-25\bin\net.dll
Event: 0.191 Loaded shared library C:\Users\darsh\HospitalSystemV2\openJdk-25\bin\nio.dll
Event: 0.201 Loaded shared library C:\Users\darsh\HospitalSystemV2\openJdk-25\bin\zip.dll
Event: 0.615 Loaded shared library C:\Users\darsh\.m2\wrapper\dists\apache-maven-3.9.11\03d7e36a140982eea48e22c1dcac01d8862b2550b2939e09a0809bbc5182a5bc\lib\jansi-native\Windows\x86_64\jansi.dll
Event: 0.641 Loaded shared library C:\Users\darsh\HospitalSystemV2\openJdk-25\bin\verify.dll
Event: 0.726 Loaded shared library C:\Users\darsh\HospitalSystemV2\openJdk-25\bin\jimage.dll

Deoptimization events (20 events):
Event: 1.945 Thread 0x000001b9a9444310 Uncommon trap: trap_request=0xffffff45 fr.pc=0x000001b9bbb2b654 relative=0x0000000000000554
Event: 1.945 Thread 0x000001b9a9444310 Uncommon trap: reason=unstable_if action=reinterpret pc=0x000001b9bbb2b654 method=java.util.HashMap.putVal(ILjava/lang/Object;Ljava/lang/Object;ZZ)Ljava/lang/Object; @ 181 c2
Event: 1.945 Thread 0x000001b9a9444310 DEOPT PACKING pc=0x000001b9bbb2b654 sp=0x000000a16a4fe2c0
Event: 1.945 Thread 0x000001b9a9444310 DEOPT UNPACKING pc=0x000001b9bb5d8d82 sp=0x000000a16a4fe220 mode 2
Event: 1.949 Thread 0x000001b9a9444310 Uncommon trap: trap_request=0xffffff6e fr.pc=0x000001b9bbb102bc relative=0x000000000000033c
Event: 1.949 Thread 0x000001b9a9444310 Uncommon trap: reason=predicate action=maybe_recompile pc=0x000001b9bbb102bc method=java.util.regex.Pattern$BmpCharPropertyGreedy.match(Ljava/util/regex/Matcher;ILjava/lang/CharSequence;)Z @ 12 c2
Event: 1.949 Thread 0x000001b9a9444310 DEOPT PACKING pc=0x000001b9bbb102bc sp=0x000000a16a4fdfd0
Event: 1.949 Thread 0x000001b9a9444310 DEOPT UNPACKING pc=0x000001b9bb5d8d82 sp=0x000000a16a4fdf88 mode 2
Event: 2.036 Thread 0x000001b9a9444310 Uncommon trap: trap_request=0xffffff45 fr.pc=0x000001b9bbb31dfc relative=0x00000000000018fc
Event: 2.037 Thread 0x000001b9a9444310 Uncommon trap: reason=unstable_if action=reinterpret pc=0x000001b9bbb31dfc method=java.nio.charset.CoderResult.isOverflow()Z @ 5 c2
Event: 2.037 Thread 0x000001b9a9444310 DEOPT PACKING pc=0x000001b9bbb31dfc sp=0x000000a16a4fdee0
Event: 2.037 Thread 0x000001b9a9444310 DEOPT UNPACKING pc=0x000001b9bb5d8d82 sp=0x000000a16a4fdc08 mode 2
Event: 2.046 Thread 0x000001b9a9444310 Uncommon trap: trap_request=0xffffff45 fr.pc=0x000001b9bbb338c4 relative=0x0000000000000244
Event: 2.046 Thread 0x000001b9a9444310 Uncommon trap: reason=unstable_if action=reinterpret pc=0x000001b9bbb338c4 method=java.io.Reader.read()I @ 12 c2
Event: 2.046 Thread 0x000001b9a9444310 DEOPT PACKING pc=0x000001b9bbb338c4 sp=0x000000a16a4fdfd0
Event: 2.046 Thread 0x000001b9a9444310 DEOPT UNPACKING pc=0x000001b9bb5d8d82 sp=0x000000a16a4fdee0 mode 2
Event: 2.075 Thread 0x000001b9a9444310 Uncommon trap: trap_request=0xffffffde fr.pc=0x000001b9bbb34c98 relative=0x0000000000000118
Event: 2.075 Thread 0x000001b9a9444310 Uncommon trap: reason=class_check action=maybe_recompile pc=0x000001b9bbb34c98 method=java.nio.Buffer.<init>(IIIILjava/lang/foreign/MemorySegment;)V @ 39 c2
Event: 2.075 Thread 0x000001b9a9444310 DEOPT PACKING pc=0x000001b9bbb34c98 sp=0x000000a16a4fdf20
Event: 2.075 Thread 0x000001b9a9444310 DEOPT UNPACKING pc=0x000001b9bb5d8d82 sp=0x000000a16a4fded8 mode 2

Classes loaded (20 events):
Event: 1.830 Loading class java/lang/annotation/Target
Event: 1.830 Loading class java/lang/annotation/Target done
Event: 1.831 Loading class java/lang/annotation/ElementType
Event: 1.831 Loading class java/lang/annotation/ElementType done
Event: 1.832 Loading class java/lang/annotation/Documented
Event: 1.832 Loading class java/lang/annotation/Documented done
Event: 1.873 Loading class java/util/concurrent/TimeoutException
Event: 1.875 Loading class java/util/concurrent/TimeoutException done
Event: 1.876 Loading class java/util/concurrent/CancellationException
Event: 1.876 Loading class java/util/concurrent/CancellationException done
Event: 1.897 Loading class java/lang/reflect/ParameterizedType
Event: 1.898 Loading class java/lang/reflect/ParameterizedType done
Event: 1.904 Loading class java/lang/reflect/WildcardType
Event: 1.904 Loading class java/lang/reflect/WildcardType done
Event: 1.909 Loading class sun/reflect/generics/tree/TypeVariableSignature
Event: 1.910 Loading class sun/reflect/generics/tree/TypeVariableSignature done
Event: 1.938 Loading class java/lang/annotation/IncompleteAnnotationException
Event: 1.938 Loading class java/lang/annotation/IncompleteAnnotationException done
Event: 2.041 Loading class java/lang/foreign/MemorySegment
Event: 2.043 Loading class java/lang/foreign/MemorySegment done

Classes unloaded (0 events):
No events

Classes redefined (0 events):
No events

Internal exceptions (20 events):
Event: 0.601 Thread 0x000001b9a9444310 Exception <a 'java/lang/NullPointerException'{0x00000000c51fd7b0}> (0x00000000c51fd7b0) 
thrown [s\open\src\hotspot\share\interpreter\linkResolver.cpp, line 1416]
Event: 0.618 Thread 0x000001b9a9444310 Exception <a 'java/lang/NullPointerException'{0x00000000c501d900}> (0x00000000c501d900) 
thrown [s\open\src\hotspot\share\interpreter\linkResolver.cpp, line 1416]
Event: 0.618 Thread 0x000001b9a9444310 Exception <a 'java/lang/NullPointerException'{0x00000000c501dbe0}> (0x00000000c501dbe0) 
thrown [s\open\src\hotspot\share\interpreter\linkResolver.cpp, line 1416]
Event: 0.618 Thread 0x000001b9a9444310 Exception <a 'java/lang/NullPointerException'{0x00000000c501dec0}> (0x00000000c501dec0) 
thrown [s\open\src\hotspot\share\interpreter\linkResolver.cpp, line 1416]
Event: 0.621 Thread 0x000001b9a9444310 Exception <a 'java/lang/NullPointerException'{0x00000000c5022eb8}> (0x00000000c5022eb8) 
thrown [s\open\src\hotspot\share\interpreter\linkResolver.cpp, line 1416]
Event: 0.625 Thread 0x000001b9a9444310 Exception <a 'java/lang/NullPointerException'{0x00000000c5034e70}> (0x00000000c5034e70) 
thrown [s\open\src\hotspot\share\interpreter\linkResolver.cpp, line 1416]
Event: 0.625 Thread 0x000001b9a9444310 Exception <a 'java/lang/NullPointerException'{0x00000000c5035150}> (0x00000000c5035150) 
thrown [s\open\src\hotspot\share\interpreter\linkResolver.cpp, line 1416]
Event: 0.625 Thread 0x000001b9a9444310 Exception <a 'java/lang/NullPointerException'{0x00000000c5035430}> (0x00000000c5035430) 
thrown [s\open\src\hotspot\share\interpreter\linkResolver.cpp, line 1416]
Event: 0.625 Thread 0x000001b9a9444310 Exception <a 'java/lang/NullPointerException'{0x00000000c5035710}> (0x00000000c5035710) 
thrown [s\open\src\hotspot\share\interpreter\linkResolver.cpp, line 1416]
Event: 0.669 Thread 0x000001b9a9444310 Exception <a 'java/lang/NoSuchMethodError'{0x00000000c4f1d928}: 'void java.lang.invoke.DirectMethodHandle$Holder.invokeStatic(java.lang.Object, java.lang.Object)'> (0x00000000c4f1d928) 
thrown [s\open\src\hotspot\share\interpreter\linkResolver.cpp, line 804]
Event: 0.671 Thread 0x000001b9a9444310 Exception <a 'java/lang/NoSuchMethodError'{0x00000000c4f256d0}: 'void java.lang.invoke.DirectMethodHandle$Holder.invokeStaticInit(java.lang.Object, java.lang.Object)'> (0x00000000c4f256d0) 
thrown [s\open\src\hotspot\share\interpreter\linkResolver.cpp, line 804]
Event: 0.707 Thread 0x000001b9a9444310 Exception <a 'java/lang/NoSuchMethodError'{0x00000000c4f72d20}: 'void java.lang.invoke.DirectMethodHandle$Holder.invokeStatic(java.lang.Object, java.lang.Object, java.lang.Object)'> (0x00000000c4f72d20) 
thrown [s\open\src\hotspot\share\interpreter\linkResolver.cpp, line 804]
Event: 0.885 Thread 0x000001b9a9444310 Exception <a 'java/lang/NoSuchMethodError'{0x00000000c4efcac8}: 'java.lang.Object java.lang.invoke.DirectMethodHandle$Holder.invokeSpecialIFC(java.lang.Object, java.lang.Object, java.lang.Object, java.lang.Object)'> (0x00000000c4efcac8) 
thrown [s\open\src\hotspot\share\interpreter\linkResolver.cpp, line 804]
Event: 1.356 Thread 0x000001b9a9444310 Exception <a 'java/lang/NoSuchMethodError'{0x00000000c4839b88}: 'void java.lang.invoke.DirectMethodHandle$Holder.invokeSpecial(java.lang.Object, java.lang.Object, java.lang.Object)'> (0x00000000c4839b88) 
thrown [s\open\src\hotspot\share\interpreter\linkResolver.cpp, line 804]
Event: 1.493 Thread 0x000001b9a9444310 Exception <a 'java/lang/NoSuchMethodError'{0x00000000c47612e0}: 'java.lang.Object java.lang.invoke.DirectMethodHandle$Holder.invokeInterface(java.lang.Object, java.lang.Object)'> (0x00000000c47612e0) 
thrown [s\open\src\hotspot\share\interpreter\linkResolver.cpp, line 804]
Event: 1.549 Thread 0x000001b9a9444310 Exception <a 'java/lang/NoSuchMethodError'{0x00000000c4612418}: 'int java.lang.invoke.DirectMethodHandle$Holder.invokeStatic(java.lang.Object, java.lang.Object, java.lang.Object, java.lang.Object)'> (0x00000000c4612418) 
thrown [s\open\src\hotspot\share\interpreter\linkResolver.cpp, line 804]
Event: 1.574 Thread 0x000001b9a9444310 Exception <a 'java/lang/NoSuchMethodError'{0x00000000c463bff0}: 'int java.lang.invoke.DirectMethodHandle$Holder.invokeSpecialIFC(java.lang.Object, java.lang.Object, java.lang.Object, java.lang.Object, java.lang.Object)'> (0x00000000c463bff0) 
thrown [s\open\src\hotspot\share\interpreter\linkResolver.cpp, line 804]
Event: 1.834 Thread 0x000001b9a9444310 Exception <a 'java/lang/NoSuchMethodError'{0x00000000c4418e70}: 'java.lang.Object java.lang.invoke.DirectMethodHandle$Holder.newInvokeSpecial(java.lang.Object, java.lang.Object, java.lang.Object, java.lang.Object, java.lang.Object)'> (0x00000000c4418e70) 
thrown [s\open\src\hotspot\share\interpreter\linkResolver.cpp, line 804]
Event: 1.924 Thread 0x000001b9a9444310 Exception <a 'java/lang/NoSuchMethodError'{0x00000000c433b8f0}: 'int java.lang.invoke.DirectMethodHandle$Holder.invokeStaticInit(java.lang.Object, java.lang.Object)'> (0x00000000c433b8f0) 
thrown [s\open\src\hotspot\share\interpreter\linkResolver.cpp, line 804]
Event: 1.938 Thread 0x000001b9a9444310 Exception <a 'java/lang/NoClassDefFoundError'{0x00000000c4376bc0}: javax/enterprise/inject/Typed> (0x00000000c4376bc0) 
thrown [s\open\src\hotspot\share\classfile\systemDictionary.cpp, line 316]

VM Operations (6 events):
Event: 0.203 Executing non-safepoint VM operation: HandshakeAllThreads (Deoptimize)
Event: 0.203 Executing non-safepoint VM operation: HandshakeAllThreads (Deoptimize) done
Event: 0.597 Executing non-safepoint VM operation: HandshakeAllThreads (Deoptimize)
Event: 0.597 Executing non-safepoint VM operation: HandshakeAllThreads (Deoptimize) done
Event: 0.741 Executing non-safepoint VM operation: HandshakeAllThreads (Deoptimize)
Event: 0.741 Executing non-safepoint VM operation: HandshakeAllThreads (Deoptimize) done

Memory protections (0 events):
No events

Nmethod flushes (0 events):
No events

Events (13 events):
Event: 0.082 Thread 0x000001b9a9444310 Thread added: 0x000001b9a9444310
Event: 0.110 Thread 0x000001b9a9444310 Thread added: 0x000001b9ab84abc0
Event: 0.111 Thread 0x000001b9a9444310 Thread added: 0x000001b9ab84c6f0
Event: 0.111 Thread 0x000001b9a9444310 Thread added: 0x000001b9ab852710
Event: 0.111 Thread 0x000001b9a9444310 Thread added: 0x000001b9ab8532d0
Event: 0.111 Thread 0x000001b9a9444310 Thread added: 0x000001b9ab8582f0
Event: 0.111 Thread 0x000001b9a9444310 Thread added: 0x000001b9c681ff60
Event: 0.112 Thread 0x000001b9a9444310 Thread added: 0x000001b9c682b2d0
Event: 0.116 Thread 0x000001b9a9444310 Thread added: 0x000001b9ab85a790
Event: 0.168 Thread 0x000001b9a9444310 Thread added: 0x000001b9c681f790
Event: 0.174 Thread 0x000001b9a9444310 Thread added: 0x000001b9c6820730
Event: 0.607 Thread 0x000001b9a9444310 Thread added: 0x000001b9c6985500
Event: 0.990 Thread 0x000001b9c6985500 Thread exited: 0x000001b9c6985500


Dynamic libraries:
0x00007ff706b30000 - 0x00007ff706b3e000 	C:\Users\darsh\HospitalSystemV2\openJdk-25\bin\java.exe
0x00007fff5cd80000 - 0x00007fff5cfe8000 	C:\WINDOWS\SYSTEM32\ntdll.dll
0x00007fff5c410000 - 0x00007fff5c4d9000 	C:\WINDOWS\System32\KERNEL32.DLL
0x00007fff5a040000 - 0x00007fff5a432000 	C:\WINDOWS\System32\KERNELBASE.dll
0x00007fff5a700000 - 0x00007fff5a84b000 	C:\WINDOWS\System32\ucrtbase.dll
0x00007ffef78f0000 - 0x00007ffef7907000 	C:\Users\darsh\HospitalSystemV2\openJdk-25\bin\jli.dll
0x00007fff5b770000 - 0x00007fff5b935000 	C:\WINDOWS\System32\USER32.dll
0x00007fff5a9d0000 - 0x00007fff5a9f7000 	C:\WINDOWS\System32\win32u.dll
0x00007fff5ae10000 - 0x00007fff5ae3b000 	C:\WINDOWS\System32\GDI32.dll
0x00007fff59f10000 - 0x00007fff5a03d000 	C:\WINDOWS\System32\gdi32full.dll
0x00007fff5aaa0000 - 0x00007fff5ab43000 	C:\WINDOWS\System32\msvcp_win.dll
0x00007fff308d0000 - 0x00007fff308ee000 	C:\Users\darsh\HospitalSystemV2\openJdk-25\bin\VCRUNTIME140.dll
0x00007fff43330000 - 0x00007fff435c3000 	C:\WINDOWS\WinSxS\amd64_microsoft.windows.common-controls_6595b64144ccf1df_6.0.26100.6725_none_3e085828e334708b\COMCTL32.dll
0x00007fff5cb10000 - 0x00007fff5cbb9000 	C:\WINDOWS\System32\msvcrt.dll
0x00007fff5cd00000 - 0x00007fff5cd2f000 	C:\WINDOWS\System32\IMM32.DLL
0x00007fff54240000 - 0x00007fff5424c000 	C:\Users\darsh\HospitalSystemV2\openJdk-25\bin\vcruntime140_1.dll
0x00007ffedfd30000 - 0x00007ffedfdbd000 	C:\Users\darsh\HospitalSystemV2\openJdk-25\bin\msvcp140.dll
0x00007ffe842d0000 - 0x00007ffe8512f000 	C:\Users\darsh\HospitalSystemV2\openJdk-25\bin\server\jvm.dll
0x00007fff5c780000 - 0x00007fff5c834000 	C:\WINDOWS\System32\ADVAPI32.dll
0x00007fff5abd0000 - 0x00007fff5ac76000 	C:\WINDOWS\System32\sechost.dll
0x00007fff5c9e0000 - 0x00007fff5caf8000 	C:\WINDOWS\System32\RPCRT4.dll
0x00007fff5c160000 - 0x00007fff5c1d4000 	C:\WINDOWS\System32\WS2_32.dll
0x00007fff59d70000 - 0x00007fff59dce000 	C:\WINDOWS\SYSTEM32\POWRPROF.dll
0x00007fff49430000 - 0x00007fff49465000 	C:\WINDOWS\SYSTEM32\WINMM.dll
0x00007fff4a690000 - 0x00007fff4a69b000 	C:\WINDOWS\SYSTEM32\VERSION.dll
0x00007fff59d50000 - 0x00007fff59d64000 	C:\WINDOWS\SYSTEM32\UMPDC.dll
0x00007fff58cc0000 - 0x00007fff58cdb000 	C:\WINDOWS\SYSTEM32\kernel.appcore.dll
0x00007fff50c50000 - 0x00007fff50c5a000 	C:\Users\darsh\HospitalSystemV2\openJdk-25\bin\jimage.dll
0x00007fff578c0000 - 0x00007fff57b02000 	C:\WINDOWS\SYSTEM32\DBGHELP.DLL
0x00007fff5b940000 - 0x00007fff5bcbb000 	C:\WINDOWS\System32\combase.dll
0x00007fff5ad10000 - 0x00007fff5ade7000 	C:\WINDOWS\System32\OLEAUT32.dll
0x00007fff3d540000 - 0x00007fff3d57c000 	C:\WINDOWS\SYSTEM32\dbgcore.DLL
0x00007fff5aa00000 - 0x00007fff5aa98000 	C:\WINDOWS\System32\bcryptPrimitives.dll
0x00007fff1f500000 - 0x00007fff1f51f000 	C:\Users\darsh\HospitalSystemV2\openJdk-25\bin\java.dll
0x00007fff5c840000 - 0x00007fff5c9d8000 	C:\WINDOWS\System32\ole32.dll
0x00007fff5ae40000 - 0x00007fff5b58c000 	C:\WINDOWS\System32\SHELL32.dll
0x00007fff5a440000 - 0x00007fff5a5ab000 	C:\WINDOWS\System32\wintypes.dll
0x00007fff57b50000 - 0x00007fff583ad000 	C:\WINDOWS\SYSTEM32\windows.storage.dll
0x00007fff5c310000 - 0x00007fff5c402000 	C:\WINDOWS\System32\SHCORE.dll
0x00007fff5c6c0000 - 0x00007fff5c722000 	C:\WINDOWS\System32\shlwapi.dll
0x00007fff59e30000 - 0x00007fff59e59000 	C:\WINDOWS\SYSTEM32\profapi.dll
0x00007fff1e1c0000 - 0x00007fff1e1d2000 	C:\Users\darsh\HospitalSystemV2\openJdk-25\bin\net.dll
0x00007fff59250000 - 0x00007fff592bb000 	C:\WINDOWS\system32\mswsock.dll
0x00007fff1d980000 - 0x00007fff1d996000 	C:\Users\darsh\HospitalSystemV2\openJdk-25\bin\nio.dll
0x00007fff1b8e0000 - 0x00007fff1b8f7000 	C:\Users\darsh\HospitalSystemV2\openJdk-25\bin\zip.dll
0x00007ffeea1e0000 - 0x00007ffeea204000 	C:\Users\darsh\.m2\wrapper\dists\apache-maven-3.9.11\03d7e36a140982eea48e22c1dcac01d8862b2550b2939e09a0809bbc5182a5bc\lib\jansi-native\Windows\x86_64\jansi.dll
0x00007fff48b80000 - 0x00007fff48b90000 	C:\Users\darsh\HospitalSystemV2\openJdk-25\bin\verify.dll

JVMTI agents: none

dbghelp: loaded successfully - version: 4.0.5 - missing functions: none
symbol engine: initialized successfully - sym options: 0x614 - pdb path: .;C:\Users\darsh\HospitalSystemV2\openJdk-25\bin;C:\WINDOWS\SYSTEM32;C:\WINDOWS\WinSxS\amd64_microsoft.windows.common-controls_6595b64144ccf1df_6.0.26100.6725_none_3e085828e334708b;C:\Users\darsh\HospitalSystemV2\openJdk-25\bin\server;C:\Users\darsh\.m2\wrapper\dists\apache-maven-3.9.11\03d7e36a140982eea48e22c1dcac01d8862b2550b2939e09a0809bbc5182a5bc\lib\jansi-native\Windows\x86_64

VM Arguments:
jvm_args: --enable-native-access=ALL-UNNAMED -Dclassworlds.conf=C:\Users\darsh\.m2\wrapper\dists\apache-maven-3.9.11\03d7e36a140982eea48e22c1dcac01d8862b2550b2939e09a0809bbc5182a5bc\bin\m2.conf -Dmaven.home=C:\Users\darsh\.m2\wrapper\dists\apache-maven-3.9.11\03d7e36a140982eea48e22c1dcac01d8862b2550b2939e09a0809bbc5182a5bc -Dlibrary.jansi.path=C:\Users\darsh\.m2\wrapper\dists\apache-maven-3.9.11\03d7e36a140982eea48e22c1dcac01d8862b2550b2939e09a0809bbc5182a5bc\lib\jansi-native -Dmaven.multiModuleProjectDirectory=C:\Users\darsh\OneDrive\Desktop\Medisphere\Medisphere\Medisphere 
java_command: org.codehaus.plexus.classworlds.launcher.Launcher -Dtest=com.medisphere.MedisphereApplicationTests -DforkMode=once -Dmaven.surefire.debug=-agentlib:jdwp=transport=dt_socket,server=n,address=64262 -Djpda.listen=true -Djpda.address=64262 -Dmaven.ext.class.path=C:\Users\darsh\.vscode\extensions\oracle.oracle-java-24.1.2\nbcode\java\maven-nblib\netbeans-eventspy.jar --no-transfer-progress process-test-classes surefire:test
java_class_path (initial): C:\Users\darsh\.m2\wrapper\dists\apache-maven-3.9.11\03d7e36a140982eea48e22c1dcac01d8862b2550b2939e09a0809bbc5182a5bc\boot\plexus-classworlds-2.9.0.jar
Launcher Type: SUN_STANDARD

[Global flags]
     intx CICompilerCount                          = 3                                         {product} {ergonomic}
     uint ConcGCThreads                            = 1                                         {product} {ergonomic}
     uint G1ConcRefinementThreads                  = 4                                         {product} {ergonomic}
   size_t G1HeapRegionSize                         = 1048576                                   {product} {ergonomic}
   size_t InitialHeapSize                          = 67108864                                  {product} {ergonomic}
   size_t MarkStackSize                            = 4194304                                   {product} {ergonomic}
   size_t MarkStackSizeMax                         = 536870912                                 {product} {ergonomic}
   size_t MaxHeapSize                              = 1050673152                                {product} {ergonomic}
   size_t MaxNewSize                               = 630194176                                 {product} {ergonomic}
   size_t MinHeapDeltaBytes                        = 1048576                                   {product} {ergonomic}
   size_t MinHeapSize                              = 8388608                                   {product} {ergonomic}
    uintx NonNMethodCodeHeapSize                   = 5832704                                {pd product} {ergonomic}
    uintx NonProfiledCodeHeapSize                  = 122945536                              {pd product} {ergonomic}
    uintx ProfiledCodeHeapSize                     = 122880000                              {pd product} {ergonomic}
    uintx ReservedCodeCacheSize                    = 251658240                              {pd product} {ergonomic}
     bool SegmentedCodeCache                       = true                                      {product} {ergonomic}
   size_t SoftMaxHeapSize                          = 1050673152                             {manageable} {ergonomic}
     bool UseCompressedOops                        = true                           {product lp64_product} {ergonomic}
     bool UseG1GC                                  = true                                      {product} {ergonomic}
     bool UseLargePagesIndividualAllocation        = false                                  {pd product} {ergonomic}

Logging:
Log output configuration:
 #0: stdout all=warning uptime,level,tags foldmultilines=false
 #1: stderr all=off uptime,level,tags foldmultilines=false

Release file:
IMPLEMENTOR="Oracle Corporation" 
JAVA_RUNTIME_VERSION="25+36-3489" 
JAVA_VERSION="25" 
JAVA_VERSION_DATE="2025-09-16" 
LIBC="default" 
MODULES="java.base java.compiler java.datatransfer java.xml java.prefs java.desktop java.instrument java.logging java.management java.security.sasl java.naming java.rmi java.management.rmi java.net.http java.scripting java.security.jgss java.transaction.xa java.sql java.sql.rowset java.xml.crypto java.se java.smartcardio jdk.accessibility jdk.internal.jvmstat jdk.attach jdk.charsets jdk.internal.opt jdk.zipfs jdk.compiler jdk.crypto.cryptoki jdk.crypto.ec jdk.crypto.mscapi jdk.dynalink jdk.internal.ed jdk.editpad jdk.internal.vm.ci jdk.graal.compiler jdk.graal.compiler.management jdk.hotspot.agent jdk.httpserver jdk.incubator.vector jdk.internal.le jdk.internal.md jdk.jartool jdk.javadoc jdk.jcmd jdk.management jdk.management.agent jdk.jconsole jdk.jdeps jdk.jdwp.agent jdk.jdi jdk.jfr jdk.jlink jdk.jpackage jdk.jshell jdk.jsobject jdk.jstatd jdk.localedata jdk.management.jfr jdk.naming.dns jdk.naming.rmi jdk.net jdk.nio.mapmode jdk.sctp jdk.security.auth jdk.security.jgss jdk.unsupported jdk.unsupported.desktop jdk.xml.dom" 
OS_ARCH="x86_64" 
OS_NAME="Windows" 
SOURCE=".:git:6c48f4ed707b" 

Environment Variables:
JAVA_HOME=C:\Users\darsh\HospitalSystemV2\openJdk-25
PATH=C:\app\darsh\product\21c\dbhomeXE\bin;C:\Program Files\Python312\;C:\WINDOWS\system32;C:\WINDOWS;C:\WINDOWS\System32\Wbem;C:\WINDOWS\System32\WindowsPowerShell\v1.0\;C:\WINDOWS\System32\OpenSSH\;C:\Users\darsh\AppData\Local\Programs\Python\Python313;C:\Users\darsh\AppData\Local\Programs\Python\Python313\Scripts;C:\ProgramData\chocolatey\bin;C:\Users\darsh\AppData\Roaming\Python\Python312\Scripts;C:\Users\darsh\AppData\Roaming\Python\Python312\site-packages;C:\Program Files\MySQL\MySQL Server 8.0\bin;C:\Program Files\PostgreSQL\14\bin;C:\Program Files\mongoshell\mongosh-2.4.2-win32-x64\bin;C:\Program Files\MongoDB\Server\7.0\bin;C:\Users\darsh\Downloads\mongodb-database-tools-windows-x86_64-100.12.0\mongodb-database-tools-windows-x86_64-100.12.0\bin;C:\Program Files\Git\cmd;C:\Program Files\nodejs\;C:\Program Files\Git LFS;C:\Program Files\Docker\Docker\resources\bin;C:\Program Files\Apache\Maven\apache-maven-3.8.9\bin;C:\Users\darsh\AppData\Local\Programs\Eclipse Adoptium\jdk-21.0.8.9-hotspot\bin;C:\Users\darsh\AppData\Local\Programs\Python\Launcher\;C:\Users\darsh\AppData\Local\Microsoft\WindowsApps;C:\Users\darsh\AppData\Local\Programs\Microsoft VS Code\bin;C:\Users\darsh\PyCharm Community Edition 2024.3.1.1\bin;;C:\Users\darsh\AppData\Local\GitHubDesktop\bin;C:\ProgramData\darsh\GitHubDesktop\bin;C:\Users\Darsh\AppData\Local\Programs\Python\Python313\;C:\Users\darsh\AppData\Roaming\npm;C:\Program Files\JetBrains\IntelliJ IDEA Community Edition 2025.2\bin
USERNAME=darsh
OS=Windows_NT
PROCESSOR_IDENTIFIER=Intel64 Family 6 Model 142 Stepping 10, GenuineIntel
TMP=C:\Users\darsh\AppData\Local\Temp
TEMP=C:\Users\darsh\AppData\Local\Temp




Compilation memory statistics disabled.

Periodic native trim disabled

---------------  S Y S T E M  ---------------

OS:
 Windows 11 , 64 bit Build 26100 (10.0.26100.6725)
OS uptime: 0 days 1:26 hours
Hyper-V role detected

CPU: total 4 (initial active 4) (2 cores per cpu, 2 threads per core) family 6 model 142 stepping 10 microcode 0xe0, cx8, cmov, fxsr, ht, mmx, 3dnowpref, sse, sse2, sse3, ssse3, sse4.1, sse4.2, popcnt, lzcnt, tsc, tscinvbit, avx, avx2, aes, erms, clmul, bmi1, bmi2, adx, fma, vzeroupper, clflush, clflushopt, hv, rdtscp, f16c
Processor Information for the first 4 processors :
  Max Mhz: 2208, Current Mhz: 2208, Mhz Limit: 2208

Memory: 4k page, system-wide physical 4001M (362M free)
TotalPageFile size 12193M (AvailPageFile size 14M)
current process WorkingSet (physical memory assigned to process): 87M, peak: 87M
current process commit charge ("private bytes"): 157M, peak: 162M

vm_info: OpenJDK 64-Bit Server VM (25+36-3489) for windows-amd64 JRE (25+36-3489), built on 2025-08-12T17:19:28Z with unknown MS VC++:1943

END.
