#
# There is insufficient memory for the Java Runtime Environment to continue.
# Native memory allocation (mmap) failed to map 67108864 bytes. Error detail: G1 virtual space
# Possible reasons:
#   The system is out of physical RAM or swap space
#   This process is running with CompressedOops enabled, and the Java Heap may be blocking the growth of the native heap
# Possible solutions:
#   Reduce memory load on the system
#   Increase physical memory or swap space
#   Check if swap backing store is full
#   Decrease Java heap size (-Xmx/-Xms)
#   Decrease number of Java threads
#   Decrease Java thread stack sizes (-Xss)
#   Set larger code cache with -XX:ReservedCodeCacheSize=
#   JVM is running with Unscaled Compressed Oops mode in which the Java heap is
#     placed in the first 4GB address space. The Java Heap base address is the
#     maximum limit for the native heap growth. Please use -XX:HeapBaseMinAddress
#     to set the Java Heap base and to place the Java Heap above 4GB virtual address.
# This output file may be truncated or incomplete.
#
#  Out of Memory Error (os_windows.cpp:3713), pid=13688, tid=18516
#
# JRE version:  (21.0.8+9) (build )
# Java VM: OpenJDK 64-Bit Server VM (21.0.8+9-LTS, mixed mode, sharing, tiered, compressed oops, compressed class ptrs, g1 gc, windows-amd64)
# No core dump will be written. Minidumps are not enabled by default on client versions of Windows
#

---------------  S U M M A R Y ------------

Command Line: C:\Users\darsh\AppData\Local\Temp\surefire790579653865003167\surefirebooter-20251110214042827_3.jar C:\Users\darsh\AppData\Local\Temp\surefire790579653865003167 2025-11-10T21-40-42_552-jvmRun1 surefire-20251110214042827_1tmp surefire_0-20251110214042827_2tmp

Host: Intel(R) Core(TM) i3-8130U CPU @ 2.20GHz, 4 cores, 3G,  Windows 11 , 64 bit Build 26100 (10.0.26100.6725)
Time: Mon Nov 10 21:40:43 2025 India Standard Time elapsed time: 0.175037 seconds (0d 0h 0m 0s)

---------------  T H R E A D  ---------------

Current thread (0x0000026aac0cb0b0):  JavaThread "Unknown thread" [_thread_in_vm, id=18516, stack(0x000000d84ec00000,0x000000d84ed00000) (1024K)]

Stack: [0x000000d84ec00000,0x000000d84ed00000]
Native frames: (J=compiled Java code, j=interpreted, Vv=VM code, C=native code)
V  [jvm.dll+0x6d2449]
V  [jvm.dll+0x8ae341]
V  [jvm.dll+0x8b08be]
V  [jvm.dll+0x8b0fa3]
V  [jvm.dll+0x280c96]
V  [jvm.dll+0x6cec15]
V  [jvm.dll+0x6c2c3a]
V  [jvm.dll+0x35867a]
V  [jvm.dll+0x360246]
V  [jvm.dll+0x3b1f9e]
V  [jvm.dll+0x3b2248]
V  [jvm.dll+0x32c8fc]
V  [jvm.dll+0x32d45b]
V  [jvm.dll+0x8775d9]
V  [jvm.dll+0x3bed71]
V  [jvm.dll+0x8605d3]
V  [jvm.dll+0x4530ee]
V  [jvm.dll+0x454d31]
C  [jli.dll+0x5278]
C  [ucrtbase.dll+0x37b0]
C  [KERNEL32.DLL+0x2e8d7]
C  [ntdll.dll+0x8c53c]


---------------  P R O C E S S  ---------------

Threads class SMR info:
_java_thread_list=0x00007ff8feed11c8, length=0, elements={
}

Java Threads: ( => current thread )
Total: 0

Other Threads:
  0x0000026aac1029c0 WorkerThread "GC Thread#0"                     [id=19692, stack(0x000000d84ed00000,0x000000d84ee00000) (1024K)]
  0x0000026aac12c3d0 ConcurrentGCThread "G1 Main Marker"            [id=17288, stack(0x000000d84ee00000,0x000000d84ef00000) (1024K)]
  0x0000026aac12eee0 WorkerThread "G1 Conc#0"                       [id=18132, stack(0x000000d84ef00000,0x000000d84f000000) (1024K)]

[error occurred during error reporting (printing all threads), id 0xc0000005, EXCEPTION_ACCESS_VIOLATION (0xc0000005) at pc=0x00007ff8fe5cf137]
VM state: not at safepoint (not fully initialized)

VM Mutex/Monitor currently owned by a thread:  ([mutex/lock_event])
[0x00007ff8fef45558] Heap_lock - owner thread: 0x0000026aac0cb0b0

Heap address: 0x00000000c1600000, size: 1002 MB, Compressed Oops mode: 32-bit

CDS archive(s) mapped at: [0x0000000000000000-0x0000000000000000-0x0000000000000000), size 0, SharedBaseAddress: 0x0000000800000000, ArchiveRelocationMode: 1.
Narrow klass base: 0x0000000000000000, Narrow klass shift: 0, Narrow klass range: 0x0

GC Precious Log:
 CardTable entry size: 512
 Card Set container configuration: InlinePtr #cards 5 size 8 Array Of Cards #cards 12 size 40 Howl #buckets 4 coarsen threshold 1843 Howl Bitmap #cards 512 size 80 coarsen threshold 460 Card regions per heap region 1 cards per card region 2048

Heap:
 garbage-first heap   total 0K, used 0K [0x00000000c1600000, 0x0000000100000000)
  region size 1024K, 0 young (0K), 0 survivors (0K)

[error occurred during error reporting (printing heap information), id 0xc0000005, EXCEPTION_ACCESS_VIOLATION (0xc0000005) at pc=0x00007ff8fe9bbba9]
GC Heap History (0 events):
No events

Dll operation events (1 events):
Event: 0.008 Loaded shared library C:\Users\darsh\AppData\Local\Programs\Eclipse Adoptium\jdk-21.0.8.9-hotspot\bin\java.dll

Deoptimization events (0 events):
No events

Classes loaded (0 events):
No events

Classes unloaded (0 events):
No events

Classes redefined (0 events):
No events

Internal exceptions (0 events):
No events

ZGC Phase Switch (0 events):
No events

VM Operations (0 events):
No events

Memory protections (0 events):
No events

Nmethod flushes (0 events):
No events

Events (0 events):
No events


Dynamic libraries:
0x00007ff6fd2b0000 - 0x00007ff6fd2be000 	C:\Users\darsh\AppData\Local\Programs\Eclipse Adoptium\jdk-21.0.8.9-hotspot\bin\java.exe
0x00007ff991900000 - 0x00007ff991b68000 	C:\WINDOWS\SYSTEM32\ntdll.dll
0x00007ff9903d0000 - 0x00007ff990499000 	C:\WINDOWS\System32\KERNEL32.DLL
0x00007ff98ebc0000 - 0x00007ff98efb2000 	C:\WINDOWS\System32\KERNELBASE.dll
0x00007ff98f1e0000 - 0x00007ff98f32b000 	C:\WINDOWS\System32\ucrtbase.dll
0x00007ff975810000 - 0x00007ff97582e000 	C:\Users\darsh\AppData\Local\Programs\Eclipse Adoptium\jdk-21.0.8.9-hotspot\bin\VCRUNTIME140.dll
0x00007ff9768e0000 - 0x00007ff9768f8000 	C:\Users\darsh\AppData\Local\Programs\Eclipse Adoptium\jdk-21.0.8.9-hotspot\bin\jli.dll
0x00007ff98fc00000 - 0x00007ff98fdc5000 	C:\WINDOWS\System32\USER32.dll
0x00007ff978080000 - 0x00007ff978313000 	C:\WINDOWS\WinSxS\amd64_microsoft.windows.common-controls_6595b64144ccf1df_6.0.26100.6725_none_3e085828e334708b\COMCTL32.dll
0x00007ff98f530000 - 0x00007ff98f557000 	C:\WINDOWS\System32\win32u.dll
0x00007ff98fa70000 - 0x00007ff98fb19000 	C:\WINDOWS\System32\msvcrt.dll
0x00007ff990a30000 - 0x00007ff990a5b000 	C:\WINDOWS\System32\GDI32.dll
0x00007ff98ea90000 - 0x00007ff98ebbd000 	C:\WINDOWS\System32\gdi32full.dll
0x00007ff98f560000 - 0x00007ff98f603000 	C:\WINDOWS\System32\msvcp_win.dll
0x00007ff98f870000 - 0x00007ff98f89f000 	C:\WINDOWS\System32\IMM32.DLL
0x00007ff988ba0000 - 0x00007ff988bac000 	C:\Users\darsh\AppData\Local\Programs\Eclipse Adoptium\jdk-21.0.8.9-hotspot\bin\vcruntime140_1.dll
0x00007ff9496d0000 - 0x00007ff94975d000 	C:\Users\darsh\AppData\Local\Programs\Eclipse Adoptium\jdk-21.0.8.9-hotspot\bin\msvcp140.dll
0x00007ff8fe290000 - 0x00007ff8ff027000 	C:\Users\darsh\AppData\Local\Programs\Eclipse Adoptium\jdk-21.0.8.9-hotspot\bin\server\jvm.dll
0x00007ff98f8b0000 - 0x00007ff98f964000 	C:\WINDOWS\System32\ADVAPI32.dll
0x00007ff98ff60000 - 0x00007ff990006000 	C:\WINDOWS\System32\sechost.dll
0x00007ff98fdd0000 - 0x00007ff98fee8000 	C:\WINDOWS\System32\RPCRT4.dll
0x00007ff9909b0000 - 0x00007ff990a24000 	C:\WINDOWS\System32\WS2_32.dll
0x00007ff98e8f0000 - 0x00007ff98e94e000 	C:\WINDOWS\SYSTEM32\POWRPROF.dll
0x00007ff97e080000 - 0x00007ff97e0b5000 	C:\WINDOWS\SYSTEM32\WINMM.dll
0x00007ff97f6a0000 - 0x00007ff97f6ab000 	C:\WINDOWS\SYSTEM32\VERSION.dll
0x00007ff98e8d0000 - 0x00007ff98e8e4000 	C:\WINDOWS\SYSTEM32\UMPDC.dll
0x00007ff98d840000 - 0x00007ff98d85b000 	C:\WINDOWS\SYSTEM32\kernel.appcore.dll
0x00007ff988b70000 - 0x00007ff988b7a000 	C:\Users\darsh\AppData\Local\Programs\Eclipse Adoptium\jdk-21.0.8.9-hotspot\bin\jimage.dll
0x00007ff98c440000 - 0x00007ff98c682000 	C:\WINDOWS\SYSTEM32\DBGHELP.DLL
0x00007ff991530000 - 0x00007ff9918ab000 	C:\WINDOWS\System32\combase.dll
0x00007ff98fb20000 - 0x00007ff98fbf7000 	C:\WINDOWS\System32\OLEAUT32.dll
0x00007ff971f10000 - 0x00007ff971f4c000 	C:\WINDOWS\SYSTEM32\dbgcore.DLL
0x00007ff98f140000 - 0x00007ff98f1d8000 	C:\WINDOWS\System32\bcryptPrimitives.dll
0x00007ff968860000 - 0x00007ff96887f000 	C:\Users\darsh\AppData\Local\Programs\Eclipse Adoptium\jdk-21.0.8.9-hotspot\bin\java.dll

JVMTI agents: none

dbghelp: loaded successfully - version: 4.0.5 - missing functions: none
symbol engine: initialized successfully - sym options: 0x614 - pdb path: .;C:\Users\darsh\AppData\Local\Programs\Eclipse Adoptium\jdk-21.0.8.9-hotspot\bin;C:\WINDOWS\SYSTEM32;C:\WINDOWS\WinSxS\amd64_microsoft.windows.common-controls_6595b64144ccf1df_6.0.26100.6725_none_3e085828e334708b;C:\Users\darsh\AppData\Local\Programs\Eclipse Adoptium\jdk-21.0.8.9-hotspot\bin\server

VM Arguments:
java_command: C:\Users\darsh\AppData\Local\Temp\surefire790579653865003167\surefirebooter-20251110214042827_3.jar C:\Users\darsh\AppData\Local\Temp\surefire790579653865003167 2025-11-10T21-40-42_552-jvmRun1 surefire-20251110214042827_1tmp surefire_0-20251110214042827_2tmp
java_class_path (initial): C:\Users\darsh\AppData\Local\Temp\surefire790579653865003167\surefirebooter-20251110214042827_3.jar
Launcher Type: SUN_STANDARD

[Global flags]
     intx CICompilerCount                          = 3                                         {product} {ergonomic}
     uint ConcGCThreads                            = 1                                         {product} {ergonomic}
     uint G1ConcRefinementThreads                  = 4                                         {product} {ergonomic}
   size_t G1HeapRegionSize                         = 1048576                                   {product} {ergonomic}
    uintx GCDrainStackTargetSize                   = 64                                        {product} {ergonomic}
   size_t InitialHeapSize                          = 67108864                                  {product} {ergonomic}
   size_t MarkStackSize                            = 4194304                                   {product} {ergonomic}
   size_t MaxHeapSize                              = 1050673152                                {product} {ergonomic}
   size_t MinHeapDeltaBytes                        = 1048576                                   {product} {ergonomic}
   size_t MinHeapSize                              = 8388608                                   {product} {ergonomic}
    uintx NonNMethodCodeHeapSize                   = 5832780                                {pd product} {ergonomic}
    uintx NonProfiledCodeHeapSize                  = 122912730                              {pd product} {ergonomic}
    uintx ProfiledCodeHeapSize                     = 122912730                              {pd product} {ergonomic}
    uintx ReservedCodeCacheSize                    = 251658240                              {pd product} {ergonomic}
     bool SegmentedCodeCache                       = true                                      {product} {ergonomic}
   size_t SoftMaxHeapSize                          = 1050673152                             {manageable} {ergonomic}
     bool UseCompressedOops                        = true                           {product lp64_product} {ergonomic}
     bool UseG1GC                                  = true                                      {product} {ergonomic}
     bool UseLargePagesIndividualAllocation        = false                                  {pd product} {ergonomic}

Logging:
Log output configuration:
 #0: stdout all=warning uptime,level,tags foldmultilines=false
 #1: stderr all=off uptime,level,tags foldmultilines=false

Environment Variables:
PATH=C:\app\darsh\product\21c\dbhomeXE\bin;C:\Program Files\Python312\;C:\WINDOWS\system32;C:\WINDOWS;C:\WINDOWS\System32\Wbem;C:\WINDOWS\System32\WindowsPowerShell\v1.0\;C:\WINDOWS\System32\OpenSSH\;C:\Users\darsh\AppData\Local\Programs\Python\Python313;C:\Users\darsh\AppData\Local\Programs\Python\Python313\Scripts;C:\ProgramData\chocolatey\bin;C:\Users\darsh\AppData\Roaming\Python\Python312\Scripts;C:\Users\darsh\AppData\Roaming\Python\Python312\site-packages;C:\Program Files\MySQL\MySQL Server 8.0\bin;C:\Program Files\PostgreSQL\14\bin;C:\Program Files\mongoshell\mongosh-2.4.2-win32-x64\bin;C:\Program Files\MongoDB\Server\7.0\bin;C:\Users\darsh\Downloads\mongodb-database-tools-windows-x86_64-100.12.0\mongodb-database-tools-windows-x86_64-100.12.0\bin;C:\Program Files\Git\cmd;C:\Program Files\nodejs\;C:\Program Files\Git LFS;C:\Program Files\Docker\Docker\resources\bin;C:\Program Files\Apache\Maven\apache-maven-3.8.9\bin;C:\Users\darsh\AppData\Local\Programs\Eclipse Adoptium\jdk-21.0.8.9-hotspot\bin;C:\Users\darsh\AppData\Local\Programs\Python\Launcher\;C:\Users\darsh\AppData\Local\Microsoft\WindowsApps;C:\Users\darsh\AppData\Local\Programs\Microsoft VS Code\bin;C:\Users\darsh\PyCharm Community Edition 2024.3.1.1\bin;;C:\Users\darsh\AppData\Local\GitHubDesktop\bin;C:\ProgramData\darsh\GitHubDesktop\bin;C:\Users\Darsh\AppData\Local\Programs\Python\Python313\;C:\Users\darsh\AppData\Roaming\npm;C:\Program Files\JetBrains\IntelliJ IDEA Community Edition 2025.2\bin
USERNAME=darsh
LANG=en_US.UTF-8
OS=Windows_NT
PROCESSOR_IDENTIFIER=Intel64 Family 6 Model 142 Stepping 10, GenuineIntel
TMP=C:\Users\darsh\AppData\Local\Temp
TEMP=C:\Users\darsh\AppData\Local\Temp




Periodic native trim disabled

---------------  S Y S T E M  ---------------

OS:
 Windows 11 , 64 bit Build 26100 (10.0.26100.6725)
OS uptime: 0 days 2:19 hours
Hyper-V role detected

CPU: total 4 (initial active 4) (2 cores per cpu, 2 threads per core) family 6 model 142 stepping 10 microcode 0xe0, cx8, cmov, fxsr, ht, mmx, 3dnowpref, sse, sse2, sse3, ssse3, sse4.1, sse4.2, popcnt, lzcnt, tsc, tscinvbit, avx, avx2, aes, erms, clmul, bmi1, bmi2, adx, fma, vzeroupper, clflush, clflushopt, hv, rdtscp, f16c
Processor Information for the first 4 processors :
  Max Mhz: 2208, Current Mhz: 2208, Mhz Limit: 2208

Memory: 4k page, system-wide physical 4001M (358M free)
TotalPageFile size 12193M (AvailPageFile size 5M)
current process WorkingSet (physical memory assigned to process): 12M, peak: 12M
current process commit charge ("private bytes"): 52M, peak: 116M

vm_info: OpenJDK 64-Bit Server VM (21.0.8+9-LTS) for windows-amd64 JRE (21.0.8+9-LTS), built on 2025-07-15T00:00:00Z by "admin" with MS VC++ 17.7 (VS2022)

END.
