#
# There is insufficient memory for the Java Runtime Environment to continue.
# Native memory allocation (malloc) failed to allocate 32744 bytes. Error detail: Chunk::new
# Possible reasons:
#   The system is out of physical RAM or swap space
#   This process is running with CompressedOops enabled, and the Java Heap may be blocking the growth of the native heap
# Possible solutions:
#   Reduce memory load on the system
#   Increase physical memory or swap space
#   Check if swap backing store is full
#   Decrease Java heap size (-Xmx/-Xms)
#   Decrease number of Java threads
#   Decrease Java thread stack sizes (-Xss)
#   Set larger code cache with -XX:ReservedCodeCacheSize=
#   JVM is running with Unscaled Compressed Oops mode in which the Java heap is
#     placed in the first 4GB address space. The Java Heap base address is the
#     maximum limit for the native heap growth. Please use -XX:HeapBaseMinAddress
#     to set the Java Heap base and to place the Java Heap above 4GB virtual address.
# This output file may be truncated or incomplete.
#
#  Out of Memory Error (arena.cpp:168), pid=19076, tid=2148
#
# JRE version: OpenJDK Runtime Environment Temurin-21.0.8+9 (21.0.8+9) (build 21.0.8+9-LTS)
# Java VM: OpenJDK 64-Bit Server VM Temurin-21.0.8+9 (21.0.8+9-LTS, mixed mode, sharing, tiered, compressed oops, compressed class ptrs, g1 gc, windows-amd64)
# No core dump will be written. Minidumps are not enabled by default on client versions of Windows
#

---------------  S U M M A R Y ------------

Command Line: -Dclassworlds.conf=C:\Program Files\Apache\Maven\apache-maven-3.8.9\bin\m2.conf -Dmaven.home=C:\Program Files\Apache\Maven\apache-maven-3.8.9 -Dlibrary.jansi.path=C:\Program Files\Apache\Maven\apache-maven-3.8.9\lib\jansi-native -Dmaven.multiModuleProjectDirectory=C:\Users\darsh\OneDrive\Desktop\Downloads\Medisphere\Medisphere\Medisphere org.codehaus.plexus.classworlds.launcher.Launcher clean install -DskipTests

Host: Intel(R) Core(TM) i3-8130U CPU @ 2.20GHz, 4 cores, 3G,  Windows 11 , 64 bit Build 26100 (10.0.26100.6725)
Time: Mon Nov 10 21:46:17 2025 India Standard Time elapsed time: 12.901562 seconds (0d 0h 0m 12s)

---------------  T H R E A D  ---------------

Current thread (0x000001b4ffa46050):  JavaThread "C2 CompilerThread0" daemon [_thread_in_native, id=2148, stack(0x0000000703000000,0x0000000703100000) (1024K)]


Current CompileTask:
C2:12901 6997   !   4       java.lang.ClassLoader::loadClass (121 bytes)

Stack: [0x0000000703000000,0x0000000703100000]
Native frames: (J=compiled Java code, j=interpreted, Vv=VM code, C=native code)
V  [jvm.dll+0x6d2449]
V  [jvm.dll+0x8ae341]
V  [jvm.dll+0x8b08be]
V  [jvm.dll+0x8b0fa3]
V  [jvm.dll+0x280c96]
V  [jvm.dll+0xc581d]
V  [jvm.dll+0xc5d53]
V  [jvm.dll+0x3be3a5]
V  [jvm.dll+0x5da8b4]
V  [jvm.dll+0x385344]
V  [jvm.dll+0x38477a]
V  [jvm.dll+0x248ed0]
V  [jvm.dll+0x2484af]
V  [jvm.dll+0x1c89ee]
V  [jvm.dll+0x257d4d]
V  [jvm.dll+0x2562ea]
V  [jvm.dll+0x3f2d16]
V  [jvm.dll+0x857e6b]
V  [jvm.dll+0x6d0b0d]
C  [ucrtbase.dll+0x37b0]
C  [KERNEL32.DLL+0x2e8d7]
C  [ntdll.dll+0x8c53c]


---------------  P R O C E S S  ---------------

Threads class SMR info:
_java_thread_list=0x000001b4c732ccd0, length=11, elements={
0x000001b4e6b0f7e0, 0x000001b4ffa2b3c0, 0x000001b4ffa2c010, 0x000001b4ffa33890,
0x000001b4ffa38a60, 0x000001b4ffa3a020, 0x000001b4ffa3b710, 0x000001b4ffa46050,
0x000001b4ffa47350, 0x000001b4ffc0f610, 0x000001b4ffc15c90
}

Java Threads: ( => current thread )
  0x000001b4e6b0f7e0 JavaThread "main"                              [_thread_in_vm, id=16332, stack(0x0000000702200000,0x0000000702300000) (1024K)]
  0x000001b4ffa2b3c0 JavaThread "Reference Handler"          daemon [_thread_blocked, id=16752, stack(0x0000000702a00000,0x0000000702b00000) (1024K)]
  0x000001b4ffa2c010 JavaThread "Finalizer"                  daemon [_thread_blocked, id=18164, stack(0x0000000702b00000,0x0000000702c00000) (1024K)]
  0x000001b4ffa33890 JavaThread "Signal Dispatcher"          daemon [_thread_blocked, id=8080, stack(0x0000000702c00000,0x0000000702d00000) (1024K)]
  0x000001b4ffa38a60 JavaThread "Attach Listener"            daemon [_thread_blocked, id=15432, stack(0x0000000702d00000,0x0000000702e00000) (1024K)]
  0x000001b4ffa3a020 JavaThread "Service Thread"             daemon [_thread_blocked, id=9904, stack(0x0000000702e00000,0x0000000702f00000) (1024K)]
  0x000001b4ffa3b710 JavaThread "Monitor Deflation Thread"   daemon [_thread_blocked, id=8776, stack(0x0000000702f00000,0x0000000703000000) (1024K)]
=>0x000001b4ffa46050 JavaThread "C2 CompilerThread0"         daemon [_thread_in_native, id=2148, stack(0x0000000703000000,0x0000000703100000) (1024K)]
  0x000001b4ffa47350 JavaThread "C1 CompilerThread0"         daemon [_thread_blocked, id=10944, stack(0x0000000703100000,0x0000000703200000) (1024K)]
  0x000001b4ffc0f610 JavaThread "Notification Thread"        daemon [_thread_blocked, id=8496, stack(0x0000000703200000,0x0000000703300000) (1024K)]
  0x000001b4ffc15c90 JavaThread "Common-Cleaner"             daemon [_thread_blocked, id=10392, stack(0x0000000703300000,0x0000000703400000) (1024K)]
Total: 11

Other Threads:
  0x000001b4ffa14bd0 VMThread "VM Thread"                           [id=16368, stack(0x0000000702900000,0x0000000702a00000) (1024K)]
  0x000001b4ffa0ad00 WatcherThread "VM Periodic Task Thread"        [id=12364, stack(0x0000000702800000,0x0000000702900000) (1024K)]
  0x000001b4e6b42230 WorkerThread "GC Thread#0"                     [id=6228, stack(0x0000000702300000,0x0000000702400000) (1024K)]
  0x000001b4c735a850 WorkerThread "GC Thread#1"                     [id=6424, stack(0x0000000703400000,0x0000000703500000) (1024K)]
  0x000001b4c75cec60 WorkerThread "GC Thread#2"                     [id=15500, stack(0x0000000703500000,0x0000000703600000) (1024K)]
  0x000001b4c75cf000 WorkerThread "GC Thread#3"                     [id=20264, stack(0x0000000703600000,0x0000000703700000) (1024K)]
  0x000001b4e6b4af50 ConcurrentGCThread "G1 Main Marker"            [id=19200, stack(0x0000000702400000,0x0000000702500000) (1024K)]
  0x000001b4e6b4c8d0 WorkerThread "G1 Conc#0"                       [id=18416, stack(0x0000000702500000,0x0000000702600000) (1024K)]
  0x000001b4e6bab770 ConcurrentGCThread "G1 Refine#0"               [id=11000, stack(0x0000000702600000,0x0000000702700000) (1024K)]
  0x000001b4e6bad190 ConcurrentGCThread "G1 Service"                [id=17788, stack(0x0000000702700000,0x0000000702800000) (1024K)]
Total: 10

Threads with active compile tasks:
C2 CompilerThread0  12963 6997   !   4       java.lang.ClassLoader::loadClass (121 bytes)
Total: 1

VM state: not at safepoint (normal execution)

VM Mutex/Monitor currently owned by a thread: None

Heap address: 0x00000000c1600000, size: 1002 MB, Compressed Oops mode: 32-bit

CDS archive(s) mapped at: [0x000001b482000000-0x000001b482c80000-0x000001b482c80000), size 13107200, SharedBaseAddress: 0x000001b482000000, ArchiveRelocationMode: 1.
Compressed class space mapped at: 0x000001b483000000-0x000001b4c3000000, reserved size: 1073741824
Narrow klass base: 0x000001b482000000, Narrow klass shift: 0, Narrow klass range: 0x100000000

GC Precious Log:
 CardTable entry size: 512
 Card Set container configuration: InlinePtr #cards 5 size 8 Array Of Cards #cards 12 size 40 Howl #buckets 4 coarsen threshold 1843 Howl Bitmap #cards 512 size 80 coarsen threshold 460 Card regions per heap region 1 cards per card region 2048
 CPUs: 4 total, 4 available
 Memory: 4001M
 Large Page Support: Disabled
 NUMA Support: Disabled
 Compressed Oops: Enabled (32-bit)
 Heap Region Size: 1M
 Heap Min Capacity: 8M
 Heap Initial Capacity: 64M
 Heap Max Capacity: 1002M
 Pre-touch: Disabled
 Parallel Workers: 4
 Concurrent Workers: 1
 Concurrent Refinement Workers: 4
 Periodic GC: Disabled

Heap:
 garbage-first heap   total 119808K, used 56627K [0x00000000c1600000, 0x0000000100000000)
  region size 1024K, 13 young (13312K), 3 survivors (3072K)
 Metaspace       used 32086K, committed 32640K, reserved 1114112K
  class space    used 3650K, committed 3904K, reserved 1048576K

Heap Regions: E=young(eden), S=young(survivor), O=old, HS=humongous(starts), HC=humongous(continues), CS=collection set, F=free, TAMS=top-at-mark-start, PB=parsable bottom
|   0|0x00000000c1600000, 0x00000000c1700000, 0x00000000c1700000|100%| O|  |TAMS 0x00000000c1600000| PB 0x00000000c1600000| Untracked 
|   1|0x00000000c1700000, 0x00000000c1800000, 0x00000000c1800000|100%| O|  |TAMS 0x00000000c1700000| PB 0x00000000c1700000| Untracked 
|   2|0x00000000c1800000, 0x00000000c1900000, 0x00000000c1900000|100%| O|  |TAMS 0x00000000c1800000| PB 0x00000000c1800000| Untracked 
|   3|0x00000000c1900000, 0x00000000c1a00000, 0x00000000c1a00000|100%| O|  |TAMS 0x00000000c1900000| PB 0x00000000c1900000| Untracked 
|   4|0x00000000c1a00000, 0x00000000c1b00000, 0x00000000c1b00000|100%| O|  |TAMS 0x00000000c1a00000| PB 0x00000000c1a00000| Untracked 
|   5|0x00000000c1b00000, 0x00000000c1c00000, 0x00000000c1c00000|100%| O|  |TAMS 0x00000000c1b00000| PB 0x00000000c1b00000| Untracked 
|   6|0x00000000c1c00000, 0x00000000c1d00000, 0x00000000c1d00000|100%| O|  |TAMS 0x00000000c1c00000| PB 0x00000000c1c00000| Untracked 
|   7|0x00000000c1d00000, 0x00000000c1e00000, 0x00000000c1e00000|100%| O|  |TAMS 0x00000000c1d00000| PB 0x00000000c1d00000| Untracked 
|   8|0x00000000c1e00000, 0x00000000c1f00000, 0x00000000c1f00000|100%| O|  |TAMS 0x00000000c1e00000| PB 0x00000000c1e00000| Untracked 
|   9|0x00000000c1f00000, 0x00000000c2000000, 0x00000000c2000000|100%| O|  |TAMS 0x00000000c1f00000| PB 0x00000000c1f00000| Untracked 
|  10|0x00000000c2000000, 0x00000000c2100000, 0x00000000c2100000|100%| O|  |TAMS 0x00000000c2000000| PB 0x00000000c2000000| Untracked 
|  11|0x00000000c2100000, 0x00000000c2200000, 0x00000000c2200000|100%| O|  |TAMS 0x00000000c2100000| PB 0x00000000c2100000| Untracked 
|  12|0x00000000c2200000, 0x00000000c2300000, 0x00000000c2300000|100%| O|  |TAMS 0x00000000c2200000| PB 0x00000000c2200000| Untracked 
|  13|0x00000000c2300000, 0x00000000c2400000, 0x00000000c2400000|100%| O|  |TAMS 0x00000000c2300000| PB 0x00000000c2300000| Untracked 
|  14|0x00000000c2400000, 0x00000000c2500000, 0x00000000c2500000|100%|HS|  |TAMS 0x00000000c2400000| PB 0x00000000c2400000| Complete 
|  15|0x00000000c2500000, 0x00000000c2600000, 0x00000000c2600000|100%| O|Cm|TAMS 0x00000000c2500000| PB 0x00000000c2500000| Complete 
|  16|0x00000000c2600000, 0x00000000c2700000, 0x00000000c2700000|100%| O|  |TAMS 0x00000000c2600000| PB 0x00000000c2600000| Untracked 
|  17|0x00000000c2700000, 0x00000000c2700000, 0x00000000c2800000|  0%| F|  |TAMS 0x00000000c2700000| PB 0x00000000c2700000| Untracked 
|  18|0x00000000c2800000, 0x00000000c2800000, 0x00000000c2900000|  0%| F|  |TAMS 0x00000000c2800000| PB 0x00000000c2800000| Untracked 
|  19|0x00000000c2900000, 0x00000000c2a00000, 0x00000000c2a00000|100%| O|  |TAMS 0x00000000c2900000| PB 0x00000000c2900000| Untracked 
|  20|0x00000000c2a00000, 0x00000000c2b00000, 0x00000000c2b00000|100%| O|Cm|TAMS 0x00000000c2a00000| PB 0x00000000c2a00000| Complete 
|  21|0x00000000c2b00000, 0x00000000c2c00000, 0x00000000c2c00000|100%| O|  |TAMS 0x00000000c2b00000| PB 0x00000000c2b00000| Untracked 
|  22|0x00000000c2c00000, 0x00000000c2d00000, 0x00000000c2d00000|100%| O|  |TAMS 0x00000000c2c00000| PB 0x00000000c2c00000| Untracked 
|  23|0x00000000c2d00000, 0x00000000c2e00000, 0x00000000c2e00000|100%| O|  |TAMS 0x00000000c2d00000| PB 0x00000000c2d00000| Untracked 
|  24|0x00000000c2e00000, 0x00000000c2f00000, 0x00000000c2f00000|100%| O|  |TAMS 0x00000000c2e00000| PB 0x00000000c2e00000| Untracked 
|  25|0x00000000c2f00000, 0x00000000c3000000, 0x00000000c3000000|100%| O|  |TAMS 0x00000000c2f00000| PB 0x00000000c2f00000| Untracked 
|  26|0x00000000c3000000, 0x00000000c30638a0, 0x00000000c3100000| 38%| O|  |TAMS 0x00000000c3000000| PB 0x00000000c3000000| Untracked 
|  27|0x00000000c3100000, 0x00000000c3200000, 0x00000000c3200000|100%|HS|  |TAMS 0x00000000c3100000| PB 0x00000000c3100000| Complete 
|  28|0x00000000c3200000, 0x00000000c3200000, 0x00000000c3300000|  0%| F|  |TAMS 0x00000000c3200000| PB 0x00000000c3200000| Untracked 
|  29|0x00000000c3300000, 0x00000000c3300000, 0x00000000c3400000|  0%| F|  |TAMS 0x00000000c3300000| PB 0x00000000c3300000| Untracked 
|  30|0x00000000c3400000, 0x00000000c3400000, 0x00000000c3500000|  0%| F|  |TAMS 0x00000000c3400000| PB 0x00000000c3400000| Untracked 
|  31|0x00000000c3500000, 0x00000000c3500000, 0x00000000c3600000|  0%| F|  |TAMS 0x00000000c3500000| PB 0x00000000c3500000| Untracked 
|  32|0x00000000c3600000, 0x00000000c3600000, 0x00000000c3700000|  0%| F|  |TAMS 0x00000000c3600000| PB 0x00000000c3600000| Untracked 
|  33|0x00000000c3700000, 0x00000000c3800000, 0x00000000c3800000|100%| O|  |TAMS 0x00000000c3700000| PB 0x00000000c3700000| Untracked 
|  34|0x00000000c3800000, 0x00000000c3900000, 0x00000000c3900000|100%| O|Cm|TAMS 0x00000000c3800000| PB 0x00000000c3800000| Complete 
|  35|0x00000000c3900000, 0x00000000c3900000, 0x00000000c3a00000|  0%| F|  |TAMS 0x00000000c3900000| PB 0x00000000c3900000| Untracked 
|  36|0x00000000c3a00000, 0x00000000c3a00000, 0x00000000c3b00000|  0%| F|  |TAMS 0x00000000c3a00000| PB 0x00000000c3a00000| Untracked 
|  37|0x00000000c3b00000, 0x00000000c3b00000, 0x00000000c3c00000|  0%| F|  |TAMS 0x00000000c3b00000| PB 0x00000000c3b00000| Untracked 
|  38|0x00000000c3c00000, 0x00000000c3c00000, 0x00000000c3d00000|  0%| F|  |TAMS 0x00000000c3c00000| PB 0x00000000c3c00000| Untracked 
|  39|0x00000000c3d00000, 0x00000000c3d00000, 0x00000000c3e00000|  0%| F|  |TAMS 0x00000000c3d00000| PB 0x00000000c3d00000| Untracked 
|  40|0x00000000c3e00000, 0x00000000c3f00000, 0x00000000c3f00000|100%|HS|  |TAMS 0x00000000c3e00000| PB 0x00000000c3e00000| Complete 
|  41|0x00000000c3f00000, 0x00000000c4000000, 0x00000000c4000000|100%|HS|  |TAMS 0x00000000c3f00000| PB 0x00000000c3f00000| Complete 
|  42|0x00000000c4000000, 0x00000000c4100000, 0x00000000c4100000|100%|HC|  |TAMS 0x00000000c4000000| PB 0x00000000c4000000| Complete 
|  43|0x00000000c4100000, 0x00000000c4200000, 0x00000000c4200000|100%| O|Cm|TAMS 0x00000000c4100000| PB 0x00000000c4100000| Complete 
|  44|0x00000000c4200000, 0x00000000c4300000, 0x00000000c4300000|100%| O|Cm|TAMS 0x00000000c4200000| PB 0x00000000c4200000| Complete 
|  45|0x00000000c4300000, 0x00000000c4400000, 0x00000000c4400000|100%| O|Cm|TAMS 0x00000000c4300000| PB 0x00000000c4300000| Complete 
|  46|0x00000000c4400000, 0x00000000c4500000, 0x00000000c4500000|100%| O|Cm|TAMS 0x00000000c4400000| PB 0x00000000c4400000| Complete 
|  47|0x00000000c4500000, 0x00000000c4600000, 0x00000000c4600000|100%| O|Cm|TAMS 0x00000000c4500000| PB 0x00000000c4500000| Complete 
|  48|0x00000000c4600000, 0x00000000c4700000, 0x00000000c4700000|100%| O|  |TAMS 0x00000000c4600000| PB 0x00000000c4600000| Untracked 
|  49|0x00000000c4700000, 0x00000000c4800000, 0x00000000c4800000|100%| O|  |TAMS 0x00000000c4700000| PB 0x00000000c4700000| Untracked 
|  50|0x00000000c4800000, 0x00000000c4900000, 0x00000000c4900000|100%| O|Cm|TAMS 0x00000000c4800000| PB 0x00000000c4800000| Complete 
|  51|0x00000000c4900000, 0x00000000c4a00000, 0x00000000c4a00000|100%| O|Cm|TAMS 0x00000000c4900000| PB 0x00000000c4900000| Complete 
|  52|0x00000000c4a00000, 0x00000000c4b00000, 0x00000000c4b00000|100%| O|Cm|TAMS 0x00000000c4a00000| PB 0x00000000c4a00000| Complete 
|  53|0x00000000c4b00000, 0x00000000c4c00000, 0x00000000c4c00000|100%| O|Cm|TAMS 0x00000000c4b00000| PB 0x00000000c4b00000| Complete 
|  54|0x00000000c4c00000, 0x00000000c4d00000, 0x00000000c4d00000|100%| O|  |TAMS 0x00000000c4c00000| PB 0x00000000c4c00000| Untracked 
|  55|0x00000000c4d00000, 0x00000000c4e00000, 0x00000000c4e00000|100%| O|Cm|TAMS 0x00000000c4d00000| PB 0x00000000c4d00000| Complete 
|  56|0x00000000c4e00000, 0x00000000c4f00000, 0x00000000c4f00000|100%| O|  |TAMS 0x00000000c4e00000| PB 0x00000000c4e00000| Untracked 
|  57|0x00000000c4f00000, 0x00000000c4f00000, 0x00000000c5000000|  0%| F|  |TAMS 0x00000000c4f00000| PB 0x00000000c4f00000| Untracked 
|  58|0x00000000c5000000, 0x00000000c5000000, 0x00000000c5100000|  0%| F|  |TAMS 0x00000000c5000000| PB 0x00000000c5000000| Untracked 
|  59|0x00000000c5100000, 0x00000000c5100000, 0x00000000c5200000|  0%| F|  |TAMS 0x00000000c5100000| PB 0x00000000c5100000| Untracked 
|  60|0x00000000c5200000, 0x00000000c5200000, 0x00000000c5300000|  0%| F|  |TAMS 0x00000000c5200000| PB 0x00000000c5200000| Untracked 
|  61|0x00000000c5300000, 0x00000000c5300000, 0x00000000c5400000|  0%| F|  |TAMS 0x00000000c5300000| PB 0x00000000c5300000| Untracked 
|  62|0x00000000c5400000, 0x00000000c5400000, 0x00000000c5500000|  0%| F|  |TAMS 0x00000000c5400000| PB 0x00000000c5400000| Untracked 
|  63|0x00000000c5500000, 0x00000000c5500000, 0x00000000c5600000|  0%| F|  |TAMS 0x00000000c5500000| PB 0x00000000c5500000| Untracked 
|  64|0x00000000c5600000, 0x00000000c5600000, 0x00000000c5700000|  0%| F|  |TAMS 0x00000000c5600000| PB 0x00000000c5600000| Untracked 
|  65|0x00000000c5700000, 0x00000000c5700000, 0x00000000c5800000|  0%| F|  |TAMS 0x00000000c5700000| PB 0x00000000c5700000| Untracked 
|  66|0x00000000c5800000, 0x00000000c5800000, 0x00000000c5900000|  0%| F|  |TAMS 0x00000000c5800000| PB 0x00000000c5800000| Untracked 
|  67|0x00000000c5900000, 0x00000000c5900000, 0x00000000c5a00000|  0%| F|  |TAMS 0x00000000c5900000| PB 0x00000000c5900000| Untracked 
|  68|0x00000000c5a00000, 0x00000000c5a00000, 0x00000000c5b00000|  0%| F|  |TAMS 0x00000000c5a00000| PB 0x00000000c5a00000| Untracked 
|  69|0x00000000c5b00000, 0x00000000c5b00000, 0x00000000c5c00000|  0%| F|  |TAMS 0x00000000c5b00000| PB 0x00000000c5b00000| Untracked 
|  70|0x00000000c5c00000, 0x00000000c5c00000, 0x00000000c5d00000|  0%| F|  |TAMS 0x00000000c5c00000| PB 0x00000000c5c00000| Untracked 
|  71|0x00000000c5d00000, 0x00000000c5d00000, 0x00000000c5e00000|  0%| F|  |TAMS 0x00000000c5d00000| PB 0x00000000c5d00000| Untracked 
|  72|0x00000000c5e00000, 0x00000000c5e00000, 0x00000000c5f00000|  0%| F|  |TAMS 0x00000000c5e00000| PB 0x00000000c5e00000| Untracked 
|  73|0x00000000c5f00000, 0x00000000c5f00000, 0x00000000c6000000|  0%| F|  |TAMS 0x00000000c5f00000| PB 0x00000000c5f00000| Untracked 
|  74|0x00000000c6000000, 0x00000000c6000000, 0x00000000c6100000|  0%| F|  |TAMS 0x00000000c6000000| PB 0x00000000c6000000| Untracked 
|  75|0x00000000c6100000, 0x00000000c6100000, 0x00000000c6200000|  0%| F|  |TAMS 0x00000000c6100000| PB 0x00000000c6100000| Untracked 
|  76|0x00000000c6200000, 0x00000000c6200000, 0x00000000c6300000|  0%| F|  |TAMS 0x00000000c6200000| PB 0x00000000c6200000| Untracked 
|  77|0x00000000c6300000, 0x00000000c6300000, 0x00000000c6400000|  0%| F|  |TAMS 0x00000000c6300000| PB 0x00000000c6300000| Untracked 
|  78|0x00000000c6400000, 0x00000000c6400000, 0x00000000c6500000|  0%| F|  |TAMS 0x00000000c6400000| PB 0x00000000c6400000| Untracked 
|  79|0x00000000c6500000, 0x00000000c6500000, 0x00000000c6600000|  0%| F|  |TAMS 0x00000000c6500000| PB 0x00000000c6500000| Untracked 
|  80|0x00000000c6600000, 0x00000000c6600000, 0x00000000c6700000|  0%| F|  |TAMS 0x00000000c6600000| PB 0x00000000c6600000| Untracked 
|  81|0x00000000c6700000, 0x00000000c6700000, 0x00000000c6800000|  0%| F|  |TAMS 0x00000000c6700000| PB 0x00000000c6700000| Untracked 
|  82|0x00000000c6800000, 0x00000000c6800000, 0x00000000c6900000|  0%| F|  |TAMS 0x00000000c6800000| PB 0x00000000c6800000| Untracked 
|  83|0x00000000c6900000, 0x00000000c6900000, 0x00000000c6a00000|  0%| F|  |TAMS 0x00000000c6900000| PB 0x00000000c6900000| Untracked 
|  84|0x00000000c6a00000, 0x00000000c6a00000, 0x00000000c6b00000|  0%| F|  |TAMS 0x00000000c6a00000| PB 0x00000000c6a00000| Untracked 
|  85|0x00000000c6b00000, 0x00000000c6b00000, 0x00000000c6c00000|  0%| F|  |TAMS 0x00000000c6b00000| PB 0x00000000c6b00000| Untracked 
|  86|0x00000000c6c00000, 0x00000000c6ce96d0, 0x00000000c6d00000| 91%| S|CS|TAMS 0x00000000c6c00000| PB 0x00000000c6c00000| Complete 
|  87|0x00000000c6d00000, 0x00000000c6e00000, 0x00000000c6e00000|100%| S|CS|TAMS 0x00000000c6d00000| PB 0x00000000c6d00000| Complete 
|  88|0x00000000c6e00000, 0x00000000c6f00000, 0x00000000c6f00000|100%| S|CS|TAMS 0x00000000c6e00000| PB 0x00000000c6e00000| Complete 
|  89|0x00000000c6f00000, 0x00000000c6f00000, 0x00000000c7000000|  0%| F|  |TAMS 0x00000000c6f00000| PB 0x00000000c6f00000| Untracked 
|  90|0x00000000c7000000, 0x00000000c7000000, 0x00000000c7100000|  0%| F|  |TAMS 0x00000000c7000000| PB 0x00000000c7000000| Untracked 
|  91|0x00000000c7100000, 0x00000000c7100000, 0x00000000c7200000|  0%| F|  |TAMS 0x00000000c7100000| PB 0x00000000c7100000| Untracked 
|  92|0x00000000c7200000, 0x00000000c7200000, 0x00000000c7300000|  0%| F|  |TAMS 0x00000000c7200000| PB 0x00000000c7200000| Untracked 
|  93|0x00000000c7300000, 0x00000000c7300000, 0x00000000c7400000|  0%| F|  |TAMS 0x00000000c7300000| PB 0x00000000c7300000| Untracked 
|  94|0x00000000c7400000, 0x00000000c7400000, 0x00000000c7500000|  0%| F|  |TAMS 0x00000000c7400000| PB 0x00000000c7400000| Untracked 
|  95|0x00000000c7500000, 0x00000000c7500000, 0x00000000c7600000|  0%| F|  |TAMS 0x00000000c7500000| PB 0x00000000c7500000| Untracked 
|  96|0x00000000c7600000, 0x00000000c7600000, 0x00000000c7700000|  0%| F|  |TAMS 0x00000000c7600000| PB 0x00000000c7600000| Untracked 
|  97|0x00000000c7700000, 0x00000000c7700000, 0x00000000c7800000|  0%| F|  |TAMS 0x00000000c7700000| PB 0x00000000c7700000| Untracked 
|  98|0x00000000c7800000, 0x00000000c7800000, 0x00000000c7900000|  0%| F|  |TAMS 0x00000000c7800000| PB 0x00000000c7800000| Untracked 
|  99|0x00000000c7900000, 0x00000000c7900000, 0x00000000c7a00000|  0%| F|  |TAMS 0x00000000c7900000| PB 0x00000000c7900000| Untracked 
| 100|0x00000000c7a00000, 0x00000000c7a00000, 0x00000000c7b00000|  0%| F|  |TAMS 0x00000000c7a00000| PB 0x00000000c7a00000| Untracked 
| 101|0x00000000c7b00000, 0x00000000c7b00000, 0x00000000c7c00000|  0%| F|  |TAMS 0x00000000c7b00000| PB 0x00000000c7b00000| Untracked 
| 102|0x00000000c7c00000, 0x00000000c7c00000, 0x00000000c7d00000|  0%| F|  |TAMS 0x00000000c7c00000| PB 0x00000000c7c00000| Untracked 
| 103|0x00000000c7d00000, 0x00000000c7d00000, 0x00000000c7e00000|  0%| F|  |TAMS 0x00000000c7d00000| PB 0x00000000c7d00000| Untracked 
| 104|0x00000000c7e00000, 0x00000000c7e00000, 0x00000000c7f00000|  0%| F|  |TAMS 0x00000000c7e00000| PB 0x00000000c7e00000| Untracked 
| 105|0x00000000c7f00000, 0x00000000c7f00000, 0x00000000c8000000|  0%| F|  |TAMS 0x00000000c7f00000| PB 0x00000000c7f00000| Untracked 
| 106|0x00000000c8000000, 0x00000000c8000000, 0x00000000c8100000|  0%| F|  |TAMS 0x00000000c8000000| PB 0x00000000c8000000| Untracked 
| 107|0x00000000c8100000, 0x00000000c8110020, 0x00000000c8200000|  6%| E|  |TAMS 0x00000000c8100000| PB 0x00000000c8100000| Complete 
| 108|0x00000000c8200000, 0x00000000c82feac0, 0x00000000c8300000| 99%| E|  |TAMS 0x00000000c8200000| PB 0x00000000c8200000| Complete 
| 109|0x00000000c8300000, 0x00000000c8400000, 0x00000000c8400000|100%| E|CS|TAMS 0x00000000c8300000| PB 0x00000000c8300000| Complete 
| 110|0x00000000c8400000, 0x00000000c8500000, 0x00000000c8500000|100%| E|CS|TAMS 0x00000000c8400000| PB 0x00000000c8400000| Complete 
| 111|0x00000000c8500000, 0x00000000c8600000, 0x00000000c8600000|100%| E|CS|TAMS 0x00000000c8500000| PB 0x00000000c8500000| Complete 
| 112|0x00000000c8600000, 0x00000000c8700000, 0x00000000c8700000|100%| E|CS|TAMS 0x00000000c8600000| PB 0x00000000c8600000| Complete 
| 113|0x00000000c8700000, 0x00000000c8800000, 0x00000000c8800000|100%| E|CS|TAMS 0x00000000c8700000| PB 0x00000000c8700000| Complete 
| 114|0x00000000c8800000, 0x00000000c8900000, 0x00000000c8900000|100%| E|CS|TAMS 0x00000000c8800000| PB 0x00000000c8800000| Complete 
| 115|0x00000000c8900000, 0x00000000c8a00000, 0x00000000c8a00000|100%| E|CS|TAMS 0x00000000c8900000| PB 0x00000000c8900000| Complete 
| 116|0x00000000c8a00000, 0x00000000c8b00000, 0x00000000c8b00000|100%| E|CS|TAMS 0x00000000c8a00000| PB 0x00000000c8a00000| Complete 

Card table byte_map: [0x000001b4fe410000,0x000001b4fe610000] _byte_map_base: 0x000001b4fde05000

Marking Bits: (CMBitMap*) 0x000001b4e6b42930
 Bits: [0x000001b4fe610000, 0x000001b4ff5b8000)

Polling page: 0x000001b4e49d0000

Metaspace:

Usage:
  Non-class:     27.77 MB used.
      Class:      3.56 MB used.
       Both:     31.33 MB used.

Virtual space:
  Non-class space:       64.00 MB reserved,      28.06 MB ( 44%) committed,  1 nodes.
      Class space:        1.00 GB reserved,       3.81 MB ( <1%) committed,  1 nodes.
             Both:        1.06 GB reserved,      31.88 MB (  3%) committed. 

Chunk freelists:
   Non-Class:  3.17 MB
       Class:  12.20 MB
        Both:  15.38 MB

MaxMetaspaceSize: unlimited
CompressedClassSpaceSize: 1.00 GB
Initial GC threshold: 21.00 MB
Current GC threshold: 50.62 MB
CDS: on
 - commit_granule_bytes: 65536.
 - commit_granule_words: 8192.
 - virtual_space_node_default_size: 8388608.
 - enlarge_chunks_in_place: 1.
 - use_allocation_guard: 0.


Internal statistics:

num_allocs_failed_limit: 6.
num_arena_births: 502.
num_arena_deaths: 4.
num_vsnodes_births: 2.
num_vsnodes_deaths: 0.
num_space_committed: 525.
num_space_uncommitted: 10.
num_chunks_returned_to_freelist: 77.
num_chunks_taken_from_freelist: 1750.
num_chunk_merges: 24.
num_chunk_splits: 1221.
num_chunks_enlarged: 930.
num_inconsistent_stats: 0.

CodeHeap 'non-profiled nmethods': size=120000Kb used=2710Kb max_used=2796Kb free=117289Kb
 bounds [0x000001b4f6ce0000, 0x000001b4f6fa0000, 0x000001b4fe210000]
CodeHeap 'profiled nmethods': size=120000Kb used=11631Kb max_used=11631Kb free=108368Kb
 bounds [0x000001b4ef210000, 0x000001b4efd70000, 0x000001b4f6740000]
CodeHeap 'non-nmethods': size=5760Kb used=1510Kb max_used=1537Kb free=4250Kb
 bounds [0x000001b4f6740000, 0x000001b4f69b0000, 0x000001b4f6ce0000]
CodeCache: size=245760Kb, used=15851Kb, max_used=15964Kb, free=229907Kb
 total_blobs=6674, nmethods=6090, adapters=488, full_count=0
Compilation: enabled, stopped_count=0, restarted_count=0

Compilation events (20 events):
Event: 12.134 Thread 0x000001b4ffa47350 7233   !   2       java.lang.invoke.MethodHandles$Lookup::canBeCached (150 bytes)
Event: 12.135 Thread 0x000001b4ffa47350 nmethod 7233 0x000001b4efd60110 code [0x000001b4efd60360, 0x000001b4efd609b8]
Event: 12.137 Thread 0x000001b4ffa47350 7235       2       java.lang.invoke.LambdaForm::arguments (47 bytes)
Event: 12.137 Thread 0x000001b4ffa47350 nmethod 7235 0x000001b4efd60d10 code [0x000001b4efd60f00, 0x000001b4efd613e0]
Event: 12.147 Thread 0x000001b4ffa47350 7238       3       org.codehaus.plexus.classworlds.realm.Entry::matches (282 bytes)
Event: 12.151 Thread 0x000001b4ffa47350 nmethod 7238 0x000001b4efd61790 code [0x000001b4efd61e20, 0x000001b4efd653a0]
Event: 12.177 Thread 0x000001b4ffa47350 7239       2       java.lang.Module::isStaticallyExportedOrOpen (70 bytes)
Event: 12.178 Thread 0x000001b4ffa47350 nmethod 7239 0x000001b4efd66610 code [0x000001b4efd66800, 0x000001b4efd66b18]
Event: 12.355 Thread 0x000001b4ffa47350 7241   !   2       java.io.FileInputStream::read (24 bytes)
Event: 12.356 Thread 0x000001b4ffa47350 nmethod 7241 0x000001b4efd66c90 code [0x000001b4efd66e60, 0x000001b4efd67020]
Event: 12.390 Thread 0x000001b4ffa47350 7242       1       org.springframework.boot.loader.tools.Library::getName (5 bytes)
Event: 12.390 Thread 0x000001b4ffa47350 nmethod 7242 0x000001b4f6f11b90 code [0x000001b4f6f11d20, 0x000001b4f6f11de8]
Event: 12.516 Thread 0x000001b4ffa47350 7243       3       java.util.zip.ZipFile$ZipEntryIterator::hasMoreElements (5 bytes)
Event: 12.517 Thread 0x000001b4ffa47350 nmethod 7243 0x000001b4efd67190 code [0x000001b4efd67340, 0x000001b4efd67508]
Event: 12.533 Thread 0x000001b4ffa47350 7244       2       java.util.ArrayList::subList (20 bytes)
Event: 12.533 Thread 0x000001b4ffa47350 nmethod 7244 0x000001b4efd67610 code [0x000001b4efd677c0, 0x000001b4efd679f0]
Event: 12.571 Thread 0x000001b4ffa47350 7245       2       org.springframework.asm.ClassReader::readUnsignedShort (26 bytes)
Event: 12.572 Thread 0x000001b4ffa47350 nmethod 7245 0x000001b4efd67a90 code [0x000001b4efd67c40, 0x000001b4efd67da8]
Event: 12.575 Thread 0x000001b4ffa47350 7246       2       org.springframework.asm.ClassReader::readUtf (161 bytes)
Event: 12.576 Thread 0x000001b4ffa47350 nmethod 7246 0x000001b4efd67e90 code [0x000001b4efd68060, 0x000001b4efd683e8]

GC Heap History (20 events):
Event: 8.762 GC heap before
{Heap before GC invocations=10 (full 0):
 garbage-first heap   total 78848K, used 60416K [0x00000000c1600000, 0x0000000100000000)
  region size 1024K, 23 young (23552K), 3 survivors (3072K)
 Metaspace       used 26260K, committed 26560K, reserved 1114112K
  class space    used 2936K, committed 3072K, reserved 1048576K
}
Event: 8.767 GC heap after
{Heap after GC invocations=11 (full 0):
 garbage-first heap   total 78848K, used 41790K [0x00000000c1600000, 0x0000000100000000)
  region size 1024K, 1 young (1024K), 1 survivors (1024K)
 Metaspace       used 26260K, committed 26560K, reserved 1114112K
  class space    used 2936K, committed 3072K, reserved 1048576K
}
Event: 9.435 GC heap before
{Heap before GC invocations=12 (full 0):
 garbage-first heap   total 78848K, used 66366K [0x00000000c1600000, 0x0000000100000000)
  region size 1024K, 23 young (23552K), 1 survivors (1024K)
 Metaspace       used 27739K, committed 28224K, reserved 1114112K
  class space    used 3142K, committed 3392K, reserved 1048576K
}
Event: 9.442 GC heap after
{Heap after GC invocations=13 (full 0):
 garbage-first heap   total 78848K, used 48566K [0x00000000c1600000, 0x0000000100000000)
  region size 1024K, 3 young (3072K), 3 survivors (3072K)
 Metaspace       used 27739K, committed 28224K, reserved 1114112K
  class space    used 3142K, committed 3392K, reserved 1048576K
}
Event: 9.697 GC heap before
{Heap before GC invocations=13 (full 0):
 garbage-first heap   total 78848K, used 66998K [0x00000000c1600000, 0x0000000100000000)
  region size 1024K, 20 young (20480K), 3 survivors (3072K)
 Metaspace       used 27766K, committed 28288K, reserved 1114112K
  class space    used 3142K, committed 3392K, reserved 1048576K
}
Event: 9.709 GC heap after
{Heap after GC invocations=14 (full 0):
 garbage-first heap   total 78848K, used 51669K [0x00000000c1600000, 0x0000000100000000)
  region size 1024K, 3 young (3072K), 3 survivors (3072K)
 Metaspace       used 27766K, committed 28288K, reserved 1114112K
  class space    used 3142K, committed 3392K, reserved 1048576K
}
Event: 9.936 GC heap before
{Heap before GC invocations=14 (full 0):
 garbage-first heap   total 78848K, used 66005K [0x00000000c1600000, 0x0000000100000000)
  region size 1024K, 17 young (17408K), 3 survivors (3072K)
 Metaspace       used 27782K, committed 28288K, reserved 1114112K
  class space    used 3142K, committed 3392K, reserved 1048576K
}
Event: 9.944 GC heap after
{Heap after GC invocations=15 (full 0):
 garbage-first heap   total 96256K, used 56814K [0x00000000c1600000, 0x0000000100000000)
  region size 1024K, 3 young (3072K), 3 survivors (3072K)
 Metaspace       used 27782K, committed 28288K, reserved 1114112K
  class space    used 3142K, committed 3392K, reserved 1048576K
}
Event: 10.566 GC heap before
{Heap before GC invocations=16 (full 0):
 garbage-first heap   total 96256K, used 77294K [0x00000000c1600000, 0x0000000100000000)
  region size 1024K, 24 young (24576K), 3 survivors (3072K)
 Metaspace       used 27252K, committed 27712K, reserved 1114112K
  class space    used 3075K, committed 3328K, reserved 1048576K
}
Event: 10.570 GC heap after
{Heap after GC invocations=17 (full 0):
 garbage-first heap   total 96256K, used 58733K [0x00000000c1600000, 0x0000000100000000)
  region size 1024K, 2 young (2048K), 2 survivors (2048K)
 Metaspace       used 27252K, committed 27712K, reserved 1114112K
  class space    used 3075K, committed 3328K, reserved 1048576K
}
Event: 10.961 GC heap before
{Heap before GC invocations=17 (full 0):
 garbage-first heap   total 96256K, used 80237K [0x00000000c1600000, 0x0000000100000000)
  region size 1024K, 24 young (24576K), 2 survivors (2048K)
 Metaspace       used 27851K, committed 28352K, reserved 1114112K
  class space    used 3141K, committed 3392K, reserved 1048576K
}
Event: 10.967 GC heap after
{Heap after GC invocations=18 (full 0):
 garbage-first heap   total 96256K, used 49140K [0x00000000c1600000, 0x0000000100000000)
  region size 1024K, 2 young (2048K), 2 survivors (2048K)
 Metaspace       used 27851K, committed 28352K, reserved 1114112K
  class space    used 3141K, committed 3392K, reserved 1048576K
}
Event: 11.397 GC heap before
{Heap before GC invocations=18 (full 0):
 garbage-first heap   total 96256K, used 78836K [0x00000000c1600000, 0x0000000100000000)
  region size 1024K, 31 young (31744K), 2 survivors (2048K)
 Metaspace       used 29235K, committed 29696K, reserved 1114112K
  class space    used 3319K, committed 3520K, reserved 1048576K
}
Event: 11.404 GC heap after
{Heap after GC invocations=19 (full 0):
 garbage-first heap   total 96256K, used 48875K [0x00000000c1600000, 0x0000000100000000)
  region size 1024K, 4 young (4096K), 4 survivors (4096K)
 Metaspace       used 29235K, committed 29696K, reserved 1114112K
  class space    used 3319K, committed 3520K, reserved 1048576K
}
Event: 11.576 GC heap before
{Heap before GC invocations=19 (full 0):
 garbage-first heap   total 96256K, used 63211K [0x00000000c1600000, 0x0000000100000000)
  region size 1024K, 13 young (13312K), 4 survivors (4096K)
 Metaspace       used 30339K, committed 30848K, reserved 1114112K
  class space    used 3429K, committed 3648K, reserved 1048576K
}
Event: 11.586 GC heap after
{Heap after GC invocations=20 (full 0):
 garbage-first heap   total 96256K, used 55676K [0x00000000c1600000, 0x0000000100000000)
  region size 1024K, 4 young (4096K), 4 survivors (4096K)
 Metaspace       used 30339K, committed 30848K, reserved 1114112K
  class space    used 3429K, committed 3648K, reserved 1048576K
}
Event: 11.587 GC heap before
{Heap before GC invocations=20 (full 0):
 garbage-first heap   total 96256K, used 58748K [0x00000000c1600000, 0x0000000100000000)
  region size 1024K, 5 young (5120K), 4 survivors (4096K)
 Metaspace       used 30339K, committed 30848K, reserved 1114112K
  class space    used 3429K, committed 3648K, reserved 1048576K
}
Event: 11.592 GC heap after
{Heap after GC invocations=21 (full 0):
 garbage-first heap   total 96256K, used 59075K [0x00000000c1600000, 0x0000000100000000)
  region size 1024K, 2 young (2048K), 2 survivors (2048K)
 Metaspace       used 30339K, committed 30848K, reserved 1114112K
  class space    used 3429K, committed 3648K, reserved 1048576K
}
Event: 12.064 GC heap before
{Heap before GC invocations=22 (full 0):
 garbage-first heap   total 119808K, used 96963K [0x00000000c1600000, 0x0000000100000000)
  region size 1024K, 28 young (28672K), 2 survivors (2048K)
 Metaspace       used 31257K, committed 31808K, reserved 1114112K
  class space    used 3535K, committed 3776K, reserved 1048576K
}
Event: 12.069 GC heap after
{Heap after GC invocations=23 (full 0):
 garbage-first heap   total 119808K, used 47411K [0x00000000c1600000, 0x0000000100000000)
  region size 1024K, 3 young (3072K), 3 survivors (3072K)
 Metaspace       used 31257K, committed 31808K, reserved 1114112K
  class space    used 3535K, committed 3776K, reserved 1048576K
}

Dll operation events (8 events):
Event: 0.010 Loaded shared library C:\Users\darsh\AppData\Local\Programs\Eclipse Adoptium\jdk-21.0.8.9-hotspot\bin\java.dll
Event: 0.059 Loaded shared library C:\Users\darsh\AppData\Local\Programs\Eclipse Adoptium\jdk-21.0.8.9-hotspot\bin\jsvml.dll
Event: 0.079 Loaded shared library C:\Users\darsh\AppData\Local\Programs\Eclipse Adoptium\jdk-21.0.8.9-hotspot\bin\net.dll
Event: 0.081 Loaded shared library C:\Users\darsh\AppData\Local\Programs\Eclipse Adoptium\jdk-21.0.8.9-hotspot\bin\nio.dll
Event: 0.085 Loaded shared library C:\Users\darsh\AppData\Local\Programs\Eclipse Adoptium\jdk-21.0.8.9-hotspot\bin\zip.dll
Event: 0.227 Loaded shared library C:\Users\darsh\AppData\Local\Programs\Eclipse Adoptium\jdk-21.0.8.9-hotspot\bin\jimage.dll
Event: 0.250 Loaded shared library C:\Program Files\Apache\Maven\apache-maven-3.8.9\lib\jansi-native\Windows\x86_64\jansi.dll
Event: 0.263 Loaded shared library C:\Users\darsh\AppData\Local\Programs\Eclipse Adoptium\jdk-21.0.8.9-hotspot\bin\verify.dll

Deoptimization events (20 events):
Event: 12.081 Thread 0x000001b4e6b0f7e0 DEOPT PACKING pc=0x000001b4ef9e8409 sp=0x00000007022fdb20
Event: 12.081 Thread 0x000001b4e6b0f7e0 DEOPT UNPACKING pc=0x000001b4f6794e42 sp=0x00000007022fd090 mode 0
Event: 12.090 Thread 0x000001b4e6b0f7e0 DEOPT PACKING pc=0x000001b4ef9e8409 sp=0x00000007022fdb20
Event: 12.090 Thread 0x000001b4e6b0f7e0 DEOPT UNPACKING pc=0x000001b4f6794e42 sp=0x00000007022fd090 mode 0
Event: 12.145 Thread 0x000001b4e6b0f7e0 Uncommon trap: trap_request=0xffffff45 fr.pc=0x000001b4f6f7856c relative=0x000000000000094c
Event: 12.145 Thread 0x000001b4e6b0f7e0 Uncommon trap: reason=unstable_if action=reinterpret pc=0x000001b4f6f7856c method=org.codehaus.plexus.classworlds.realm.Entry.matches(Ljava/lang/String;)Z @ 20 c2
Event: 12.145 Thread 0x000001b4e6b0f7e0 DEOPT PACKING pc=0x000001b4f6f7856c sp=0x00000007022fdbc0
Event: 12.145 Thread 0x000001b4e6b0f7e0 DEOPT UNPACKING pc=0x000001b4f67946a2 sp=0x00000007022fdb78 mode 2
Event: 12.173 Thread 0x000001b4e6b0f7e0 Uncommon trap: trap_request=0xffffff66 fr.pc=0x000001b4f6d56304 relative=0x0000000000000064
Event: 12.173 Thread 0x000001b4e6b0f7e0 Uncommon trap: reason=speculate_class_check action=maybe_recompile pc=0x000001b4f6d56304 method=java.lang.invoke.Invokers$Holder.linkToTargetMethod(Ljava/lang/Object;Ljava/lang/Object;)Ljava/lang/Object; @ 1 c2
Event: 12.173 Thread 0x000001b4e6b0f7e0 DEOPT PACKING pc=0x000001b4f6d56304 sp=0x00000007022fdd50
Event: 12.173 Thread 0x000001b4e6b0f7e0 DEOPT UNPACKING pc=0x000001b4f67946a2 sp=0x00000007022fdcf0 mode 2
Event: 12.194 Thread 0x000001b4e6b0f7e0 Uncommon trap: trap_request=0xffffff66 fr.pc=0x000001b4f6d56304 relative=0x0000000000000064
Event: 12.194 Thread 0x000001b4e6b0f7e0 Uncommon trap: reason=speculate_class_check action=maybe_recompile pc=0x000001b4f6d56304 method=java.lang.invoke.Invokers$Holder.linkToTargetMethod(Ljava/lang/Object;Ljava/lang/Object;)Ljava/lang/Object; @ 1 c2
Event: 12.194 Thread 0x000001b4e6b0f7e0 DEOPT PACKING pc=0x000001b4f6d56304 sp=0x00000007022fe2e0
Event: 12.194 Thread 0x000001b4e6b0f7e0 DEOPT UNPACKING pc=0x000001b4f67946a2 sp=0x00000007022fe280 mode 2
Event: 12.706 Thread 0x000001b4e6b0f7e0 Uncommon trap: trap_request=0xffffff66 fr.pc=0x000001b4f6d56304 relative=0x0000000000000064
Event: 12.706 Thread 0x000001b4e6b0f7e0 Uncommon trap: reason=speculate_class_check action=maybe_recompile pc=0x000001b4f6d56304 method=java.lang.invoke.Invokers$Holder.linkToTargetMethod(Ljava/lang/Object;Ljava/lang/Object;)Ljava/lang/Object; @ 1 c2
Event: 12.706 Thread 0x000001b4e6b0f7e0 DEOPT PACKING pc=0x000001b4f6d56304 sp=0x00000007022fdfd0
Event: 12.706 Thread 0x000001b4e6b0f7e0 DEOPT UNPACKING pc=0x000001b4f67946a2 sp=0x00000007022fdf70 mode 2

Classes loaded (20 events):
Event: 12.025 Loading class javax/management/InstanceNotFoundException
Event: 12.025 Loading class javax/management/OperationsException
Event: 12.025 Loading class javax/management/OperationsException done
Event: 12.025 Loading class javax/management/InstanceNotFoundException done
Event: 12.170 Loading class java/net/HttpURLConnection
Event: 12.172 Loading class java/net/HttpURLConnection done
Event: 12.178 Loading class java/util/stream/DistinctOps
Event: 12.178 Loading class java/util/stream/DistinctOps done
Event: 12.178 Loading class java/util/stream/DistinctOps$1
Event: 12.179 Loading class java/util/stream/ReferencePipeline$StatefulOp
Event: 12.179 Loading class java/util/stream/ReferencePipeline$StatefulOp done
Event: 12.179 Loading class java/util/stream/DistinctOps$1 done
Event: 12.180 Loading class java/util/stream/DistinctOps$1$2
Event: 12.181 Loading class java/util/stream/DistinctOps$1$2 done
Event: 12.201 Loading class java/util/jar/JarInputStream
Event: 12.201 Loading class java/util/jar/JarInputStream done
Event: 12.512 Loading class java/io/FileFilter
Event: 12.512 Loading class java/io/FileFilter done
Event: 12.545 Loading class sun/security/util/ManifestEntryVerifier
Event: 12.546 Loading class sun/security/util/ManifestEntryVerifier done

Classes unloaded (20 events):
Event: 10.004 Thread 0x000001b4ffa14bd0 Unloading class 0x000001b4832eea10 'lombok/javac/apt/MessagerDiagnosticsReceiver'
Event: 10.004 Thread 0x000001b4ffa14bd0 Unloading class 0x000001b4832ee640 'lombok/javac/apt/InterceptingJavaFileManager'
Event: 10.004 Thread 0x000001b4ffa14bd0 Unloading class 0x000001b4832ee430 'lombok/permit/dummy/Parent'
Event: 10.004 Thread 0x000001b4ffa14bd0 Unloading class 0x000001b4832ee210 'lombok/core/CleanupRegistry'
Event: 10.004 Thread 0x000001b4ffa14bd0 Unloading class 0x000001b4832ee000 'lombok/permit/Permit$Fake'
Event: 10.004 Thread 0x000001b4ffa14bd0 Unloading class 0x000001b4832edc10 'lombok/permit/Permit'
Event: 10.004 Thread 0x000001b4ffa14bd0 Unloading class 0x000001b4832ed918 'lombok/javac/apt/LombokProcessor$1'
Event: 10.004 Thread 0x000001b4ffa14bd0 Unloading class 0x000001b4832ed718 'lombok/core/DiagnosticsReceiver'
Event: 10.004 Thread 0x000001b4ffa14bd0 Unloading class 0x000001b4832ed478 'lombok/javac/apt/LombokProcessor'
Event: 10.004 Thread 0x000001b4ffa14bd0 Unloading class 0x000001b4832ed240 'lombok/core/AnnotationProcessor$EcjDescriptor'
Event: 10.004 Thread 0x000001b4ffa14bd0 Unloading class 0x000001b4832ed000 'lombok/core/AnnotationProcessor$JavacDescriptor'
Event: 10.004 Thread 0x000001b4ffa14bd0 Unloading class 0x000001b4832eca88 'lombok/core/AnnotationProcessor$ProcessorDescriptor'
Event: 10.004 Thread 0x000001b4ffa14bd0 Unloading class 0x000001b4832ec800 'lombok/core/AnnotationProcessor'
Event: 10.004 Thread 0x000001b4ffa14bd0 Unloading class 0x000001b48331d800 'lombok/launch/AnnotationProcessorHider$ClaimingProcessor'
Event: 10.004 Thread 0x000001b4ffa14bd0 Unloading class 0x000001b4832ec4a8 'lombok/launch/AnnotationProcessorHider$AstModificationNotifierData'
Event: 10.004 Thread 0x000001b4ffa14bd0 Unloading class 0x000001b4832ec220 'lombok/launch/ClassFileMetaData'
Event: 10.004 Thread 0x000001b4ffa14bd0 Unloading class 0x000001b4832ec000 'lombok/launch/PackageShader'
Event: 10.004 Thread 0x000001b4ffa14bd0 Unloading class 0x000001b4832c4c90 'lombok/launch/ShadowClassLoader'
Event: 10.004 Thread 0x000001b4ffa14bd0 Unloading class 0x000001b4832c4a88 'lombok/launch/Main'
Event: 10.004 Thread 0x000001b4ffa14bd0 Unloading class 0x000001b4832c4800 'lombok/launch/AnnotationProcessorHider$AnnotationProcessor'

Classes redefined (0 events):
No events

Internal exceptions (20 events):
Event: 10.740 Thread 0x000001b4e6b0f7e0 Exception <a 'sun/nio/fs/WindowsException'{0x00000000c6a3f7f0}> (0x00000000c6a3f7f0) 
thrown [s\src\hotspot\share\prims\jni.cpp, line 520]
Event: 10.741 Thread 0x000001b4e6b0f7e0 Exception <a 'sun/nio/fs/WindowsException'{0x00000000c6a40320}> (0x00000000c6a40320) 
thrown [s\src\hotspot\share\prims\jni.cpp, line 520]
Event: 10.743 Thread 0x000001b4e6b0f7e0 Exception <a 'sun/nio/fs/WindowsException'{0x00000000c6a5d350}> (0x00000000c6a5d350) 
thrown [s\src\hotspot\share\prims\jni.cpp, line 520]
Event: 10.743 Thread 0x000001b4e6b0f7e0 Exception <a 'sun/nio/fs/WindowsException'{0x00000000c6a5ddc8}> (0x00000000c6a5ddc8) 
thrown [s\src\hotspot\share\prims\jni.cpp, line 520]
Event: 10.743 Thread 0x000001b4e6b0f7e0 Exception <a 'sun/nio/fs/WindowsException'{0x00000000c6a5e8f8}> (0x00000000c6a5e8f8) 
thrown [s\src\hotspot\share\prims\jni.cpp, line 520]
Event: 10.749 Thread 0x000001b4e6b0f7e0 Exception <a 'sun/nio/fs/WindowsException'{0x00000000c6adb470}> (0x00000000c6adb470) 
thrown [s\src\hotspot\share\prims\jni.cpp, line 520]
Event: 10.753 Thread 0x000001b4e6b0f7e0 Exception <a 'sun/nio/fs/WindowsException'{0x00000000c6af2a18}> (0x00000000c6af2a18) 
thrown [s\src\hotspot\share\prims\jni.cpp, line 520]
Event: 10.756 Thread 0x000001b4e6b0f7e0 Exception <a 'sun/nio/fs/WindowsException'{0x00000000c6af9e10}> (0x00000000c6af9e10) 
thrown [s\src\hotspot\share\prims\jni.cpp, line 520]
Event: 10.756 Thread 0x000001b4e6b0f7e0 Exception <a 'sun/nio/fs/WindowsException'{0x00000000c6afa5a8}> (0x00000000c6afa5a8) 
thrown [s\src\hotspot\share\prims\jni.cpp, line 520]
Event: 10.756 Thread 0x000001b4e6b0f7e0 Exception <a 'sun/nio/fs/WindowsException'{0x00000000c6afab78}> (0x00000000c6afab78) 
thrown [s\src\hotspot\share\prims\jni.cpp, line 520]
Event: 10.756 Thread 0x000001b4e6b0f7e0 Exception <a 'sun/nio/fs/WindowsException'{0x00000000c6afb2d8}> (0x00000000c6afb2d8) 
thrown [s\src\hotspot\share\prims\jni.cpp, line 520]
Event: 11.180 Thread 0x000001b4c8e0ece0 Exception <a 'java/lang/NoSuchMethodError'{0x00000000c63892e8}: 'java.lang.Object java.lang.invoke.DirectMethodHandle$Holder.invokeStatic(java.lang.Object, long, java.lang.Object)'> (0x00000000c63892e8) 
thrown [s\src\hotspot\share\interpreter\linkResolver.cpp, line 773]
Event: 11.181 Thread 0x000001b4c8e0ece0 Exception <a 'java/lang/NoSuchMethodError'{0x00000000c638c800}: 'java.lang.Object java.lang.invoke.DirectMethodHandle$Holder.invokeStaticInit(java.lang.Object, long, java.lang.Object)'> (0x00000000c638c800) 
thrown [s\src\hotspot\share\interpreter\linkResolver.cpp, line 773]
Event: 11.183 Thread 0x000001b4c8e0ece0 Exception <a 'java/lang/NoSuchMethodError'{0x00000000c6391d18}: 'java.lang.Object java.lang.invoke.DirectMethodHandle$Holder.newInvokeSpecial(java.lang.Object, long)'> (0x00000000c6391d18) 
thrown [s\src\hotspot\share\interpreter\linkResolver.cpp, line 773]
Event: 11.185 Thread 0x000001b4c8e0ece0 Exception <a 'java/lang/NoSuchMethodError'{0x00000000c63966e0}: 'long java.lang.invoke.DirectMethodHandle$Holder.invokeInterface(java.lang.Object, java.lang.Object)'> (0x00000000c63966e0) 
thrown [s\src\hotspot\share\interpreter\linkResolver.cpp, line 773]
Event: 11.186 Thread 0x000001b4c8e0ece0 Exception <a 'java/lang/NoSuchMethodError'{0x00000000c639a798}: 'long java.lang.invoke.DelegatingMethodHandle$Holder.reinvoke_L(java.lang.Object, java.lang.Object)'> (0x00000000c639a798) 
thrown [s\src\hotspot\share\interpreter\linkResolver.cpp, line 773]
Event: 11.516 Thread 0x000001b4e6b0f7e0 Exception <a 'java/lang/NoSuchMethodError'{0x00000000c6cf6cb8}: 'java.lang.Object java.lang.invoke.Invokers$Holder.invokeExact_MT(java.lang.Object, java.lang.Object, java.lang.Object, java.lang.Object, java.lang.Object, java.lang.Object)'> (0x00000000c6cf6cb8) 
thrown [s\src\hotspot\share\interpreter\linkResolver.cpp, line 773]
Event: 11.572 Thread 0x000001b4e6b0f7e0 Exception <a 'java/lang/NoSuchMethodError'{0x00000000c6bdb170}: 'void java.lang.invoke.DirectMethodHandle$Holder.invokeStaticInit(java.lang.Object, java.lang.Object)'> (0x00000000c6bdb170) 
thrown [s\src\hotspot\share\interpreter\linkResolver.cpp, line 773]
Event: 12.029 Thread 0x000001b4e6b0f7e0 Exception <a 'java/lang/NoClassDefFoundError'{0x00000000c746a6a0}: org/codehaus/plexus/util/io/CachingOutputStream> (0x00000000c746a6a0) 
thrown [s\src\hotspot\share\classfile\systemDictionary.cpp, line 301]
Event: 12.103 Thread 0x000001b4e6b0f7e0 Exception <a 'java/lang/NoSuchMethodError'{0x00000000c851ccb0}: 'void java.lang.invoke.DirectMethodHandle$Holder.invokeStatic(java.lang.Object, java.lang.Object, java.lang.Object, java.lang.Object)'> (0x00000000c851ccb0) 
thrown [s\src\hotspot\share\interpreter\linkResolver.cpp, line 773]

ZGC Phase Switch (0 events):
No events

VM Operations (20 events):
Event: 11.576 Executing VM operation: G1TryInitiateConcMark (G1 Humongous Allocation)
Event: 11.586 Executing VM operation: G1TryInitiateConcMark (G1 Humongous Allocation) done
Event: 11.586 Executing VM operation: G1TryInitiateConcMark (G1 Humongous Allocation)
Event: 11.592 Executing VM operation: G1TryInitiateConcMark (G1 Humongous Allocation) done
Event: 11.604 Executing VM operation: HandshakeAllThreads (Deoptimize)
Event: 11.604 Executing VM operation: HandshakeAllThreads (Deoptimize) done
Event: 11.639 Executing VM operation: HandshakeAllThreads (Deoptimize)
Event: 11.639 Executing VM operation: HandshakeAllThreads (Deoptimize) done
Event: 11.640 Executing VM operation: HandshakeAllThreads (Deoptimize)
Event: 11.641 Executing VM operation: HandshakeAllThreads (Deoptimize) done
Event: 11.649 Executing VM operation: G1PauseRemark
Event: 11.655 Executing VM operation: G1PauseRemark done
Event: 11.679 Executing VM operation: G1PauseCleanup
Event: 11.679 Executing VM operation: G1PauseCleanup done
Event: 12.064 Executing VM operation: G1CollectForAllocation (G1 Evacuation Pause)
Event: 12.069 Executing VM operation: G1CollectForAllocation (G1 Evacuation Pause) done
Event: 12.180 Executing VM operation: HandshakeAllThreads (Deoptimize)
Event: 12.180 Executing VM operation: HandshakeAllThreads (Deoptimize) done
Event: 12.205 Executing VM operation: HandshakeAllThreads (Deoptimize)
Event: 12.206 Executing VM operation: HandshakeAllThreads (Deoptimize) done

Memory protections (0 events):
No events

Nmethod flushes (20 events):
Event: 11.654 Thread 0x000001b4ffa14bd0 flushing  nmethod 0x000001b4efb81810
Event: 11.654 Thread 0x000001b4ffa14bd0 flushing  nmethod 0x000001b4efb81f90
Event: 11.654 Thread 0x000001b4ffa14bd0 flushing  nmethod 0x000001b4efb84e90
Event: 11.654 Thread 0x000001b4ffa14bd0 flushing  nmethod 0x000001b4efb8d790
Event: 11.654 Thread 0x000001b4ffa14bd0 flushing  nmethod 0x000001b4efbb2990
Event: 11.654 Thread 0x000001b4ffa14bd0 flushing osr nmethod 0x000001b4efbf0010
Event: 11.654 Thread 0x000001b4ffa14bd0 flushing  nmethod 0x000001b4efc7b190
Event: 11.654 Thread 0x000001b4ffa14bd0 flushing  nmethod 0x000001b4efc7bb10
Event: 11.654 Thread 0x000001b4ffa14bd0 flushing  nmethod 0x000001b4efc7c010
Event: 11.654 Thread 0x000001b4ffa14bd0 flushing  nmethod 0x000001b4efc7c410
Event: 11.654 Thread 0x000001b4ffa14bd0 flushing  nmethod 0x000001b4efc7cd10
Event: 11.654 Thread 0x000001b4ffa14bd0 flushing  nmethod 0x000001b4efc7d890
Event: 11.654 Thread 0x000001b4ffa14bd0 flushing  nmethod 0x000001b4efc8c710
Event: 11.654 Thread 0x000001b4ffa14bd0 flushing  nmethod 0x000001b4efc8cd10
Event: 11.654 Thread 0x000001b4ffa14bd0 flushing  nmethod 0x000001b4efc8e390
Event: 11.654 Thread 0x000001b4ffa14bd0 flushing  nmethod 0x000001b4efc8ed90
Event: 11.654 Thread 0x000001b4ffa14bd0 flushing  nmethod 0x000001b4efc8fb90
Event: 11.654 Thread 0x000001b4ffa14bd0 flushing  nmethod 0x000001b4efcac290
Event: 11.654 Thread 0x000001b4ffa14bd0 flushing  nmethod 0x000001b4efcbcd90
Event: 11.654 Thread 0x000001b4ffa14bd0 flushing  nmethod 0x000001b4efcc1110

Events (20 events):
Event: 0.056 Thread 0x000001b4e6b0f7e0 Thread added: 0x000001b4ffa2b3c0
Event: 0.056 Thread 0x000001b4e6b0f7e0 Thread added: 0x000001b4ffa2c010
Event: 0.056 Thread 0x000001b4e6b0f7e0 Thread added: 0x000001b4ffa33890
Event: 0.056 Thread 0x000001b4e6b0f7e0 Thread added: 0x000001b4ffa38a60
Event: 0.056 Thread 0x000001b4e6b0f7e0 Thread added: 0x000001b4ffa3a020
Event: 0.056 Thread 0x000001b4e6b0f7e0 Thread added: 0x000001b4ffa3b710
Event: 0.057 Thread 0x000001b4e6b0f7e0 Thread added: 0x000001b4ffa46050
Event: 0.057 Thread 0x000001b4e6b0f7e0 Thread added: 0x000001b4ffa47350
Event: 0.073 Thread 0x000001b4e6b0f7e0 Thread added: 0x000001b4ffc0f610
Event: 0.075 Thread 0x000001b4e6b0f7e0 Thread added: 0x000001b4ffc15c90
Event: 11.170 Thread 0x000001b4e6b0f7e0 Thread added: 0x000001b4c8e0ece0
Event: 11.187 Thread 0x000001b4c8e0ece0 Thread exited: 0x000001b4c8e0ece0
Event: 11.617 Thread 0x000001b4e6b0f7e0 Thread added: 0x000001b4c7a87830
Event: 11.618 Thread 0x000001b4e6b0f7e0 Thread added: 0x000001b4c8433660
Event: 11.619 Thread 0x000001b4e6b0f7e0 Thread added: 0x000001b4ffb5b030
Event: 11.619 Thread 0x000001b4e6b0f7e0 Thread added: 0x000001b4c7cca260
Event: 11.646 Thread 0x000001b4c7a87830 Thread exited: 0x000001b4c7a87830
Event: 11.647 Thread 0x000001b4c8433660 Thread exited: 0x000001b4c8433660
Event: 11.647 Thread 0x000001b4ffb5b030 Thread exited: 0x000001b4ffb5b030
Event: 11.647 Thread 0x000001b4c7cca260 Thread exited: 0x000001b4c7cca260


Dynamic libraries:
0x00007ff7e6c80000 - 0x00007ff7e6c8e000 	C:\Users\darsh\AppData\Local\Programs\Eclipse Adoptium\jdk-21.0.8.9-hotspot\bin\java.exe
0x00007ff991900000 - 0x00007ff991b68000 	C:\WINDOWS\SYSTEM32\ntdll.dll
0x00007ff9903d0000 - 0x00007ff990499000 	C:\WINDOWS\System32\KERNEL32.DLL
0x00007ff98ebc0000 - 0x00007ff98efb2000 	C:\WINDOWS\System32\KERNELBASE.dll
0x00007ff98f1e0000 - 0x00007ff98f32b000 	C:\WINDOWS\System32\ucrtbase.dll
0x00007ff975810000 - 0x00007ff97582e000 	C:\Users\darsh\AppData\Local\Programs\Eclipse Adoptium\jdk-21.0.8.9-hotspot\bin\VCRUNTIME140.dll
0x00007ff9768e0000 - 0x00007ff9768f8000 	C:\Users\darsh\AppData\Local\Programs\Eclipse Adoptium\jdk-21.0.8.9-hotspot\bin\jli.dll
0x00007ff98fc00000 - 0x00007ff98fdc5000 	C:\WINDOWS\System32\USER32.dll
0x00007ff98f530000 - 0x00007ff98f557000 	C:\WINDOWS\System32\win32u.dll
0x00007ff978080000 - 0x00007ff978313000 	C:\WINDOWS\WinSxS\amd64_microsoft.windows.common-controls_6595b64144ccf1df_6.0.26100.6725_none_3e085828e334708b\COMCTL32.dll
0x00007ff990a30000 - 0x00007ff990a5b000 	C:\WINDOWS\System32\GDI32.dll
0x00007ff98fa70000 - 0x00007ff98fb19000 	C:\WINDOWS\System32\msvcrt.dll
0x00007ff98ea90000 - 0x00007ff98ebbd000 	C:\WINDOWS\System32\gdi32full.dll
0x00007ff98f560000 - 0x00007ff98f603000 	C:\WINDOWS\System32\msvcp_win.dll
0x00007ff98f870000 - 0x00007ff98f89f000 	C:\WINDOWS\System32\IMM32.DLL
0x00007ff988ba0000 - 0x00007ff988bac000 	C:\Users\darsh\AppData\Local\Programs\Eclipse Adoptium\jdk-21.0.8.9-hotspot\bin\vcruntime140_1.dll
0x00007ff9496d0000 - 0x00007ff94975d000 	C:\Users\darsh\AppData\Local\Programs\Eclipse Adoptium\jdk-21.0.8.9-hotspot\bin\msvcp140.dll
0x00007ff8fe290000 - 0x00007ff8ff027000 	C:\Users\darsh\AppData\Local\Programs\Eclipse Adoptium\jdk-21.0.8.9-hotspot\bin\server\jvm.dll
0x00007ff98f8b0000 - 0x00007ff98f964000 	C:\WINDOWS\System32\ADVAPI32.dll
0x00007ff98ff60000 - 0x00007ff990006000 	C:\WINDOWS\System32\sechost.dll
0x00007ff98fdd0000 - 0x00007ff98fee8000 	C:\WINDOWS\System32\RPCRT4.dll
0x00007ff9909b0000 - 0x00007ff990a24000 	C:\WINDOWS\System32\WS2_32.dll
0x00007ff98e8f0000 - 0x00007ff98e94e000 	C:\WINDOWS\SYSTEM32\POWRPROF.dll
0x00007ff97e080000 - 0x00007ff97e0b5000 	C:\WINDOWS\SYSTEM32\WINMM.dll
0x00007ff97f6a0000 - 0x00007ff97f6ab000 	C:\WINDOWS\SYSTEM32\VERSION.dll
0x00007ff98e8d0000 - 0x00007ff98e8e4000 	C:\WINDOWS\SYSTEM32\UMPDC.dll
0x00007ff98d840000 - 0x00007ff98d85b000 	C:\WINDOWS\SYSTEM32\kernel.appcore.dll
0x00007ff988b70000 - 0x00007ff988b7a000 	C:\Users\darsh\AppData\Local\Programs\Eclipse Adoptium\jdk-21.0.8.9-hotspot\bin\jimage.dll
0x00007ff98c440000 - 0x00007ff98c682000 	C:\WINDOWS\SYSTEM32\DBGHELP.DLL
0x00007ff991530000 - 0x00007ff9918ab000 	C:\WINDOWS\System32\combase.dll
0x00007ff98fb20000 - 0x00007ff98fbf7000 	C:\WINDOWS\System32\OLEAUT32.dll
0x00007ff971f10000 - 0x00007ff971f4c000 	C:\WINDOWS\SYSTEM32\dbgcore.DLL
0x00007ff98f140000 - 0x00007ff98f1d8000 	C:\WINDOWS\System32\bcryptPrimitives.dll
0x00007ff968860000 - 0x00007ff96887f000 	C:\Users\darsh\AppData\Local\Programs\Eclipse Adoptium\jdk-21.0.8.9-hotspot\bin\java.dll
0x00007ff990a70000 - 0x00007ff9911bc000 	C:\WINDOWS\System32\SHELL32.dll
0x00007ff98f3c0000 - 0x00007ff98f52b000 	C:\WINDOWS\System32\wintypes.dll
0x00007ff98c6c0000 - 0x00007ff98cf1d000 	C:\WINDOWS\SYSTEM32\windows.storage.dll
0x00007ff990070000 - 0x00007ff990162000 	C:\WINDOWS\System32\SHCORE.dll
0x00007ff98fef0000 - 0x00007ff98ff52000 	C:\WINDOWS\System32\shlwapi.dll
0x00007ff98e9b0000 - 0x00007ff98e9d9000 	C:\WINDOWS\SYSTEM32\profapi.dll
0x00007ff93e230000 - 0x00007ff93e307000 	C:\Users\darsh\AppData\Local\Programs\Eclipse Adoptium\jdk-21.0.8.9-hotspot\bin\jsvml.dll
0x00007ff982470000 - 0x00007ff982480000 	C:\Users\darsh\AppData\Local\Programs\Eclipse Adoptium\jdk-21.0.8.9-hotspot\bin\net.dll
0x00007ff980cd0000 - 0x00007ff980def000 	C:\WINDOWS\SYSTEM32\WINHTTP.dll
0x00007ff98ddd0000 - 0x00007ff98de3b000 	C:\WINDOWS\system32\mswsock.dll
0x00007ff95fe30000 - 0x00007ff95fe46000 	C:\Users\darsh\AppData\Local\Programs\Eclipse Adoptium\jdk-21.0.8.9-hotspot\bin\nio.dll
0x00007ff95fdf0000 - 0x00007ff95fe08000 	C:\Users\darsh\AppData\Local\Programs\Eclipse Adoptium\jdk-21.0.8.9-hotspot\bin\zip.dll
0x0000000069ac0000 - 0x0000000069ae4000 	C:\Program Files\Apache\Maven\apache-maven-3.8.9\lib\jansi-native\Windows\x86_64\jansi.dll
0x00007ff976210000 - 0x00007ff976220000 	C:\Users\darsh\AppData\Local\Programs\Eclipse Adoptium\jdk-21.0.8.9-hotspot\bin\verify.dll
0x00007ff98d980000 - 0x00007ff98d9b6000 	C:\WINDOWS\SYSTEM32\ntmarta.dll

JVMTI agents: none

dbghelp: loaded successfully - version: 4.0.5 - missing functions: none
symbol engine: initialized successfully - sym options: 0x614 - pdb path: .;C:\Users\darsh\AppData\Local\Programs\Eclipse Adoptium\jdk-21.0.8.9-hotspot\bin;C:\WINDOWS\SYSTEM32;C:\WINDOWS\WinSxS\amd64_microsoft.windows.common-controls_6595b64144ccf1df_6.0.26100.6725_none_3e085828e334708b;C:\Users\darsh\AppData\Local\Programs\Eclipse Adoptium\jdk-21.0.8.9-hotspot\bin\server;C:\Program Files\Apache\Maven\apache-maven-3.8.9\lib\jansi-native\Windows\x86_64

VM Arguments:
jvm_args: -Dclassworlds.conf=C:\Program Files\Apache\Maven\apache-maven-3.8.9\bin\m2.conf -Dmaven.home=C:\Program Files\Apache\Maven\apache-maven-3.8.9 -Dlibrary.jansi.path=C:\Program Files\Apache\Maven\apache-maven-3.8.9\lib\jansi-native -Dmaven.multiModuleProjectDirectory=C:\Users\darsh\OneDrive\Desktop\Downloads\Medisphere\Medisphere\Medisphere 
java_command: org.codehaus.plexus.classworlds.launcher.Launcher clean install -DskipTests
java_class_path (initial): C:\Program Files\Apache\Maven\apache-maven-3.8.9\boot\plexus-classworlds-2.6.0.jar
Launcher Type: SUN_STANDARD

[Global flags]
     intx CICompilerCount                          = 3                                         {product} {ergonomic}
     uint ConcGCThreads                            = 1                                         {product} {ergonomic}
     uint G1ConcRefinementThreads                  = 4                                         {product} {ergonomic}
   size_t G1HeapRegionSize                         = 1048576                                   {product} {ergonomic}
    uintx GCDrainStackTargetSize                   = 64                                        {product} {ergonomic}
   size_t InitialHeapSize                          = 67108864                                  {product} {ergonomic}
   size_t MarkStackSize                            = 4194304                                   {product} {ergonomic}
   size_t MaxHeapSize                              = 1050673152                                {product} {ergonomic}
   size_t MaxNewSize                               = 630194176                                 {product} {ergonomic}
   size_t MinHeapDeltaBytes                        = 1048576                                   {product} {ergonomic}
   size_t MinHeapSize                              = 8388608                                   {product} {ergonomic}
    uintx NonNMethodCodeHeapSize                   = 5832780                                {pd product} {ergonomic}
    uintx NonProfiledCodeHeapSize                  = 122912730                              {pd product} {ergonomic}
    uintx ProfiledCodeHeapSize                     = 122912730                              {pd product} {ergonomic}
    uintx ReservedCodeCacheSize                    = 251658240                              {pd product} {ergonomic}
     bool SegmentedCodeCache                       = true                                      {product} {ergonomic}
   size_t SoftMaxHeapSize                          = 1050673152                             {manageable} {ergonomic}
     bool UseCompressedOops                        = true                           {product lp64_product} {ergonomic}
     bool UseG1GC                                  = true                                      {product} {ergonomic}
     bool UseLargePagesIndividualAllocation        = false                                  {pd product} {ergonomic}

Logging:
Log output configuration:
 #0: stdout all=warning uptime,level,tags foldmultilines=false
 #1: stderr all=off uptime,level,tags foldmultilines=false

Environment Variables:
PATH=C:\app\darsh\product\21c\dbhomeXE\bin;C:\Program Files\Python312\;C:\WINDOWS\system32;C:\WINDOWS;C:\WINDOWS\System32\Wbem;C:\WINDOWS\System32\WindowsPowerShell\v1.0\;C:\WINDOWS\System32\OpenSSH\;C:\Users\darsh\AppData\Local\Programs\Python\Python313;C:\Users\darsh\AppData\Local\Programs\Python\Python313\Scripts;C:\ProgramData\chocolatey\bin;C:\Users\darsh\AppData\Roaming\Python\Python312\Scripts;C:\Users\darsh\AppData\Roaming\Python\Python312\site-packages;C:\Program Files\MySQL\MySQL Server 8.0\bin;C:\Program Files\PostgreSQL\14\bin;C:\Program Files\mongoshell\mongosh-2.4.2-win32-x64\bin;C:\Program Files\MongoDB\Server\7.0\bin;C:\Users\darsh\Downloads\mongodb-database-tools-windows-x86_64-100.12.0\mongodb-database-tools-windows-x86_64-100.12.0\bin;C:\Program Files\Git\cmd;C:\Program Files\nodejs\;C:\Program Files\Git LFS;C:\Program Files\Docker\Docker\resources\bin;C:\Program Files\Apache\Maven\apache-maven-3.8.9\bin;C:\Users\darsh\AppData\Local\Programs\Eclipse Adoptium\jdk-21.0.8.9-hotspot\bin;C:\Users\darsh\AppData\Local\Programs\Python\Launcher\;C:\Users\darsh\AppData\Local\Microsoft\WindowsApps;C:\Users\darsh\AppData\Local\Programs\Microsoft VS Code\bin;C:\Users\darsh\PyCharm Community Edition 2024.3.1.1\bin;;C:\Users\darsh\AppData\Local\GitHubDesktop\bin;C:\ProgramData\darsh\GitHubDesktop\bin;C:\Users\Darsh\AppData\Local\Programs\Python\Python313\;C:\Users\darsh\AppData\Roaming\npm;C:\Program Files\JetBrains\IntelliJ IDEA Community Edition 2025.2\bin
USERNAME=darsh
LANG=en_US.UTF-8
OS=Windows_NT
PROCESSOR_IDENTIFIER=Intel64 Family 6 Model 142 Stepping 10, GenuineIntel
TMP=C:\Users\darsh\AppData\Local\Temp
TEMP=C:\Users\darsh\AppData\Local\Temp




Periodic native trim disabled

---------------  S Y S T E M  ---------------

OS:
 Windows 11 , 64 bit Build 26100 (10.0.26100.6725)
OS uptime: 0 days 2:25 hours
Hyper-V role detected

CPU: total 4 (initial active 4) (2 cores per cpu, 2 threads per core) family 6 model 142 stepping 10 microcode 0xe0, cx8, cmov, fxsr, ht, mmx, 3dnowpref, sse, sse2, sse3, ssse3, sse4.1, sse4.2, popcnt, lzcnt, tsc, tscinvbit, avx, avx2, aes, erms, clmul, bmi1, bmi2, adx, fma, vzeroupper, clflush, clflushopt, hv, rdtscp, f16c
Processor Information for the first 4 processors :
  Max Mhz: 2208, Current Mhz: 2208, Mhz Limit: 2208

Memory: 4k page, system-wide physical 4001M (345M free)
TotalPageFile size 12193M (AvailPageFile size 0M)
current process WorkingSet (physical memory assigned to process): 292M, peak: 292M
current process commit charge ("private bytes"): 328M, peak: 328M

vm_info: OpenJDK 64-Bit Server VM (21.0.8+9-LTS) for windows-amd64 JRE (21.0.8+9-LTS), built on 2025-07-15T00:00:00Z by "admin" with MS VC++ 17.7 (VS2022)

END.
